running pytest
Searching for mock
Best match: mock 3.0.5
Processing mock-3.0.5-py3.7.egg

Using /home/matthias.barth/test/pytorch_geometric/.eggs/mock-3.0.5-py3.7.egg
Searching for pytest-cov
Best match: pytest-cov 2.7.1
Processing pytest_cov-2.7.1-py3.7.egg

Using /home/matthias.barth/test/pytorch_geometric/.eggs/pytest_cov-2.7.1-py3.7.egg
Searching for pytest
Best match: pytest 5.1.2
Processing pytest-5.1.2-py3.7.egg

Using /home/matthias.barth/test/pytorch_geometric/.eggs/pytest-5.1.2-py3.7.egg
Searching for coverage>=4.4
Best match: coverage 5.0a6
Processing coverage-5.0a6-py3.7-linux-x86_64.egg

Using /home/matthias.barth/test/pytorch_geometric/.eggs/coverage-5.0a6-py3.7-linux-x86_64.egg
Searching for wcwidth
Best match: wcwidth 0.1.7
Processing wcwidth-0.1.7-py3.7.egg

Using /home/matthias.barth/test/pytorch_geometric/.eggs/wcwidth-0.1.7-py3.7.egg
Searching for py>=1.5.0
Best match: py 1.8.0
Processing py-1.8.0-py3.7.egg

Using /home/matthias.barth/test/pytorch_geometric/.eggs/py-1.8.0-py3.7.egg
Searching for pluggy<1.0,>=0.12
Best match: pluggy 0.13.0
Processing pluggy-0.13.0-py3.7.egg

Using /home/matthias.barth/test/pytorch_geometric/.eggs/pluggy-0.13.0-py3.7.egg
Searching for packaging
Best match: packaging 19.1
Processing packaging-19.1-py3.7.egg

Using /home/matthias.barth/test/pytorch_geometric/.eggs/packaging-19.1-py3.7.egg
Searching for more-itertools>=4.0.0
Best match: more-itertools 7.2.0
Processing more_itertools-7.2.0-py3.7.egg

Using /home/matthias.barth/test/pytorch_geometric/.eggs/more_itertools-7.2.0-py3.7.egg
Searching for importlib-metadata>=0.12
Best match: importlib-metadata 0.21
Processing importlib_metadata-0.21-py3.7.egg

Using /home/matthias.barth/test/pytorch_geometric/.eggs/importlib_metadata-0.21-py3.7.egg
Searching for attrs>=17.4.0
Best match: attrs 19.1.0
Processing attrs-19.1.0-py3.7.egg

Using /home/matthias.barth/test/pytorch_geometric/.eggs/attrs-19.1.0-py3.7.egg
Searching for atomicwrites>=1.0
Best match: atomicwrites 1.3.0
Processing atomicwrites-1.3.0-py3.7.egg

Using /home/matthias.barth/test/pytorch_geometric/.eggs/atomicwrites-1.3.0-py3.7.egg
Searching for zipp>=0.5
Best match: zipp 0.6.0
Processing zipp-0.6.0-py3.7.egg

Using /home/matthias.barth/test/pytorch_geometric/.eggs/zipp-0.6.0-py3.7.egg
running egg_info
writing torch_geometric.egg-info/PKG-INFO
writing dependency_links to torch_geometric.egg-info/dependency_links.txt
writing requirements to torch_geometric.egg-info/requires.txt
writing top-level names to torch_geometric.egg-info/top_level.txt
reading manifest file 'torch_geometric.egg-info/SOURCES.txt'
reading manifest template 'MANIFEST.in'
writing manifest file 'torch_geometric.egg-info/SOURCES.txt'
running build_ext
============================= test session starts ==============================
platform linux -- Python 3.7.4, pytest-5.1.2, py-1.8.0, pluggy-0.13.0
rootdir: /home/matthias.barth/test/pytorch_geometric, inifile: setup.cfg
plugins: cov-2.7.1
collected 0 items / 121 errors

==================================== ERRORS ====================================
_____________________ ERROR collecting test/test_debug.py ______________________
ImportError while importing test module '/home/matthias.barth/test/pytorch_geometric/test/test_debug.py'.
Hint: make sure your test modules/packages have valid Python names.
Traceback:
test/test_debug.py:1: in <module>
    from torch_geometric import is_debug_enabled, debug, set_debug
torch_geometric/__init__.py:2: in <module>
    import torch_geometric.nn
torch_geometric/nn/__init__.py:2: in <module>
    from .data_parallel import DataParallel
torch_geometric/nn/data_parallel.py:5: in <module>
    from torch_geometric.data import Batch
torch_geometric/data/__init__.py:1: in <module>
    from .data import Data
torch_geometric/data/data.py:7: in <module>
    from torch_sparse import coalesce
../../miniconda3/envs/test/lib/python3.7/site-packages/torch_sparse-0.4.0-py3.7-linux-x86_64.egg/torch_sparse/__init__.py:2: in <module>
    from .coalesce import coalesce
../../miniconda3/envs/test/lib/python3.7/site-packages/torch_sparse-0.4.0-py3.7-linux-x86_64.egg/torch_sparse/coalesce.py:2: in <module>
    import torch_scatter
../../miniconda3/envs/test/lib/python3.7/site-packages/torch_scatter-1.3.1-py3.7-linux-x86_64.egg/torch_scatter/__init__.py:3: in <module>
    from .mul import scatter_mul
../../miniconda3/envs/test/lib/python3.7/site-packages/torch_scatter-1.3.1-py3.7-linux-x86_64.egg/torch_scatter/mul.py:3: in <module>
    from torch_scatter.utils.ext import get_func
../../miniconda3/envs/test/lib/python3.7/site-packages/torch_scatter-1.3.1-py3.7-linux-x86_64.egg/torch_scatter/utils/ext.py:2: in <module>
    import torch_scatter.scatter_cpu
E   ImportError: /home/matthias.barth/miniconda3/envs/test/lib/python3.7/site-packages/torch_scatter-1.3.1-py3.7-linux-x86_64.egg/torch_scatter/scatter_cpu.cpython-37m-x86_64-linux-gnu.so: undefined symbol: _ZN6caffe26detail37_typeMetaDataInstance_preallocated_32E
___________________ ERROR collecting test/data/test_batch.py ___________________
ImportError while importing test module '/home/matthias.barth/test/pytorch_geometric/test/data/test_batch.py'.
Hint: make sure your test modules/packages have valid Python names.
Traceback:
test/data/test_batch.py:2: in <module>
    import torch_geometric
torch_geometric/__init__.py:2: in <module>
    import torch_geometric.nn
torch_geometric/nn/__init__.py:2: in <module>
    from .data_parallel import DataParallel
torch_geometric/nn/data_parallel.py:5: in <module>
    from torch_geometric.data import Batch
torch_geometric/data/__init__.py:1: in <module>
    from .data import Data
torch_geometric/data/data.py:7: in <module>
    from torch_sparse import coalesce
../../miniconda3/envs/test/lib/python3.7/site-packages/torch_sparse-0.4.0-py3.7-linux-x86_64.egg/torch_sparse/__init__.py:2: in <module>
    from .coalesce import coalesce
../../miniconda3/envs/test/lib/python3.7/site-packages/torch_sparse-0.4.0-py3.7-linux-x86_64.egg/torch_sparse/coalesce.py:2: in <module>
    import torch_scatter
../../miniconda3/envs/test/lib/python3.7/site-packages/torch_scatter-1.3.1-py3.7-linux-x86_64.egg/torch_scatter/__init__.py:3: in <module>
    from .mul import scatter_mul
../../miniconda3/envs/test/lib/python3.7/site-packages/torch_scatter-1.3.1-py3.7-linux-x86_64.egg/torch_scatter/mul.py:3: in <module>
    from torch_scatter.utils.ext import get_func
../../miniconda3/envs/test/lib/python3.7/site-packages/torch_scatter-1.3.1-py3.7-linux-x86_64.egg/torch_scatter/utils/ext.py:2: in <module>
    import torch_scatter.scatter_cpu
E   ImportError: /home/matthias.barth/miniconda3/envs/test/lib/python3.7/site-packages/torch_scatter-1.3.1-py3.7-linux-x86_64.egg/torch_scatter/scatter_cpu.cpython-37m-x86_64-linux-gnu.so: undefined symbol: _ZN6caffe26detail37_typeMetaDataInstance_preallocated_32E
___________________ ERROR collecting test/data/test_data.py ____________________
ImportError while importing test module '/home/matthias.barth/test/pytorch_geometric/test/data/test_data.py'.
Hint: make sure your test modules/packages have valid Python names.
Traceback:
test/data/test_data.py:2: in <module>
    import torch_geometric
torch_geometric/__init__.py:2: in <module>
    import torch_geometric.nn
torch_geometric/nn/__init__.py:2: in <module>
    from .data_parallel import DataParallel
torch_geometric/nn/data_parallel.py:5: in <module>
    from torch_geometric.data import Batch
torch_geometric/data/__init__.py:1: in <module>
    from .data import Data
torch_geometric/data/data.py:7: in <module>
    from torch_sparse import coalesce
../../miniconda3/envs/test/lib/python3.7/site-packages/torch_sparse-0.4.0-py3.7-linux-x86_64.egg/torch_sparse/__init__.py:2: in <module>
    from .coalesce import coalesce
../../miniconda3/envs/test/lib/python3.7/site-packages/torch_sparse-0.4.0-py3.7-linux-x86_64.egg/torch_sparse/coalesce.py:2: in <module>
    import torch_scatter
../../miniconda3/envs/test/lib/python3.7/site-packages/torch_scatter-1.3.1-py3.7-linux-x86_64.egg/torch_scatter/__init__.py:3: in <module>
    from .mul import scatter_mul
../../miniconda3/envs/test/lib/python3.7/site-packages/torch_scatter-1.3.1-py3.7-linux-x86_64.egg/torch_scatter/mul.py:3: in <module>
    from torch_scatter.utils.ext import get_func
../../miniconda3/envs/test/lib/python3.7/site-packages/torch_scatter-1.3.1-py3.7-linux-x86_64.egg/torch_scatter/utils/ext.py:2: in <module>
    import torch_scatter.scatter_cpu
E   ImportError: /home/matthias.barth/miniconda3/envs/test/lib/python3.7/site-packages/torch_scatter-1.3.1-py3.7-linux-x86_64.egg/torch_scatter/scatter_cpu.cpython-37m-x86_64-linux-gnu.so: undefined symbol: _ZN6caffe26detail37_typeMetaDataInstance_preallocated_32E
________________ ERROR collecting test/data/test_dataloader.py _________________
ImportError while importing test module '/home/matthias.barth/test/pytorch_geometric/test/data/test_dataloader.py'.
Hint: make sure your test modules/packages have valid Python names.
Traceback:
test/data/test_dataloader.py:2: in <module>
    from torch_geometric.data import Data, DataLoader
torch_geometric/__init__.py:2: in <module>
    import torch_geometric.nn
torch_geometric/nn/__init__.py:2: in <module>
    from .data_parallel import DataParallel
torch_geometric/nn/data_parallel.py:5: in <module>
    from torch_geometric.data import Batch
torch_geometric/data/__init__.py:1: in <module>
    from .data import Data
torch_geometric/data/data.py:7: in <module>
    from torch_sparse import coalesce
../../miniconda3/envs/test/lib/python3.7/site-packages/torch_sparse-0.4.0-py3.7-linux-x86_64.egg/torch_sparse/__init__.py:2: in <module>
    from .coalesce import coalesce
../../miniconda3/envs/test/lib/python3.7/site-packages/torch_sparse-0.4.0-py3.7-linux-x86_64.egg/torch_sparse/coalesce.py:2: in <module>
    import torch_scatter
../../miniconda3/envs/test/lib/python3.7/site-packages/torch_scatter-1.3.1-py3.7-linux-x86_64.egg/torch_scatter/__init__.py:3: in <module>
    from .mul import scatter_mul
../../miniconda3/envs/test/lib/python3.7/site-packages/torch_scatter-1.3.1-py3.7-linux-x86_64.egg/torch_scatter/mul.py:3: in <module>
    from torch_scatter.utils.ext import get_func
../../miniconda3/envs/test/lib/python3.7/site-packages/torch_scatter-1.3.1-py3.7-linux-x86_64.egg/torch_scatter/utils/ext.py:2: in <module>
    import torch_scatter.scatter_cpu
E   ImportError: /home/matthias.barth/miniconda3/envs/test/lib/python3.7/site-packages/torch_scatter-1.3.1-py3.7-linux-x86_64.egg/torch_scatter/scatter_cpu.cpython-37m-x86_64-linux-gnu.so: undefined symbol: _ZN6caffe26detail37_typeMetaDataInstance_preallocated_32E
__________________ ERROR collecting test/data/test_dataset.py __________________
ImportError while importing test module '/home/matthias.barth/test/pytorch_geometric/test/data/test_dataset.py'.
Hint: make sure your test modules/packages have valid Python names.
Traceback:
test/data/test_dataset.py:2: in <module>
    from torch_geometric.data import Data, InMemoryDataset
torch_geometric/__init__.py:2: in <module>
    import torch_geometric.nn
torch_geometric/nn/__init__.py:2: in <module>
    from .data_parallel import DataParallel
torch_geometric/nn/data_parallel.py:5: in <module>
    from torch_geometric.data import Batch
torch_geometric/data/__init__.py:1: in <module>
    from .data import Data
torch_geometric/data/data.py:7: in <module>
    from torch_sparse import coalesce
../../miniconda3/envs/test/lib/python3.7/site-packages/torch_sparse-0.4.0-py3.7-linux-x86_64.egg/torch_sparse/__init__.py:2: in <module>
    from .coalesce import coalesce
../../miniconda3/envs/test/lib/python3.7/site-packages/torch_sparse-0.4.0-py3.7-linux-x86_64.egg/torch_sparse/coalesce.py:2: in <module>
    import torch_scatter
../../miniconda3/envs/test/lib/python3.7/site-packages/torch_scatter-1.3.1-py3.7-linux-x86_64.egg/torch_scatter/__init__.py:3: in <module>
    from .mul import scatter_mul
../../miniconda3/envs/test/lib/python3.7/site-packages/torch_scatter-1.3.1-py3.7-linux-x86_64.egg/torch_scatter/mul.py:3: in <module>
    from torch_scatter.utils.ext import get_func
../../miniconda3/envs/test/lib/python3.7/site-packages/torch_scatter-1.3.1-py3.7-linux-x86_64.egg/torch_scatter/utils/ext.py:2: in <module>
    import torch_scatter.scatter_cpu
E   ImportError: /home/matthias.barth/miniconda3/envs/test/lib/python3.7/site-packages/torch_scatter-1.3.1-py3.7-linux-x86_64.egg/torch_scatter/scatter_cpu.cpython-37m-x86_64-linux-gnu.so: undefined symbol: _ZN6caffe26detail37_typeMetaDataInstance_preallocated_32E
__________________ ERROR collecting test/data/test_inherit.py __________________
ImportError while importing test module '/home/matthias.barth/test/pytorch_geometric/test/data/test_inherit.py'.
Hint: make sure your test modules/packages have valid Python names.
Traceback:
test/data/test_inherit.py:2: in <module>
    from torch_geometric.data import Data, InMemoryDataset, Dataset
torch_geometric/__init__.py:2: in <module>
    import torch_geometric.nn
torch_geometric/nn/__init__.py:2: in <module>
    from .data_parallel import DataParallel
torch_geometric/nn/data_parallel.py:5: in <module>
    from torch_geometric.data import Batch
torch_geometric/data/__init__.py:1: in <module>
    from .data import Data
torch_geometric/data/data.py:7: in <module>
    from torch_sparse import coalesce
../../miniconda3/envs/test/lib/python3.7/site-packages/torch_sparse-0.4.0-py3.7-linux-x86_64.egg/torch_sparse/__init__.py:2: in <module>
    from .coalesce import coalesce
../../miniconda3/envs/test/lib/python3.7/site-packages/torch_sparse-0.4.0-py3.7-linux-x86_64.egg/torch_sparse/coalesce.py:2: in <module>
    import torch_scatter
../../miniconda3/envs/test/lib/python3.7/site-packages/torch_scatter-1.3.1-py3.7-linux-x86_64.egg/torch_scatter/__init__.py:3: in <module>
    from .mul import scatter_mul
../../miniconda3/envs/test/lib/python3.7/site-packages/torch_scatter-1.3.1-py3.7-linux-x86_64.egg/torch_scatter/mul.py:3: in <module>
    from torch_scatter.utils.ext import get_func
../../miniconda3/envs/test/lib/python3.7/site-packages/torch_scatter-1.3.1-py3.7-linux-x86_64.egg/torch_scatter/utils/ext.py:2: in <module>
    import torch_scatter.scatter_cpu
E   ImportError: /home/matthias.barth/miniconda3/envs/test/lib/python3.7/site-packages/torch_scatter-1.3.1-py3.7-linux-x86_64.egg/torch_scatter/scatter_cpu.cpython-37m-x86_64-linux-gnu.so: undefined symbol: _ZN6caffe26detail37_typeMetaDataInstance_preallocated_32E
__________________ ERROR collecting test/data/test_sampler.py __________________
ImportError while importing test module '/home/matthias.barth/test/pytorch_geometric/test/data/test_sampler.py'.
Hint: make sure your test modules/packages have valid Python names.
Traceback:
test/data/test_sampler.py:9: in <module>
    from torch_geometric.utils import erdos_renyi_graph
torch_geometric/__init__.py:2: in <module>
    import torch_geometric.nn
torch_geometric/nn/__init__.py:2: in <module>
    from .data_parallel import DataParallel
torch_geometric/nn/data_parallel.py:5: in <module>
    from torch_geometric.data import Batch
torch_geometric/data/__init__.py:1: in <module>
    from .data import Data
torch_geometric/data/data.py:7: in <module>
    from torch_sparse import coalesce
../../miniconda3/envs/test/lib/python3.7/site-packages/torch_sparse-0.4.0-py3.7-linux-x86_64.egg/torch_sparse/__init__.py:2: in <module>
    from .coalesce import coalesce
../../miniconda3/envs/test/lib/python3.7/site-packages/torch_sparse-0.4.0-py3.7-linux-x86_64.egg/torch_sparse/coalesce.py:2: in <module>
    import torch_scatter
../../miniconda3/envs/test/lib/python3.7/site-packages/torch_scatter-1.3.1-py3.7-linux-x86_64.egg/torch_scatter/__init__.py:3: in <module>
    from .mul import scatter_mul
../../miniconda3/envs/test/lib/python3.7/site-packages/torch_scatter-1.3.1-py3.7-linux-x86_64.egg/torch_scatter/mul.py:3: in <module>
    from torch_scatter.utils.ext import get_func
../../miniconda3/envs/test/lib/python3.7/site-packages/torch_scatter-1.3.1-py3.7-linux-x86_64.egg/torch_scatter/utils/ext.py:2: in <module>
    import torch_scatter.scatter_cpu
E   ImportError: /home/matthias.barth/miniconda3/envs/test/lib/python3.7/site-packages/torch_scatter-1.3.1-py3.7-linux-x86_64.egg/torch_scatter/scatter_cpu.cpython-37m-x86_64-linux-gnu.so: undefined symbol: _ZN6caffe26detail37_typeMetaDataInstance_preallocated_32E
________________ ERROR collecting test/datasets/test_enzymes.py ________________
ImportError while importing test module '/home/matthias.barth/test/pytorch_geometric/test/datasets/test_enzymes.py'.
Hint: make sure your test modules/packages have valid Python names.
Traceback:
test/datasets/test_enzymes.py:10: in <module>
    from torch_geometric.datasets import TUDataset
torch_geometric/__init__.py:2: in <module>
    import torch_geometric.nn
torch_geometric/nn/__init__.py:2: in <module>
    from .data_parallel import DataParallel
torch_geometric/nn/data_parallel.py:5: in <module>
    from torch_geometric.data import Batch
torch_geometric/data/__init__.py:1: in <module>
    from .data import Data
torch_geometric/data/data.py:7: in <module>
    from torch_sparse import coalesce
../../miniconda3/envs/test/lib/python3.7/site-packages/torch_sparse-0.4.0-py3.7-linux-x86_64.egg/torch_sparse/__init__.py:2: in <module>
    from .coalesce import coalesce
../../miniconda3/envs/test/lib/python3.7/site-packages/torch_sparse-0.4.0-py3.7-linux-x86_64.egg/torch_sparse/coalesce.py:2: in <module>
    import torch_scatter
../../miniconda3/envs/test/lib/python3.7/site-packages/torch_scatter-1.3.1-py3.7-linux-x86_64.egg/torch_scatter/__init__.py:3: in <module>
    from .mul import scatter_mul
../../miniconda3/envs/test/lib/python3.7/site-packages/torch_scatter-1.3.1-py3.7-linux-x86_64.egg/torch_scatter/mul.py:3: in <module>
    from torch_scatter.utils.ext import get_func
../../miniconda3/envs/test/lib/python3.7/site-packages/torch_scatter-1.3.1-py3.7-linux-x86_64.egg/torch_scatter/utils/ext.py:2: in <module>
    import torch_scatter.scatter_cpu
E   ImportError: /home/matthias.barth/miniconda3/envs/test/lib/python3.7/site-packages/torch_scatter-1.3.1-py3.7-linux-x86_64.egg/torch_scatter/scatter_cpu.cpython-37m-x86_64-linux-gnu.so: undefined symbol: _ZN6caffe26detail37_typeMetaDataInstance_preallocated_32E
________________ ERROR collecting test/datasets/test_karate.py _________________
ImportError while importing test module '/home/matthias.barth/test/pytorch_geometric/test/datasets/test_karate.py'.
Hint: make sure your test modules/packages have valid Python names.
Traceback:
test/datasets/test_karate.py:1: in <module>
    from torch_geometric.datasets import KarateClub
torch_geometric/__init__.py:2: in <module>
    import torch_geometric.nn
torch_geometric/nn/__init__.py:2: in <module>
    from .data_parallel import DataParallel
torch_geometric/nn/data_parallel.py:5: in <module>
    from torch_geometric.data import Batch
torch_geometric/data/__init__.py:1: in <module>
    from .data import Data
torch_geometric/data/data.py:7: in <module>
    from torch_sparse import coalesce
../../miniconda3/envs/test/lib/python3.7/site-packages/torch_sparse-0.4.0-py3.7-linux-x86_64.egg/torch_sparse/__init__.py:2: in <module>
    from .coalesce import coalesce
../../miniconda3/envs/test/lib/python3.7/site-packages/torch_sparse-0.4.0-py3.7-linux-x86_64.egg/torch_sparse/coalesce.py:2: in <module>
    import torch_scatter
../../miniconda3/envs/test/lib/python3.7/site-packages/torch_scatter-1.3.1-py3.7-linux-x86_64.egg/torch_scatter/__init__.py:3: in <module>
    from .mul import scatter_mul
../../miniconda3/envs/test/lib/python3.7/site-packages/torch_scatter-1.3.1-py3.7-linux-x86_64.egg/torch_scatter/mul.py:3: in <module>
    from torch_scatter.utils.ext import get_func
../../miniconda3/envs/test/lib/python3.7/site-packages/torch_scatter-1.3.1-py3.7-linux-x86_64.egg/torch_scatter/utils/ext.py:2: in <module>
    import torch_scatter.scatter_cpu
E   ImportError: /home/matthias.barth/miniconda3/envs/test/lib/python3.7/site-packages/torch_scatter-1.3.1-py3.7-linux-x86_64.egg/torch_scatter/scatter_cpu.cpython-37m-x86_64-linux-gnu.so: undefined symbol: _ZN6caffe26detail37_typeMetaDataInstance_preallocated_32E
_________________ ERROR collecting test/datasets/test_mutag.py _________________
ImportError while importing test module '/home/matthias.barth/test/pytorch_geometric/test/datasets/test_mutag.py'.
Hint: make sure your test modules/packages have valid Python names.
Traceback:
test/datasets/test_mutag.py:6: in <module>
    from torch_geometric.datasets import TUDataset
torch_geometric/__init__.py:2: in <module>
    import torch_geometric.nn
torch_geometric/nn/__init__.py:2: in <module>
    from .data_parallel import DataParallel
torch_geometric/nn/data_parallel.py:5: in <module>
    from torch_geometric.data import Batch
torch_geometric/data/__init__.py:1: in <module>
    from .data import Data
torch_geometric/data/data.py:7: in <module>
    from torch_sparse import coalesce
../../miniconda3/envs/test/lib/python3.7/site-packages/torch_sparse-0.4.0-py3.7-linux-x86_64.egg/torch_sparse/__init__.py:2: in <module>
    from .coalesce import coalesce
../../miniconda3/envs/test/lib/python3.7/site-packages/torch_sparse-0.4.0-py3.7-linux-x86_64.egg/torch_sparse/coalesce.py:2: in <module>
    import torch_scatter
../../miniconda3/envs/test/lib/python3.7/site-packages/torch_scatter-1.3.1-py3.7-linux-x86_64.egg/torch_scatter/__init__.py:3: in <module>
    from .mul import scatter_mul
../../miniconda3/envs/test/lib/python3.7/site-packages/torch_scatter-1.3.1-py3.7-linux-x86_64.egg/torch_scatter/mul.py:3: in <module>
    from torch_scatter.utils.ext import get_func
../../miniconda3/envs/test/lib/python3.7/site-packages/torch_scatter-1.3.1-py3.7-linux-x86_64.egg/torch_scatter/utils/ext.py:2: in <module>
    import torch_scatter.scatter_cpu
E   ImportError: /home/matthias.barth/miniconda3/envs/test/lib/python3.7/site-packages/torch_scatter-1.3.1-py3.7-linux-x86_64.egg/torch_scatter/scatter_cpu.cpython-37m-x86_64-linux-gnu.so: undefined symbol: _ZN6caffe26detail37_typeMetaDataInstance_preallocated_32E
_______________ ERROR collecting test/datasets/test_planetoid.py _______________
ImportError while importing test module '/home/matthias.barth/test/pytorch_geometric/test/datasets/test_planetoid.py'.
Hint: make sure your test modules/packages have valid Python names.
Traceback:
test/datasets/test_planetoid.py:6: in <module>
    from torch_geometric.datasets import Planetoid
torch_geometric/__init__.py:2: in <module>
    import torch_geometric.nn
torch_geometric/nn/__init__.py:2: in <module>
    from .data_parallel import DataParallel
torch_geometric/nn/data_parallel.py:5: in <module>
    from torch_geometric.data import Batch
torch_geometric/data/__init__.py:1: in <module>
    from .data import Data
torch_geometric/data/data.py:7: in <module>
    from torch_sparse import coalesce
../../miniconda3/envs/test/lib/python3.7/site-packages/torch_sparse-0.4.0-py3.7-linux-x86_64.egg/torch_sparse/__init__.py:2: in <module>
    from .coalesce import coalesce
../../miniconda3/envs/test/lib/python3.7/site-packages/torch_sparse-0.4.0-py3.7-linux-x86_64.egg/torch_sparse/coalesce.py:2: in <module>
    import torch_scatter
../../miniconda3/envs/test/lib/python3.7/site-packages/torch_scatter-1.3.1-py3.7-linux-x86_64.egg/torch_scatter/__init__.py:3: in <module>
    from .mul import scatter_mul
../../miniconda3/envs/test/lib/python3.7/site-packages/torch_scatter-1.3.1-py3.7-linux-x86_64.egg/torch_scatter/mul.py:3: in <module>
    from torch_scatter.utils.ext import get_func
../../miniconda3/envs/test/lib/python3.7/site-packages/torch_scatter-1.3.1-py3.7-linux-x86_64.egg/torch_scatter/utils/ext.py:2: in <module>
    import torch_scatter.scatter_cpu
E   ImportError: /home/matthias.barth/miniconda3/envs/test/lib/python3.7/site-packages/torch_scatter-1.3.1-py3.7-linux-x86_64.egg/torch_scatter/scatter_cpu.cpython-37m-x86_64-linux-gnu.so: undefined symbol: _ZN6caffe26detail37_typeMetaDataInstance_preallocated_32E
________________ ERROR collecting test/nn/test_data_parallel.py ________________
ImportError while importing test module '/home/matthias.barth/test/pytorch_geometric/test/nn/test_data_parallel.py'.
Hint: make sure your test modules/packages have valid Python names.
Traceback:
test/nn/test_data_parallel.py:3: in <module>
    from torch_geometric.nn import DataParallel
torch_geometric/__init__.py:2: in <module>
    import torch_geometric.nn
torch_geometric/nn/__init__.py:2: in <module>
    from .data_parallel import DataParallel
torch_geometric/nn/data_parallel.py:5: in <module>
    from torch_geometric.data import Batch
torch_geometric/data/__init__.py:1: in <module>
    from .data import Data
torch_geometric/data/data.py:7: in <module>
    from torch_sparse import coalesce
../../miniconda3/envs/test/lib/python3.7/site-packages/torch_sparse-0.4.0-py3.7-linux-x86_64.egg/torch_sparse/__init__.py:2: in <module>
    from .coalesce import coalesce
../../miniconda3/envs/test/lib/python3.7/site-packages/torch_sparse-0.4.0-py3.7-linux-x86_64.egg/torch_sparse/coalesce.py:2: in <module>
    import torch_scatter
../../miniconda3/envs/test/lib/python3.7/site-packages/torch_scatter-1.3.1-py3.7-linux-x86_64.egg/torch_scatter/__init__.py:3: in <module>
    from .mul import scatter_mul
../../miniconda3/envs/test/lib/python3.7/site-packages/torch_scatter-1.3.1-py3.7-linux-x86_64.egg/torch_scatter/mul.py:3: in <module>
    from torch_scatter.utils.ext import get_func
../../miniconda3/envs/test/lib/python3.7/site-packages/torch_scatter-1.3.1-py3.7-linux-x86_64.egg/torch_scatter/utils/ext.py:2: in <module>
    import torch_scatter.scatter_cpu
E   ImportError: /home/matthias.barth/miniconda3/envs/test/lib/python3.7/site-packages/torch_scatter-1.3.1-py3.7-linux-x86_64.egg/torch_scatter/scatter_cpu.cpython-37m-x86_64-linux-gnu.so: undefined symbol: _ZN6caffe26detail37_typeMetaDataInstance_preallocated_32E
____________________ ERROR collecting test/nn/test_inits.py ____________________
ImportError while importing test module '/home/matthias.barth/test/pytorch_geometric/test/nn/test_inits.py'.
Hint: make sure your test modules/packages have valid Python names.
Traceback:
test/nn/test_inits.py:3: in <module>
    from torch_geometric.nn.inits import uniform, glorot, zeros, ones, reset
torch_geometric/__init__.py:2: in <module>
    import torch_geometric.nn
torch_geometric/nn/__init__.py:2: in <module>
    from .data_parallel import DataParallel
torch_geometric/nn/data_parallel.py:5: in <module>
    from torch_geometric.data import Batch
torch_geometric/data/__init__.py:1: in <module>
    from .data import Data
torch_geometric/data/data.py:7: in <module>
    from torch_sparse import coalesce
../../miniconda3/envs/test/lib/python3.7/site-packages/torch_sparse-0.4.0-py3.7-linux-x86_64.egg/torch_sparse/__init__.py:2: in <module>
    from .coalesce import coalesce
../../miniconda3/envs/test/lib/python3.7/site-packages/torch_sparse-0.4.0-py3.7-linux-x86_64.egg/torch_sparse/coalesce.py:2: in <module>
    import torch_scatter
../../miniconda3/envs/test/lib/python3.7/site-packages/torch_scatter-1.3.1-py3.7-linux-x86_64.egg/torch_scatter/__init__.py:3: in <module>
    from .mul import scatter_mul
../../miniconda3/envs/test/lib/python3.7/site-packages/torch_scatter-1.3.1-py3.7-linux-x86_64.egg/torch_scatter/mul.py:3: in <module>
    from torch_scatter.utils.ext import get_func
../../miniconda3/envs/test/lib/python3.7/site-packages/torch_scatter-1.3.1-py3.7-linux-x86_64.egg/torch_scatter/utils/ext.py:2: in <module>
    import torch_scatter.scatter_cpu
E   ImportError: /home/matthias.barth/miniconda3/envs/test/lib/python3.7/site-packages/torch_scatter-1.3.1-py3.7-linux-x86_64.egg/torch_scatter/scatter_cpu.cpython-37m-x86_64-linux-gnu.so: undefined symbol: _ZN6caffe26detail37_typeMetaDataInstance_preallocated_32E
____________________ ERROR collecting test/nn/test_meta.py _____________________
ImportError while importing test module '/home/matthias.barth/test/pytorch_geometric/test/nn/test_meta.py'.
Hint: make sure your test modules/packages have valid Python names.
Traceback:
test/nn/test_meta.py:4: in <module>
    from torch_scatter import scatter_mean
../../miniconda3/envs/test/lib/python3.7/site-packages/torch_scatter-1.3.1-py3.7-linux-x86_64.egg/torch_scatter/__init__.py:3: in <module>
    from .mul import scatter_mul
../../miniconda3/envs/test/lib/python3.7/site-packages/torch_scatter-1.3.1-py3.7-linux-x86_64.egg/torch_scatter/mul.py:3: in <module>
    from torch_scatter.utils.ext import get_func
../../miniconda3/envs/test/lib/python3.7/site-packages/torch_scatter-1.3.1-py3.7-linux-x86_64.egg/torch_scatter/utils/ext.py:2: in <module>
    import torch_scatter.scatter_cpu
E   ImportError: /home/matthias.barth/miniconda3/envs/test/lib/python3.7/site-packages/torch_scatter-1.3.1-py3.7-linux-x86_64.egg/torch_scatter/scatter_cpu.cpython-37m-x86_64-linux-gnu.so: undefined symbol: _ZN6caffe26detail37_typeMetaDataInstance_preallocated_32E
___________________ ERROR collecting test/nn/test_reshape.py ___________________
ImportError while importing test module '/home/matthias.barth/test/pytorch_geometric/test/nn/test_reshape.py'.
Hint: make sure your test modules/packages have valid Python names.
Traceback:
test/nn/test_reshape.py:2: in <module>
    from torch_geometric.nn.reshape import Reshape
torch_geometric/__init__.py:2: in <module>
    import torch_geometric.nn
torch_geometric/nn/__init__.py:2: in <module>
    from .data_parallel import DataParallel
torch_geometric/nn/data_parallel.py:5: in <module>
    from torch_geometric.data import Batch
torch_geometric/data/__init__.py:1: in <module>
    from .data import Data
torch_geometric/data/data.py:7: in <module>
    from torch_sparse import coalesce
../../miniconda3/envs/test/lib/python3.7/site-packages/torch_sparse-0.4.0-py3.7-linux-x86_64.egg/torch_sparse/__init__.py:2: in <module>
    from .coalesce import coalesce
../../miniconda3/envs/test/lib/python3.7/site-packages/torch_sparse-0.4.0-py3.7-linux-x86_64.egg/torch_sparse/coalesce.py:2: in <module>
    import torch_scatter
../../miniconda3/envs/test/lib/python3.7/site-packages/torch_scatter-1.3.1-py3.7-linux-x86_64.egg/torch_scatter/__init__.py:3: in <module>
    from .mul import scatter_mul
../../miniconda3/envs/test/lib/python3.7/site-packages/torch_scatter-1.3.1-py3.7-linux-x86_64.egg/torch_scatter/mul.py:3: in <module>
    from torch_scatter.utils.ext import get_func
../../miniconda3/envs/test/lib/python3.7/site-packages/torch_scatter-1.3.1-py3.7-linux-x86_64.egg/torch_scatter/utils/ext.py:2: in <module>
    import torch_scatter.scatter_cpu
E   ImportError: /home/matthias.barth/miniconda3/envs/test/lib/python3.7/site-packages/torch_scatter-1.3.1-py3.7-linux-x86_64.egg/torch_scatter/scatter_cpu.cpython-37m-x86_64-linux-gnu.so: undefined symbol: _ZN6caffe26detail37_typeMetaDataInstance_preallocated_32E
_______________ ERROR collecting test/nn/conv/test_agnn_conv.py ________________
ImportError while importing test module '/home/matthias.barth/test/pytorch_geometric/test/nn/conv/test_agnn_conv.py'.
Hint: make sure your test modules/packages have valid Python names.
Traceback:
test/nn/conv/test_agnn_conv.py:2: in <module>
    from torch_geometric.nn import AGNNConv
torch_geometric/__init__.py:2: in <module>
    import torch_geometric.nn
torch_geometric/nn/__init__.py:2: in <module>
    from .data_parallel import DataParallel
torch_geometric/nn/data_parallel.py:5: in <module>
    from torch_geometric.data import Batch
torch_geometric/data/__init__.py:1: in <module>
    from .data import Data
torch_geometric/data/data.py:7: in <module>
    from torch_sparse import coalesce
../../miniconda3/envs/test/lib/python3.7/site-packages/torch_sparse-0.4.0-py3.7-linux-x86_64.egg/torch_sparse/__init__.py:2: in <module>
    from .coalesce import coalesce
../../miniconda3/envs/test/lib/python3.7/site-packages/torch_sparse-0.4.0-py3.7-linux-x86_64.egg/torch_sparse/coalesce.py:2: in <module>
    import torch_scatter
../../miniconda3/envs/test/lib/python3.7/site-packages/torch_scatter-1.3.1-py3.7-linux-x86_64.egg/torch_scatter/__init__.py:3: in <module>
    from .mul import scatter_mul
../../miniconda3/envs/test/lib/python3.7/site-packages/torch_scatter-1.3.1-py3.7-linux-x86_64.egg/torch_scatter/mul.py:3: in <module>
    from torch_scatter.utils.ext import get_func
../../miniconda3/envs/test/lib/python3.7/site-packages/torch_scatter-1.3.1-py3.7-linux-x86_64.egg/torch_scatter/utils/ext.py:2: in <module>
    import torch_scatter.scatter_cpu
E   ImportError: /home/matthias.barth/miniconda3/envs/test/lib/python3.7/site-packages/torch_scatter-1.3.1-py3.7-linux-x86_64.egg/torch_scatter/scatter_cpu.cpython-37m-x86_64-linux-gnu.so: undefined symbol: _ZN6caffe26detail37_typeMetaDataInstance_preallocated_32E
_________________ ERROR collecting test/nn/conv/test_appnp.py __________________
ImportError while importing test module '/home/matthias.barth/test/pytorch_geometric/test/nn/conv/test_appnp.py'.
Hint: make sure your test modules/packages have valid Python names.
Traceback:
test/nn/conv/test_appnp.py:2: in <module>
    from torch_geometric.nn import APPNP
torch_geometric/__init__.py:2: in <module>
    import torch_geometric.nn
torch_geometric/nn/__init__.py:2: in <module>
    from .data_parallel import DataParallel
torch_geometric/nn/data_parallel.py:5: in <module>
    from torch_geometric.data import Batch
torch_geometric/data/__init__.py:1: in <module>
    from .data import Data
torch_geometric/data/data.py:7: in <module>
    from torch_sparse import coalesce
../../miniconda3/envs/test/lib/python3.7/site-packages/torch_sparse-0.4.0-py3.7-linux-x86_64.egg/torch_sparse/__init__.py:2: in <module>
    from .coalesce import coalesce
../../miniconda3/envs/test/lib/python3.7/site-packages/torch_sparse-0.4.0-py3.7-linux-x86_64.egg/torch_sparse/coalesce.py:2: in <module>
    import torch_scatter
../../miniconda3/envs/test/lib/python3.7/site-packages/torch_scatter-1.3.1-py3.7-linux-x86_64.egg/torch_scatter/__init__.py:3: in <module>
    from .mul import scatter_mul
../../miniconda3/envs/test/lib/python3.7/site-packages/torch_scatter-1.3.1-py3.7-linux-x86_64.egg/torch_scatter/mul.py:3: in <module>
    from torch_scatter.utils.ext import get_func
../../miniconda3/envs/test/lib/python3.7/site-packages/torch_scatter-1.3.1-py3.7-linux-x86_64.egg/torch_scatter/utils/ext.py:2: in <module>
    import torch_scatter.scatter_cpu
E   ImportError: /home/matthias.barth/miniconda3/envs/test/lib/python3.7/site-packages/torch_scatter-1.3.1-py3.7-linux-x86_64.egg/torch_scatter/scatter_cpu.cpython-37m-x86_64-linux-gnu.so: undefined symbol: _ZN6caffe26detail37_typeMetaDataInstance_preallocated_32E
_______________ ERROR collecting test/nn/conv/test_arma_conv.py ________________
ImportError while importing test module '/home/matthias.barth/test/pytorch_geometric/test/nn/conv/test_arma_conv.py'.
Hint: make sure your test modules/packages have valid Python names.
Traceback:
test/nn/conv/test_arma_conv.py:2: in <module>
    from torch_geometric.nn import ARMAConv
torch_geometric/__init__.py:2: in <module>
    import torch_geometric.nn
torch_geometric/nn/__init__.py:2: in <module>
    from .data_parallel import DataParallel
torch_geometric/nn/data_parallel.py:5: in <module>
    from torch_geometric.data import Batch
torch_geometric/data/__init__.py:1: in <module>
    from .data import Data
torch_geometric/data/data.py:7: in <module>
    from torch_sparse import coalesce
../../miniconda3/envs/test/lib/python3.7/site-packages/torch_sparse-0.4.0-py3.7-linux-x86_64.egg/torch_sparse/__init__.py:2: in <module>
    from .coalesce import coalesce
../../miniconda3/envs/test/lib/python3.7/site-packages/torch_sparse-0.4.0-py3.7-linux-x86_64.egg/torch_sparse/coalesce.py:2: in <module>
    import torch_scatter
../../miniconda3/envs/test/lib/python3.7/site-packages/torch_scatter-1.3.1-py3.7-linux-x86_64.egg/torch_scatter/__init__.py:3: in <module>
    from .mul import scatter_mul
../../miniconda3/envs/test/lib/python3.7/site-packages/torch_scatter-1.3.1-py3.7-linux-x86_64.egg/torch_scatter/mul.py:3: in <module>
    from torch_scatter.utils.ext import get_func
../../miniconda3/envs/test/lib/python3.7/site-packages/torch_scatter-1.3.1-py3.7-linux-x86_64.egg/torch_scatter/utils/ext.py:2: in <module>
    import torch_scatter.scatter_cpu
E   ImportError: /home/matthias.barth/miniconda3/envs/test/lib/python3.7/site-packages/torch_scatter-1.3.1-py3.7-linux-x86_64.egg/torch_scatter/scatter_cpu.cpython-37m-x86_64-linux-gnu.so: undefined symbol: _ZN6caffe26detail37_typeMetaDataInstance_preallocated_32E
_______________ ERROR collecting test/nn/conv/test_cheb_conv.py ________________
ImportError while importing test module '/home/matthias.barth/test/pytorch_geometric/test/nn/conv/test_cheb_conv.py'.
Hint: make sure your test modules/packages have valid Python names.
Traceback:
test/nn/conv/test_cheb_conv.py:2: in <module>
    from torch_geometric.nn import ChebConv
torch_geometric/__init__.py:2: in <module>
    import torch_geometric.nn
torch_geometric/nn/__init__.py:2: in <module>
    from .data_parallel import DataParallel
torch_geometric/nn/data_parallel.py:5: in <module>
    from torch_geometric.data import Batch
torch_geometric/data/__init__.py:1: in <module>
    from .data import Data
torch_geometric/data/data.py:7: in <module>
    from torch_sparse import coalesce
../../miniconda3/envs/test/lib/python3.7/site-packages/torch_sparse-0.4.0-py3.7-linux-x86_64.egg/torch_sparse/__init__.py:2: in <module>
    from .coalesce import coalesce
../../miniconda3/envs/test/lib/python3.7/site-packages/torch_sparse-0.4.0-py3.7-linux-x86_64.egg/torch_sparse/coalesce.py:2: in <module>
    import torch_scatter
../../miniconda3/envs/test/lib/python3.7/site-packages/torch_scatter-1.3.1-py3.7-linux-x86_64.egg/torch_scatter/__init__.py:3: in <module>
    from .mul import scatter_mul
../../miniconda3/envs/test/lib/python3.7/site-packages/torch_scatter-1.3.1-py3.7-linux-x86_64.egg/torch_scatter/mul.py:3: in <module>
    from torch_scatter.utils.ext import get_func
../../miniconda3/envs/test/lib/python3.7/site-packages/torch_scatter-1.3.1-py3.7-linux-x86_64.egg/torch_scatter/utils/ext.py:2: in <module>
    import torch_scatter.scatter_cpu
E   ImportError: /home/matthias.barth/miniconda3/envs/test/lib/python3.7/site-packages/torch_scatter-1.3.1-py3.7-linux-x86_64.egg/torch_scatter/scatter_cpu.cpython-37m-x86_64-linux-gnu.so: undefined symbol: _ZN6caffe26detail37_typeMetaDataInstance_preallocated_32E
_______________ ERROR collecting test/nn/conv/test_create_gnn.py _______________
ImportError while importing test module '/home/matthias.barth/test/pytorch_geometric/test/nn/conv/test_create_gnn.py'.
Hint: make sure your test modules/packages have valid Python names.
Traceback:
test/nn/conv/test_create_gnn.py:2: in <module>
    from torch_geometric.nn import MessagePassing
torch_geometric/__init__.py:2: in <module>
    import torch_geometric.nn
torch_geometric/nn/__init__.py:2: in <module>
    from .data_parallel import DataParallel
torch_geometric/nn/data_parallel.py:5: in <module>
    from torch_geometric.data import Batch
torch_geometric/data/__init__.py:1: in <module>
    from .data import Data
torch_geometric/data/data.py:7: in <module>
    from torch_sparse import coalesce
../../miniconda3/envs/test/lib/python3.7/site-packages/torch_sparse-0.4.0-py3.7-linux-x86_64.egg/torch_sparse/__init__.py:2: in <module>
    from .coalesce import coalesce
../../miniconda3/envs/test/lib/python3.7/site-packages/torch_sparse-0.4.0-py3.7-linux-x86_64.egg/torch_sparse/coalesce.py:2: in <module>
    import torch_scatter
../../miniconda3/envs/test/lib/python3.7/site-packages/torch_scatter-1.3.1-py3.7-linux-x86_64.egg/torch_scatter/__init__.py:3: in <module>
    from .mul import scatter_mul
../../miniconda3/envs/test/lib/python3.7/site-packages/torch_scatter-1.3.1-py3.7-linux-x86_64.egg/torch_scatter/mul.py:3: in <module>
    from torch_scatter.utils.ext import get_func
../../miniconda3/envs/test/lib/python3.7/site-packages/torch_scatter-1.3.1-py3.7-linux-x86_64.egg/torch_scatter/utils/ext.py:2: in <module>
    import torch_scatter.scatter_cpu
E   ImportError: /home/matthias.barth/miniconda3/envs/test/lib/python3.7/site-packages/torch_scatter-1.3.1-py3.7-linux-x86_64.egg/torch_scatter/scatter_cpu.cpython-37m-x86_64-linux-gnu.so: undefined symbol: _ZN6caffe26detail37_typeMetaDataInstance_preallocated_32E
________________ ERROR collecting test/nn/conv/test_dna_conv.py ________________
ImportError while importing test module '/home/matthias.barth/test/pytorch_geometric/test/nn/conv/test_dna_conv.py'.
Hint: make sure your test modules/packages have valid Python names.
Traceback:
test/nn/conv/test_dna_conv.py:2: in <module>
    from torch_geometric.nn import DNAConv
torch_geometric/__init__.py:2: in <module>
    import torch_geometric.nn
torch_geometric/nn/__init__.py:2: in <module>
    from .data_parallel import DataParallel
torch_geometric/nn/data_parallel.py:5: in <module>
    from torch_geometric.data import Batch
torch_geometric/data/__init__.py:1: in <module>
    from .data import Data
torch_geometric/data/data.py:7: in <module>
    from torch_sparse import coalesce
../../miniconda3/envs/test/lib/python3.7/site-packages/torch_sparse-0.4.0-py3.7-linux-x86_64.egg/torch_sparse/__init__.py:2: in <module>
    from .coalesce import coalesce
../../miniconda3/envs/test/lib/python3.7/site-packages/torch_sparse-0.4.0-py3.7-linux-x86_64.egg/torch_sparse/coalesce.py:2: in <module>
    import torch_scatter
../../miniconda3/envs/test/lib/python3.7/site-packages/torch_scatter-1.3.1-py3.7-linux-x86_64.egg/torch_scatter/__init__.py:3: in <module>
    from .mul import scatter_mul
../../miniconda3/envs/test/lib/python3.7/site-packages/torch_scatter-1.3.1-py3.7-linux-x86_64.egg/torch_scatter/mul.py:3: in <module>
    from torch_scatter.utils.ext import get_func
../../miniconda3/envs/test/lib/python3.7/site-packages/torch_scatter-1.3.1-py3.7-linux-x86_64.egg/torch_scatter/utils/ext.py:2: in <module>
    import torch_scatter.scatter_cpu
E   ImportError: /home/matthias.barth/miniconda3/envs/test/lib/python3.7/site-packages/torch_scatter-1.3.1-py3.7-linux-x86_64.egg/torch_scatter/scatter_cpu.cpython-37m-x86_64-linux-gnu.so: undefined symbol: _ZN6caffe26detail37_typeMetaDataInstance_preallocated_32E
_______________ ERROR collecting test/nn/conv/test_edge_conv.py ________________
ImportError while importing test module '/home/matthias.barth/test/pytorch_geometric/test/nn/conv/test_edge_conv.py'.
Hint: make sure your test modules/packages have valid Python names.
Traceback:
test/nn/conv/test_edge_conv.py:3: in <module>
    from torch_geometric.nn import EdgeConv, DynamicEdgeConv
torch_geometric/__init__.py:2: in <module>
    import torch_geometric.nn
torch_geometric/nn/__init__.py:2: in <module>
    from .data_parallel import DataParallel
torch_geometric/nn/data_parallel.py:5: in <module>
    from torch_geometric.data import Batch
torch_geometric/data/__init__.py:1: in <module>
    from .data import Data
torch_geometric/data/data.py:7: in <module>
    from torch_sparse import coalesce
../../miniconda3/envs/test/lib/python3.7/site-packages/torch_sparse-0.4.0-py3.7-linux-x86_64.egg/torch_sparse/__init__.py:2: in <module>
    from .coalesce import coalesce
../../miniconda3/envs/test/lib/python3.7/site-packages/torch_sparse-0.4.0-py3.7-linux-x86_64.egg/torch_sparse/coalesce.py:2: in <module>
    import torch_scatter
../../miniconda3/envs/test/lib/python3.7/site-packages/torch_scatter-1.3.1-py3.7-linux-x86_64.egg/torch_scatter/__init__.py:3: in <module>
    from .mul import scatter_mul
../../miniconda3/envs/test/lib/python3.7/site-packages/torch_scatter-1.3.1-py3.7-linux-x86_64.egg/torch_scatter/mul.py:3: in <module>
    from torch_scatter.utils.ext import get_func
../../miniconda3/envs/test/lib/python3.7/site-packages/torch_scatter-1.3.1-py3.7-linux-x86_64.egg/torch_scatter/utils/ext.py:2: in <module>
    import torch_scatter.scatter_cpu
E   ImportError: /home/matthias.barth/miniconda3/envs/test/lib/python3.7/site-packages/torch_scatter-1.3.1-py3.7-linux-x86_64.egg/torch_scatter/scatter_cpu.cpython-37m-x86_64-linux-gnu.so: undefined symbol: _ZN6caffe26detail37_typeMetaDataInstance_preallocated_32E
_______________ ERROR collecting test/nn/conv/test_feast_conv.py _______________
ImportError while importing test module '/home/matthias.barth/test/pytorch_geometric/test/nn/conv/test_feast_conv.py'.
Hint: make sure your test modules/packages have valid Python names.
Traceback:
test/nn/conv/test_feast_conv.py:2: in <module>
    from torch_geometric.nn import FeaStConv
torch_geometric/__init__.py:2: in <module>
    import torch_geometric.nn
torch_geometric/nn/__init__.py:2: in <module>
    from .data_parallel import DataParallel
torch_geometric/nn/data_parallel.py:5: in <module>
    from torch_geometric.data import Batch
torch_geometric/data/__init__.py:1: in <module>
    from .data import Data
torch_geometric/data/data.py:7: in <module>
    from torch_sparse import coalesce
../../miniconda3/envs/test/lib/python3.7/site-packages/torch_sparse-0.4.0-py3.7-linux-x86_64.egg/torch_sparse/__init__.py:2: in <module>
    from .coalesce import coalesce
../../miniconda3/envs/test/lib/python3.7/site-packages/torch_sparse-0.4.0-py3.7-linux-x86_64.egg/torch_sparse/coalesce.py:2: in <module>
    import torch_scatter
../../miniconda3/envs/test/lib/python3.7/site-packages/torch_scatter-1.3.1-py3.7-linux-x86_64.egg/torch_scatter/__init__.py:3: in <module>
    from .mul import scatter_mul
../../miniconda3/envs/test/lib/python3.7/site-packages/torch_scatter-1.3.1-py3.7-linux-x86_64.egg/torch_scatter/mul.py:3: in <module>
    from torch_scatter.utils.ext import get_func
../../miniconda3/envs/test/lib/python3.7/site-packages/torch_scatter-1.3.1-py3.7-linux-x86_64.egg/torch_scatter/utils/ext.py:2: in <module>
    import torch_scatter.scatter_cpu
E   ImportError: /home/matthias.barth/miniconda3/envs/test/lib/python3.7/site-packages/torch_scatter-1.3.1-py3.7-linux-x86_64.egg/torch_scatter/scatter_cpu.cpython-37m-x86_64-linux-gnu.so: undefined symbol: _ZN6caffe26detail37_typeMetaDataInstance_preallocated_32E
________________ ERROR collecting test/nn/conv/test_gat_conv.py ________________
ImportError while importing test module '/home/matthias.barth/test/pytorch_geometric/test/nn/conv/test_gat_conv.py'.
Hint: make sure your test modules/packages have valid Python names.
Traceback:
test/nn/conv/test_gat_conv.py:2: in <module>
    from torch_geometric.nn import GATConv
torch_geometric/__init__.py:2: in <module>
    import torch_geometric.nn
torch_geometric/nn/__init__.py:2: in <module>
    from .data_parallel import DataParallel
torch_geometric/nn/data_parallel.py:5: in <module>
    from torch_geometric.data import Batch
torch_geometric/data/__init__.py:1: in <module>
    from .data import Data
torch_geometric/data/data.py:7: in <module>
    from torch_sparse import coalesce
../../miniconda3/envs/test/lib/python3.7/site-packages/torch_sparse-0.4.0-py3.7-linux-x86_64.egg/torch_sparse/__init__.py:2: in <module>
    from .coalesce import coalesce
../../miniconda3/envs/test/lib/python3.7/site-packages/torch_sparse-0.4.0-py3.7-linux-x86_64.egg/torch_sparse/coalesce.py:2: in <module>
    import torch_scatter
../../miniconda3/envs/test/lib/python3.7/site-packages/torch_scatter-1.3.1-py3.7-linux-x86_64.egg/torch_scatter/__init__.py:3: in <module>
    from .mul import scatter_mul
../../miniconda3/envs/test/lib/python3.7/site-packages/torch_scatter-1.3.1-py3.7-linux-x86_64.egg/torch_scatter/mul.py:3: in <module>
    from torch_scatter.utils.ext import get_func
../../miniconda3/envs/test/lib/python3.7/site-packages/torch_scatter-1.3.1-py3.7-linux-x86_64.egg/torch_scatter/utils/ext.py:2: in <module>
    import torch_scatter.scatter_cpu
E   ImportError: /home/matthias.barth/miniconda3/envs/test/lib/python3.7/site-packages/torch_scatter-1.3.1-py3.7-linux-x86_64.egg/torch_scatter/scatter_cpu.cpython-37m-x86_64-linux-gnu.so: undefined symbol: _ZN6caffe26detail37_typeMetaDataInstance_preallocated_32E
____________ ERROR collecting test/nn/conv/test_gated_graph_conv.py ____________
ImportError while importing test module '/home/matthias.barth/test/pytorch_geometric/test/nn/conv/test_gated_graph_conv.py'.
Hint: make sure your test modules/packages have valid Python names.
Traceback:
test/nn/conv/test_gated_graph_conv.py:2: in <module>
    from torch_geometric.nn import GatedGraphConv
torch_geometric/__init__.py:2: in <module>
    import torch_geometric.nn
torch_geometric/nn/__init__.py:2: in <module>
    from .data_parallel import DataParallel
torch_geometric/nn/data_parallel.py:5: in <module>
    from torch_geometric.data import Batch
torch_geometric/data/__init__.py:1: in <module>
    from .data import Data
torch_geometric/data/data.py:7: in <module>
    from torch_sparse import coalesce
../../miniconda3/envs/test/lib/python3.7/site-packages/torch_sparse-0.4.0-py3.7-linux-x86_64.egg/torch_sparse/__init__.py:2: in <module>
    from .coalesce import coalesce
../../miniconda3/envs/test/lib/python3.7/site-packages/torch_sparse-0.4.0-py3.7-linux-x86_64.egg/torch_sparse/coalesce.py:2: in <module>
    import torch_scatter
../../miniconda3/envs/test/lib/python3.7/site-packages/torch_scatter-1.3.1-py3.7-linux-x86_64.egg/torch_scatter/__init__.py:3: in <module>
    from .mul import scatter_mul
../../miniconda3/envs/test/lib/python3.7/site-packages/torch_scatter-1.3.1-py3.7-linux-x86_64.egg/torch_scatter/mul.py:3: in <module>
    from torch_scatter.utils.ext import get_func
../../miniconda3/envs/test/lib/python3.7/site-packages/torch_scatter-1.3.1-py3.7-linux-x86_64.egg/torch_scatter/utils/ext.py:2: in <module>
    import torch_scatter.scatter_cpu
E   ImportError: /home/matthias.barth/miniconda3/envs/test/lib/python3.7/site-packages/torch_scatter-1.3.1-py3.7-linux-x86_64.egg/torch_scatter/scatter_cpu.cpython-37m-x86_64-linux-gnu.so: undefined symbol: _ZN6caffe26detail37_typeMetaDataInstance_preallocated_32E
________________ ERROR collecting test/nn/conv/test_gcn_conv.py ________________
ImportError while importing test module '/home/matthias.barth/test/pytorch_geometric/test/nn/conv/test_gcn_conv.py'.
Hint: make sure your test modules/packages have valid Python names.
Traceback:
test/nn/conv/test_gcn_conv.py:2: in <module>
    from torch_geometric.nn import GCNConv
torch_geometric/__init__.py:2: in <module>
    import torch_geometric.nn
torch_geometric/nn/__init__.py:2: in <module>
    from .data_parallel import DataParallel
torch_geometric/nn/data_parallel.py:5: in <module>
    from torch_geometric.data import Batch
torch_geometric/data/__init__.py:1: in <module>
    from .data import Data
torch_geometric/data/data.py:7: in <module>
    from torch_sparse import coalesce
../../miniconda3/envs/test/lib/python3.7/site-packages/torch_sparse-0.4.0-py3.7-linux-x86_64.egg/torch_sparse/__init__.py:2: in <module>
    from .coalesce import coalesce
../../miniconda3/envs/test/lib/python3.7/site-packages/torch_sparse-0.4.0-py3.7-linux-x86_64.egg/torch_sparse/coalesce.py:2: in <module>
    import torch_scatter
../../miniconda3/envs/test/lib/python3.7/site-packages/torch_scatter-1.3.1-py3.7-linux-x86_64.egg/torch_scatter/__init__.py:3: in <module>
    from .mul import scatter_mul
../../miniconda3/envs/test/lib/python3.7/site-packages/torch_scatter-1.3.1-py3.7-linux-x86_64.egg/torch_scatter/mul.py:3: in <module>
    from torch_scatter.utils.ext import get_func
../../miniconda3/envs/test/lib/python3.7/site-packages/torch_scatter-1.3.1-py3.7-linux-x86_64.egg/torch_scatter/utils/ext.py:2: in <module>
    import torch_scatter.scatter_cpu
E   ImportError: /home/matthias.barth/miniconda3/envs/test/lib/python3.7/site-packages/torch_scatter-1.3.1-py3.7-linux-x86_64.egg/torch_scatter/scatter_cpu.cpython-37m-x86_64-linux-gnu.so: undefined symbol: _ZN6caffe26detail37_typeMetaDataInstance_preallocated_32E
________________ ERROR collecting test/nn/conv/test_gin_conv.py ________________
ImportError while importing test module '/home/matthias.barth/test/pytorch_geometric/test/nn/conv/test_gin_conv.py'.
Hint: make sure your test modules/packages have valid Python names.
Traceback:
test/nn/conv/test_gin_conv.py:5: in <module>
    from torch_geometric.nn import GINConv
torch_geometric/__init__.py:2: in <module>
    import torch_geometric.nn
torch_geometric/nn/__init__.py:2: in <module>
    from .data_parallel import DataParallel
torch_geometric/nn/data_parallel.py:5: in <module>
    from torch_geometric.data import Batch
torch_geometric/data/__init__.py:1: in <module>
    from .data import Data
torch_geometric/data/data.py:7: in <module>
    from torch_sparse import coalesce
../../miniconda3/envs/test/lib/python3.7/site-packages/torch_sparse-0.4.0-py3.7-linux-x86_64.egg/torch_sparse/__init__.py:2: in <module>
    from .coalesce import coalesce
../../miniconda3/envs/test/lib/python3.7/site-packages/torch_sparse-0.4.0-py3.7-linux-x86_64.egg/torch_sparse/coalesce.py:2: in <module>
    import torch_scatter
../../miniconda3/envs/test/lib/python3.7/site-packages/torch_scatter-1.3.1-py3.7-linux-x86_64.egg/torch_scatter/__init__.py:3: in <module>
    from .mul import scatter_mul
../../miniconda3/envs/test/lib/python3.7/site-packages/torch_scatter-1.3.1-py3.7-linux-x86_64.egg/torch_scatter/mul.py:3: in <module>
    from torch_scatter.utils.ext import get_func
../../miniconda3/envs/test/lib/python3.7/site-packages/torch_scatter-1.3.1-py3.7-linux-x86_64.egg/torch_scatter/utils/ext.py:2: in <module>
    import torch_scatter.scatter_cpu
E   ImportError: /home/matthias.barth/miniconda3/envs/test/lib/python3.7/site-packages/torch_scatter-1.3.1-py3.7-linux-x86_64.egg/torch_scatter/scatter_cpu.cpython-37m-x86_64-linux-gnu.so: undefined symbol: _ZN6caffe26detail37_typeMetaDataInstance_preallocated_32E
________________ ERROR collecting test/nn/conv/test_gmm_conv.py ________________
ImportError while importing test module '/home/matthias.barth/test/pytorch_geometric/test/nn/conv/test_gmm_conv.py'.
Hint: make sure your test modules/packages have valid Python names.
Traceback:
test/nn/conv/test_gmm_conv.py:2: in <module>
    from torch_geometric.nn import GMMConv
torch_geometric/__init__.py:2: in <module>
    import torch_geometric.nn
torch_geometric/nn/__init__.py:2: in <module>
    from .data_parallel import DataParallel
torch_geometric/nn/data_parallel.py:5: in <module>
    from torch_geometric.data import Batch
torch_geometric/data/__init__.py:1: in <module>
    from .data import Data
torch_geometric/data/data.py:7: in <module>
    from torch_sparse import coalesce
../../miniconda3/envs/test/lib/python3.7/site-packages/torch_sparse-0.4.0-py3.7-linux-x86_64.egg/torch_sparse/__init__.py:2: in <module>
    from .coalesce import coalesce
../../miniconda3/envs/test/lib/python3.7/site-packages/torch_sparse-0.4.0-py3.7-linux-x86_64.egg/torch_sparse/coalesce.py:2: in <module>
    import torch_scatter
../../miniconda3/envs/test/lib/python3.7/site-packages/torch_scatter-1.3.1-py3.7-linux-x86_64.egg/torch_scatter/__init__.py:3: in <module>
    from .mul import scatter_mul
../../miniconda3/envs/test/lib/python3.7/site-packages/torch_scatter-1.3.1-py3.7-linux-x86_64.egg/torch_scatter/mul.py:3: in <module>
    from torch_scatter.utils.ext import get_func
../../miniconda3/envs/test/lib/python3.7/site-packages/torch_scatter-1.3.1-py3.7-linux-x86_64.egg/torch_scatter/utils/ext.py:2: in <module>
    import torch_scatter.scatter_cpu
E   ImportError: /home/matthias.barth/miniconda3/envs/test/lib/python3.7/site-packages/torch_scatter-1.3.1-py3.7-linux-x86_64.egg/torch_scatter/scatter_cpu.cpython-37m-x86_64-linux-gnu.so: undefined symbol: _ZN6caffe26detail37_typeMetaDataInstance_preallocated_32E
_______________ ERROR collecting test/nn/conv/test_graph_conv.py _______________
ImportError while importing test module '/home/matthias.barth/test/pytorch_geometric/test/nn/conv/test_graph_conv.py'.
Hint: make sure your test modules/packages have valid Python names.
Traceback:
test/nn/conv/test_graph_conv.py:2: in <module>
    from torch_geometric.nn import GraphConv
torch_geometric/__init__.py:2: in <module>
    import torch_geometric.nn
torch_geometric/nn/__init__.py:2: in <module>
    from .data_parallel import DataParallel
torch_geometric/nn/data_parallel.py:5: in <module>
    from torch_geometric.data import Batch
torch_geometric/data/__init__.py:1: in <module>
    from .data import Data
torch_geometric/data/data.py:7: in <module>
    from torch_sparse import coalesce
../../miniconda3/envs/test/lib/python3.7/site-packages/torch_sparse-0.4.0-py3.7-linux-x86_64.egg/torch_sparse/__init__.py:2: in <module>
    from .coalesce import coalesce
../../miniconda3/envs/test/lib/python3.7/site-packages/torch_sparse-0.4.0-py3.7-linux-x86_64.egg/torch_sparse/coalesce.py:2: in <module>
    import torch_scatter
../../miniconda3/envs/test/lib/python3.7/site-packages/torch_scatter-1.3.1-py3.7-linux-x86_64.egg/torch_scatter/__init__.py:3: in <module>
    from .mul import scatter_mul
../../miniconda3/envs/test/lib/python3.7/site-packages/torch_scatter-1.3.1-py3.7-linux-x86_64.egg/torch_scatter/mul.py:3: in <module>
    from torch_scatter.utils.ext import get_func
../../miniconda3/envs/test/lib/python3.7/site-packages/torch_scatter-1.3.1-py3.7-linux-x86_64.egg/torch_scatter/utils/ext.py:2: in <module>
    import torch_scatter.scatter_cpu
E   ImportError: /home/matthias.barth/miniconda3/envs/test/lib/python3.7/site-packages/torch_scatter-1.3.1-py3.7-linux-x86_64.egg/torch_scatter/scatter_cpu.cpython-37m-x86_64-linux-gnu.so: undefined symbol: _ZN6caffe26detail37_typeMetaDataInstance_preallocated_32E
____________ ERROR collecting test/nn/conv/test_hypergraph_conv.py _____________
ImportError while importing test module '/home/matthias.barth/test/pytorch_geometric/test/nn/conv/test_hypergraph_conv.py'.
Hint: make sure your test modules/packages have valid Python names.
Traceback:
test/nn/conv/test_hypergraph_conv.py:2: in <module>
    from torch_geometric.nn import HypergraphConv
torch_geometric/__init__.py:2: in <module>
    import torch_geometric.nn
torch_geometric/nn/__init__.py:2: in <module>
    from .data_parallel import DataParallel
torch_geometric/nn/data_parallel.py:5: in <module>
    from torch_geometric.data import Batch
torch_geometric/data/__init__.py:1: in <module>
    from .data import Data
torch_geometric/data/data.py:7: in <module>
    from torch_sparse import coalesce
../../miniconda3/envs/test/lib/python3.7/site-packages/torch_sparse-0.4.0-py3.7-linux-x86_64.egg/torch_sparse/__init__.py:2: in <module>
    from .coalesce import coalesce
../../miniconda3/envs/test/lib/python3.7/site-packages/torch_sparse-0.4.0-py3.7-linux-x86_64.egg/torch_sparse/coalesce.py:2: in <module>
    import torch_scatter
../../miniconda3/envs/test/lib/python3.7/site-packages/torch_scatter-1.3.1-py3.7-linux-x86_64.egg/torch_scatter/__init__.py:3: in <module>
    from .mul import scatter_mul
../../miniconda3/envs/test/lib/python3.7/site-packages/torch_scatter-1.3.1-py3.7-linux-x86_64.egg/torch_scatter/mul.py:3: in <module>
    from torch_scatter.utils.ext import get_func
../../miniconda3/envs/test/lib/python3.7/site-packages/torch_scatter-1.3.1-py3.7-linux-x86_64.egg/torch_scatter/utils/ext.py:2: in <module>
    import torch_scatter.scatter_cpu
E   ImportError: /home/matthias.barth/miniconda3/envs/test/lib/python3.7/site-packages/torch_scatter-1.3.1-py3.7-linux-x86_64.egg/torch_scatter/scatter_cpu.cpython-37m-x86_64-linux-gnu.so: undefined symbol: _ZN6caffe26detail37_typeMetaDataInstance_preallocated_32E
____________ ERROR collecting test/nn/conv/test_message_passing.py _____________
ImportError while importing test module '/home/matthias.barth/test/pytorch_geometric/test/nn/conv/test_message_passing.py'.
Hint: make sure your test modules/packages have valid Python names.
Traceback:
test/nn/conv/test_message_passing.py:2: in <module>
    from torch_geometric.nn import MessagePassing
torch_geometric/__init__.py:2: in <module>
    import torch_geometric.nn
torch_geometric/nn/__init__.py:2: in <module>
    from .data_parallel import DataParallel
torch_geometric/nn/data_parallel.py:5: in <module>
    from torch_geometric.data import Batch
torch_geometric/data/__init__.py:1: in <module>
    from .data import Data
torch_geometric/data/data.py:7: in <module>
    from torch_sparse import coalesce
../../miniconda3/envs/test/lib/python3.7/site-packages/torch_sparse-0.4.0-py3.7-linux-x86_64.egg/torch_sparse/__init__.py:2: in <module>
    from .coalesce import coalesce
../../miniconda3/envs/test/lib/python3.7/site-packages/torch_sparse-0.4.0-py3.7-linux-x86_64.egg/torch_sparse/coalesce.py:2: in <module>
    import torch_scatter
../../miniconda3/envs/test/lib/python3.7/site-packages/torch_scatter-1.3.1-py3.7-linux-x86_64.egg/torch_scatter/__init__.py:3: in <module>
    from .mul import scatter_mul
../../miniconda3/envs/test/lib/python3.7/site-packages/torch_scatter-1.3.1-py3.7-linux-x86_64.egg/torch_scatter/mul.py:3: in <module>
    from torch_scatter.utils.ext import get_func
../../miniconda3/envs/test/lib/python3.7/site-packages/torch_scatter-1.3.1-py3.7-linux-x86_64.egg/torch_scatter/utils/ext.py:2: in <module>
    import torch_scatter.scatter_cpu
E   ImportError: /home/matthias.barth/miniconda3/envs/test/lib/python3.7/site-packages/torch_scatter-1.3.1-py3.7-linux-x86_64.egg/torch_scatter/scatter_cpu.cpython-37m-x86_64-linux-gnu.so: undefined symbol: _ZN6caffe26detail37_typeMetaDataInstance_preallocated_32E
________________ ERROR collecting test/nn/conv/test_nn_conv.py _________________
ImportError while importing test module '/home/matthias.barth/test/pytorch_geometric/test/nn/conv/test_nn_conv.py'.
Hint: make sure your test modules/packages have valid Python names.
Traceback:
test/nn/conv/test_nn_conv.py:3: in <module>
    from torch_geometric.nn import NNConv
torch_geometric/__init__.py:2: in <module>
    import torch_geometric.nn
torch_geometric/nn/__init__.py:2: in <module>
    from .data_parallel import DataParallel
torch_geometric/nn/data_parallel.py:5: in <module>
    from torch_geometric.data import Batch
torch_geometric/data/__init__.py:1: in <module>
    from .data import Data
torch_geometric/data/data.py:7: in <module>
    from torch_sparse import coalesce
../../miniconda3/envs/test/lib/python3.7/site-packages/torch_sparse-0.4.0-py3.7-linux-x86_64.egg/torch_sparse/__init__.py:2: in <module>
    from .coalesce import coalesce
../../miniconda3/envs/test/lib/python3.7/site-packages/torch_sparse-0.4.0-py3.7-linux-x86_64.egg/torch_sparse/coalesce.py:2: in <module>
    import torch_scatter
../../miniconda3/envs/test/lib/python3.7/site-packages/torch_scatter-1.3.1-py3.7-linux-x86_64.egg/torch_scatter/__init__.py:3: in <module>
    from .mul import scatter_mul
../../miniconda3/envs/test/lib/python3.7/site-packages/torch_scatter-1.3.1-py3.7-linux-x86_64.egg/torch_scatter/mul.py:3: in <module>
    from torch_scatter.utils.ext import get_func
../../miniconda3/envs/test/lib/python3.7/site-packages/torch_scatter-1.3.1-py3.7-linux-x86_64.egg/torch_scatter/utils/ext.py:2: in <module>
    import torch_scatter.scatter_cpu
E   ImportError: /home/matthias.barth/miniconda3/envs/test/lib/python3.7/site-packages/torch_scatter-1.3.1-py3.7-linux-x86_64.egg/torch_scatter/scatter_cpu.cpython-37m-x86_64-linux-gnu.so: undefined symbol: _ZN6caffe26detail37_typeMetaDataInstance_preallocated_32E
_______________ ERROR collecting test/nn/conv/test_point_conv.py _______________
ImportError while importing test module '/home/matthias.barth/test/pytorch_geometric/test/nn/conv/test_point_conv.py'.
Hint: make sure your test modules/packages have valid Python names.
Traceback:
test/nn/conv/test_point_conv.py:3: in <module>
    from torch_geometric.nn import PointConv
torch_geometric/__init__.py:2: in <module>
    import torch_geometric.nn
torch_geometric/nn/__init__.py:2: in <module>
    from .data_parallel import DataParallel
torch_geometric/nn/data_parallel.py:5: in <module>
    from torch_geometric.data import Batch
torch_geometric/data/__init__.py:1: in <module>
    from .data import Data
torch_geometric/data/data.py:7: in <module>
    from torch_sparse import coalesce
../../miniconda3/envs/test/lib/python3.7/site-packages/torch_sparse-0.4.0-py3.7-linux-x86_64.egg/torch_sparse/__init__.py:2: in <module>
    from .coalesce import coalesce
../../miniconda3/envs/test/lib/python3.7/site-packages/torch_sparse-0.4.0-py3.7-linux-x86_64.egg/torch_sparse/coalesce.py:2: in <module>
    import torch_scatter
../../miniconda3/envs/test/lib/python3.7/site-packages/torch_scatter-1.3.1-py3.7-linux-x86_64.egg/torch_scatter/__init__.py:3: in <module>
    from .mul import scatter_mul
../../miniconda3/envs/test/lib/python3.7/site-packages/torch_scatter-1.3.1-py3.7-linux-x86_64.egg/torch_scatter/mul.py:3: in <module>
    from torch_scatter.utils.ext import get_func
../../miniconda3/envs/test/lib/python3.7/site-packages/torch_scatter-1.3.1-py3.7-linux-x86_64.egg/torch_scatter/utils/ext.py:2: in <module>
    import torch_scatter.scatter_cpu
E   ImportError: /home/matthias.barth/miniconda3/envs/test/lib/python3.7/site-packages/torch_scatter-1.3.1-py3.7-linux-x86_64.egg/torch_scatter/scatter_cpu.cpython-37m-x86_64-linux-gnu.so: undefined symbol: _ZN6caffe26detail37_typeMetaDataInstance_preallocated_32E
________________ ERROR collecting test/nn/conv/test_ppf_conv.py ________________
ImportError while importing test module '/home/matthias.barth/test/pytorch_geometric/test/nn/conv/test_ppf_conv.py'.
Hint: make sure your test modules/packages have valid Python names.
Traceback:
test/nn/conv/test_ppf_conv.py:3: in <module>
    from torch_geometric.nn import PPFConv
torch_geometric/__init__.py:2: in <module>
    import torch_geometric.nn
torch_geometric/nn/__init__.py:2: in <module>
    from .data_parallel import DataParallel
torch_geometric/nn/data_parallel.py:5: in <module>
    from torch_geometric.data import Batch
torch_geometric/data/__init__.py:1: in <module>
    from .data import Data
torch_geometric/data/data.py:7: in <module>
    from torch_sparse import coalesce
../../miniconda3/envs/test/lib/python3.7/site-packages/torch_sparse-0.4.0-py3.7-linux-x86_64.egg/torch_sparse/__init__.py:2: in <module>
    from .coalesce import coalesce
../../miniconda3/envs/test/lib/python3.7/site-packages/torch_sparse-0.4.0-py3.7-linux-x86_64.egg/torch_sparse/coalesce.py:2: in <module>
    import torch_scatter
../../miniconda3/envs/test/lib/python3.7/site-packages/torch_scatter-1.3.1-py3.7-linux-x86_64.egg/torch_scatter/__init__.py:3: in <module>
    from .mul import scatter_mul
../../miniconda3/envs/test/lib/python3.7/site-packages/torch_scatter-1.3.1-py3.7-linux-x86_64.egg/torch_scatter/mul.py:3: in <module>
    from torch_scatter.utils.ext import get_func
../../miniconda3/envs/test/lib/python3.7/site-packages/torch_scatter-1.3.1-py3.7-linux-x86_64.egg/torch_scatter/utils/ext.py:2: in <module>
    import torch_scatter.scatter_cpu
E   ImportError: /home/matthias.barth/miniconda3/envs/test/lib/python3.7/site-packages/torch_scatter-1.3.1-py3.7-linux-x86_64.egg/torch_scatter/scatter_cpu.cpython-37m-x86_64-linux-gnu.so: undefined symbol: _ZN6caffe26detail37_typeMetaDataInstance_preallocated_32E
_______________ ERROR collecting test/nn/conv/test_rgcn_conv.py ________________
ImportError while importing test module '/home/matthias.barth/test/pytorch_geometric/test/nn/conv/test_rgcn_conv.py'.
Hint: make sure your test modules/packages have valid Python names.
Traceback:
test/nn/conv/test_rgcn_conv.py:2: in <module>
    from torch_geometric.nn import RGCNConv
torch_geometric/__init__.py:2: in <module>
    import torch_geometric.nn
torch_geometric/nn/__init__.py:2: in <module>
    from .data_parallel import DataParallel
torch_geometric/nn/data_parallel.py:5: in <module>
    from torch_geometric.data import Batch
torch_geometric/data/__init__.py:1: in <module>
    from .data import Data
torch_geometric/data/data.py:7: in <module>
    from torch_sparse import coalesce
../../miniconda3/envs/test/lib/python3.7/site-packages/torch_sparse-0.4.0-py3.7-linux-x86_64.egg/torch_sparse/__init__.py:2: in <module>
    from .coalesce import coalesce
../../miniconda3/envs/test/lib/python3.7/site-packages/torch_sparse-0.4.0-py3.7-linux-x86_64.egg/torch_sparse/coalesce.py:2: in <module>
    import torch_scatter
../../miniconda3/envs/test/lib/python3.7/site-packages/torch_scatter-1.3.1-py3.7-linux-x86_64.egg/torch_scatter/__init__.py:3: in <module>
    from .mul import scatter_mul
../../miniconda3/envs/test/lib/python3.7/site-packages/torch_scatter-1.3.1-py3.7-linux-x86_64.egg/torch_scatter/mul.py:3: in <module>
    from torch_scatter.utils.ext import get_func
../../miniconda3/envs/test/lib/python3.7/site-packages/torch_scatter-1.3.1-py3.7-linux-x86_64.egg/torch_scatter/utils/ext.py:2: in <module>
    import torch_scatter.scatter_cpu
E   ImportError: /home/matthias.barth/miniconda3/envs/test/lib/python3.7/site-packages/torch_scatter-1.3.1-py3.7-linux-x86_64.egg/torch_scatter/scatter_cpu.cpython-37m-x86_64-linux-gnu.so: undefined symbol: _ZN6caffe26detail37_typeMetaDataInstance_preallocated_32E
_______________ ERROR collecting test/nn/conv/test_sage_conv.py ________________
ImportError while importing test module '/home/matthias.barth/test/pytorch_geometric/test/nn/conv/test_sage_conv.py'.
Hint: make sure your test modules/packages have valid Python names.
Traceback:
test/nn/conv/test_sage_conv.py:2: in <module>
    from torch_geometric.nn import SAGEConv
torch_geometric/__init__.py:2: in <module>
    import torch_geometric.nn
torch_geometric/nn/__init__.py:2: in <module>
    from .data_parallel import DataParallel
torch_geometric/nn/data_parallel.py:5: in <module>
    from torch_geometric.data import Batch
torch_geometric/data/__init__.py:1: in <module>
    from .data import Data
torch_geometric/data/data.py:7: in <module>
    from torch_sparse import coalesce
../../miniconda3/envs/test/lib/python3.7/site-packages/torch_sparse-0.4.0-py3.7-linux-x86_64.egg/torch_sparse/__init__.py:2: in <module>
    from .coalesce import coalesce
../../miniconda3/envs/test/lib/python3.7/site-packages/torch_sparse-0.4.0-py3.7-linux-x86_64.egg/torch_sparse/coalesce.py:2: in <module>
    import torch_scatter
../../miniconda3/envs/test/lib/python3.7/site-packages/torch_scatter-1.3.1-py3.7-linux-x86_64.egg/torch_scatter/__init__.py:3: in <module>
    from .mul import scatter_mul
../../miniconda3/envs/test/lib/python3.7/site-packages/torch_scatter-1.3.1-py3.7-linux-x86_64.egg/torch_scatter/mul.py:3: in <module>
    from torch_scatter.utils.ext import get_func
../../miniconda3/envs/test/lib/python3.7/site-packages/torch_scatter-1.3.1-py3.7-linux-x86_64.egg/torch_scatter/utils/ext.py:2: in <module>
    import torch_scatter.scatter_cpu
E   ImportError: /home/matthias.barth/miniconda3/envs/test/lib/python3.7/site-packages/torch_scatter-1.3.1-py3.7-linux-x86_64.egg/torch_scatter/scatter_cpu.cpython-37m-x86_64-linux-gnu.so: undefined symbol: _ZN6caffe26detail37_typeMetaDataInstance_preallocated_32E
________________ ERROR collecting test/nn/conv/test_sg_conv.py _________________
ImportError while importing test module '/home/matthias.barth/test/pytorch_geometric/test/nn/conv/test_sg_conv.py'.
Hint: make sure your test modules/packages have valid Python names.
Traceback:
test/nn/conv/test_sg_conv.py:2: in <module>
    from torch_geometric.nn import SGConv
torch_geometric/__init__.py:2: in <module>
    import torch_geometric.nn
torch_geometric/nn/__init__.py:2: in <module>
    from .data_parallel import DataParallel
torch_geometric/nn/data_parallel.py:5: in <module>
    from torch_geometric.data import Batch
torch_geometric/data/__init__.py:1: in <module>
    from .data import Data
torch_geometric/data/data.py:7: in <module>
    from torch_sparse import coalesce
../../miniconda3/envs/test/lib/python3.7/site-packages/torch_sparse-0.4.0-py3.7-linux-x86_64.egg/torch_sparse/__init__.py:2: in <module>
    from .coalesce import coalesce
../../miniconda3/envs/test/lib/python3.7/site-packages/torch_sparse-0.4.0-py3.7-linux-x86_64.egg/torch_sparse/coalesce.py:2: in <module>
    import torch_scatter
../../miniconda3/envs/test/lib/python3.7/site-packages/torch_scatter-1.3.1-py3.7-linux-x86_64.egg/torch_scatter/__init__.py:3: in <module>
    from .mul import scatter_mul
../../miniconda3/envs/test/lib/python3.7/site-packages/torch_scatter-1.3.1-py3.7-linux-x86_64.egg/torch_scatter/mul.py:3: in <module>
    from torch_scatter.utils.ext import get_func
../../miniconda3/envs/test/lib/python3.7/site-packages/torch_scatter-1.3.1-py3.7-linux-x86_64.egg/torch_scatter/utils/ext.py:2: in <module>
    import torch_scatter.scatter_cpu
E   ImportError: /home/matthias.barth/miniconda3/envs/test/lib/python3.7/site-packages/torch_scatter-1.3.1-py3.7-linux-x86_64.egg/torch_scatter/scatter_cpu.cpython-37m-x86_64-linux-gnu.so: undefined symbol: _ZN6caffe26detail37_typeMetaDataInstance_preallocated_32E
______________ ERROR collecting test/nn/conv/test_signed_conv.py _______________
ImportError while importing test module '/home/matthias.barth/test/pytorch_geometric/test/nn/conv/test_signed_conv.py'.
Hint: make sure your test modules/packages have valid Python names.
Traceback:
test/nn/conv/test_signed_conv.py:2: in <module>
    from torch_geometric.nn import SignedConv
torch_geometric/__init__.py:2: in <module>
    import torch_geometric.nn
torch_geometric/nn/__init__.py:2: in <module>
    from .data_parallel import DataParallel
torch_geometric/nn/data_parallel.py:5: in <module>
    from torch_geometric.data import Batch
torch_geometric/data/__init__.py:1: in <module>
    from .data import Data
torch_geometric/data/data.py:7: in <module>
    from torch_sparse import coalesce
../../miniconda3/envs/test/lib/python3.7/site-packages/torch_sparse-0.4.0-py3.7-linux-x86_64.egg/torch_sparse/__init__.py:2: in <module>
    from .coalesce import coalesce
../../miniconda3/envs/test/lib/python3.7/site-packages/torch_sparse-0.4.0-py3.7-linux-x86_64.egg/torch_sparse/coalesce.py:2: in <module>
    import torch_scatter
../../miniconda3/envs/test/lib/python3.7/site-packages/torch_scatter-1.3.1-py3.7-linux-x86_64.egg/torch_scatter/__init__.py:3: in <module>
    from .mul import scatter_mul
../../miniconda3/envs/test/lib/python3.7/site-packages/torch_scatter-1.3.1-py3.7-linux-x86_64.egg/torch_scatter/mul.py:3: in <module>
    from torch_scatter.utils.ext import get_func
../../miniconda3/envs/test/lib/python3.7/site-packages/torch_scatter-1.3.1-py3.7-linux-x86_64.egg/torch_scatter/utils/ext.py:2: in <module>
    import torch_scatter.scatter_cpu
E   ImportError: /home/matthias.barth/miniconda3/envs/test/lib/python3.7/site-packages/torch_scatter-1.3.1-py3.7-linux-x86_64.egg/torch_scatter/scatter_cpu.cpython-37m-x86_64-linux-gnu.so: undefined symbol: _ZN6caffe26detail37_typeMetaDataInstance_preallocated_32E
______________ ERROR collecting test/nn/conv/test_spline_conv.py _______________
ImportError while importing test module '/home/matthias.barth/test/pytorch_geometric/test/nn/conv/test_spline_conv.py'.
Hint: make sure your test modules/packages have valid Python names.
Traceback:
test/nn/conv/test_spline_conv.py:2: in <module>
    import torch_geometric
torch_geometric/__init__.py:2: in <module>
    import torch_geometric.nn
torch_geometric/nn/__init__.py:2: in <module>
    from .data_parallel import DataParallel
torch_geometric/nn/data_parallel.py:5: in <module>
    from torch_geometric.data import Batch
torch_geometric/data/__init__.py:1: in <module>
    from .data import Data
torch_geometric/data/data.py:7: in <module>
    from torch_sparse import coalesce
../../miniconda3/envs/test/lib/python3.7/site-packages/torch_sparse-0.4.0-py3.7-linux-x86_64.egg/torch_sparse/__init__.py:2: in <module>
    from .coalesce import coalesce
../../miniconda3/envs/test/lib/python3.7/site-packages/torch_sparse-0.4.0-py3.7-linux-x86_64.egg/torch_sparse/coalesce.py:2: in <module>
    import torch_scatter
../../miniconda3/envs/test/lib/python3.7/site-packages/torch_scatter-1.3.1-py3.7-linux-x86_64.egg/torch_scatter/__init__.py:3: in <module>
    from .mul import scatter_mul
../../miniconda3/envs/test/lib/python3.7/site-packages/torch_scatter-1.3.1-py3.7-linux-x86_64.egg/torch_scatter/mul.py:3: in <module>
    from torch_scatter.utils.ext import get_func
../../miniconda3/envs/test/lib/python3.7/site-packages/torch_scatter-1.3.1-py3.7-linux-x86_64.egg/torch_scatter/utils/ext.py:2: in <module>
    import torch_scatter.scatter_cpu
E   ImportError: /home/matthias.barth/miniconda3/envs/test/lib/python3.7/site-packages/torch_scatter-1.3.1-py3.7-linux-x86_64.egg/torch_scatter/scatter_cpu.cpython-37m-x86_64-linux-gnu.so: undefined symbol: _ZN6caffe26detail37_typeMetaDataInstance_preallocated_32E
________________ ERROR collecting test/nn/conv/test_tag_conv.py ________________
ImportError while importing test module '/home/matthias.barth/test/pytorch_geometric/test/nn/conv/test_tag_conv.py'.
Hint: make sure your test modules/packages have valid Python names.
Traceback:
test/nn/conv/test_tag_conv.py:2: in <module>
    from torch_geometric.nn import TAGConv
torch_geometric/__init__.py:2: in <module>
    import torch_geometric.nn
torch_geometric/nn/__init__.py:2: in <module>
    from .data_parallel import DataParallel
torch_geometric/nn/data_parallel.py:5: in <module>
    from torch_geometric.data import Batch
torch_geometric/data/__init__.py:1: in <module>
    from .data import Data
torch_geometric/data/data.py:7: in <module>
    from torch_sparse import coalesce
../../miniconda3/envs/test/lib/python3.7/site-packages/torch_sparse-0.4.0-py3.7-linux-x86_64.egg/torch_sparse/__init__.py:2: in <module>
    from .coalesce import coalesce
../../miniconda3/envs/test/lib/python3.7/site-packages/torch_sparse-0.4.0-py3.7-linux-x86_64.egg/torch_sparse/coalesce.py:2: in <module>
    import torch_scatter
../../miniconda3/envs/test/lib/python3.7/site-packages/torch_scatter-1.3.1-py3.7-linux-x86_64.egg/torch_scatter/__init__.py:3: in <module>
    from .mul import scatter_mul
../../miniconda3/envs/test/lib/python3.7/site-packages/torch_scatter-1.3.1-py3.7-linux-x86_64.egg/torch_scatter/mul.py:3: in <module>
    from torch_scatter.utils.ext import get_func
../../miniconda3/envs/test/lib/python3.7/site-packages/torch_scatter-1.3.1-py3.7-linux-x86_64.egg/torch_scatter/utils/ext.py:2: in <module>
    import torch_scatter.scatter_cpu
E   ImportError: /home/matthias.barth/miniconda3/envs/test/lib/python3.7/site-packages/torch_scatter-1.3.1-py3.7-linux-x86_64.egg/torch_scatter/scatter_cpu.cpython-37m-x86_64-linux-gnu.so: undefined symbol: _ZN6caffe26detail37_typeMetaDataInstance_preallocated_32E
_________________ ERROR collecting test/nn/conv/test_x_conv.py _________________
ImportError while importing test module '/home/matthias.barth/test/pytorch_geometric/test/nn/conv/test_x_conv.py'.
Hint: make sure your test modules/packages have valid Python names.
Traceback:
test/nn/conv/test_x_conv.py:2: in <module>
    from torch_geometric.nn import XConv
torch_geometric/__init__.py:2: in <module>
    import torch_geometric.nn
torch_geometric/nn/__init__.py:2: in <module>
    from .data_parallel import DataParallel
torch_geometric/nn/data_parallel.py:5: in <module>
    from torch_geometric.data import Batch
torch_geometric/data/__init__.py:1: in <module>
    from .data import Data
torch_geometric/data/data.py:7: in <module>
    from torch_sparse import coalesce
../../miniconda3/envs/test/lib/python3.7/site-packages/torch_sparse-0.4.0-py3.7-linux-x86_64.egg/torch_sparse/__init__.py:2: in <module>
    from .coalesce import coalesce
../../miniconda3/envs/test/lib/python3.7/site-packages/torch_sparse-0.4.0-py3.7-linux-x86_64.egg/torch_sparse/coalesce.py:2: in <module>
    import torch_scatter
../../miniconda3/envs/test/lib/python3.7/site-packages/torch_scatter-1.3.1-py3.7-linux-x86_64.egg/torch_scatter/__init__.py:3: in <module>
    from .mul import scatter_mul
../../miniconda3/envs/test/lib/python3.7/site-packages/torch_scatter-1.3.1-py3.7-linux-x86_64.egg/torch_scatter/mul.py:3: in <module>
    from torch_scatter.utils.ext import get_func
../../miniconda3/envs/test/lib/python3.7/site-packages/torch_scatter-1.3.1-py3.7-linux-x86_64.egg/torch_scatter/utils/ext.py:2: in <module>
    import torch_scatter.scatter_cpu
E   ImportError: /home/matthias.barth/miniconda3/envs/test/lib/python3.7/site-packages/torch_scatter-1.3.1-py3.7-linux-x86_64.egg/torch_scatter/scatter_cpu.cpython-37m-x86_64-linux-gnu.so: undefined symbol: _ZN6caffe26detail37_typeMetaDataInstance_preallocated_32E
____________ ERROR collecting test/nn/dense/test_dense_gcn_conv.py _____________
ImportError while importing test module '/home/matthias.barth/test/pytorch_geometric/test/nn/dense/test_dense_gcn_conv.py'.
Hint: make sure your test modules/packages have valid Python names.
Traceback:
test/nn/dense/test_dense_gcn_conv.py:2: in <module>
    from torch_geometric.nn import GCNConv, DenseGCNConv
torch_geometric/__init__.py:2: in <module>
    import torch_geometric.nn
torch_geometric/nn/__init__.py:2: in <module>
    from .data_parallel import DataParallel
torch_geometric/nn/data_parallel.py:5: in <module>
    from torch_geometric.data import Batch
torch_geometric/data/__init__.py:1: in <module>
    from .data import Data
torch_geometric/data/data.py:7: in <module>
    from torch_sparse import coalesce
../../miniconda3/envs/test/lib/python3.7/site-packages/torch_sparse-0.4.0-py3.7-linux-x86_64.egg/torch_sparse/__init__.py:2: in <module>
    from .coalesce import coalesce
../../miniconda3/envs/test/lib/python3.7/site-packages/torch_sparse-0.4.0-py3.7-linux-x86_64.egg/torch_sparse/coalesce.py:2: in <module>
    import torch_scatter
../../miniconda3/envs/test/lib/python3.7/site-packages/torch_scatter-1.3.1-py3.7-linux-x86_64.egg/torch_scatter/__init__.py:3: in <module>
    from .mul import scatter_mul
../../miniconda3/envs/test/lib/python3.7/site-packages/torch_scatter-1.3.1-py3.7-linux-x86_64.egg/torch_scatter/mul.py:3: in <module>
    from torch_scatter.utils.ext import get_func
../../miniconda3/envs/test/lib/python3.7/site-packages/torch_scatter-1.3.1-py3.7-linux-x86_64.egg/torch_scatter/utils/ext.py:2: in <module>
    import torch_scatter.scatter_cpu
E   ImportError: /home/matthias.barth/miniconda3/envs/test/lib/python3.7/site-packages/torch_scatter-1.3.1-py3.7-linux-x86_64.egg/torch_scatter/scatter_cpu.cpython-37m-x86_64-linux-gnu.so: undefined symbol: _ZN6caffe26detail37_typeMetaDataInstance_preallocated_32E
____________ ERROR collecting test/nn/dense/test_dense_gin_conv.py _____________
ImportError while importing test module '/home/matthias.barth/test/pytorch_geometric/test/nn/dense/test_dense_gin_conv.py'.
Hint: make sure your test modules/packages have valid Python names.
Traceback:
test/nn/dense/test_dense_gin_conv.py:3: in <module>
    from torch_geometric.nn import GINConv, DenseGINConv
torch_geometric/__init__.py:2: in <module>
    import torch_geometric.nn
torch_geometric/nn/__init__.py:2: in <module>
    from .data_parallel import DataParallel
torch_geometric/nn/data_parallel.py:5: in <module>
    from torch_geometric.data import Batch
torch_geometric/data/__init__.py:1: in <module>
    from .data import Data
torch_geometric/data/data.py:7: in <module>
    from torch_sparse import coalesce
../../miniconda3/envs/test/lib/python3.7/site-packages/torch_sparse-0.4.0-py3.7-linux-x86_64.egg/torch_sparse/__init__.py:2: in <module>
    from .coalesce import coalesce
../../miniconda3/envs/test/lib/python3.7/site-packages/torch_sparse-0.4.0-py3.7-linux-x86_64.egg/torch_sparse/coalesce.py:2: in <module>
    import torch_scatter
../../miniconda3/envs/test/lib/python3.7/site-packages/torch_scatter-1.3.1-py3.7-linux-x86_64.egg/torch_scatter/__init__.py:3: in <module>
    from .mul import scatter_mul
../../miniconda3/envs/test/lib/python3.7/site-packages/torch_scatter-1.3.1-py3.7-linux-x86_64.egg/torch_scatter/mul.py:3: in <module>
    from torch_scatter.utils.ext import get_func
../../miniconda3/envs/test/lib/python3.7/site-packages/torch_scatter-1.3.1-py3.7-linux-x86_64.egg/torch_scatter/utils/ext.py:2: in <module>
    import torch_scatter.scatter_cpu
E   ImportError: /home/matthias.barth/miniconda3/envs/test/lib/python3.7/site-packages/torch_scatter-1.3.1-py3.7-linux-x86_64.egg/torch_scatter/scatter_cpu.cpython-37m-x86_64-linux-gnu.so: undefined symbol: _ZN6caffe26detail37_typeMetaDataInstance_preallocated_32E
____________ ERROR collecting test/nn/dense/test_dense_sage_conv.py ____________
ImportError while importing test module '/home/matthias.barth/test/pytorch_geometric/test/nn/dense/test_dense_sage_conv.py'.
Hint: make sure your test modules/packages have valid Python names.
Traceback:
test/nn/dense/test_dense_sage_conv.py:2: in <module>
    from torch_geometric.nn import SAGEConv, DenseSAGEConv
torch_geometric/__init__.py:2: in <module>
    import torch_geometric.nn
torch_geometric/nn/__init__.py:2: in <module>
    from .data_parallel import DataParallel
torch_geometric/nn/data_parallel.py:5: in <module>
    from torch_geometric.data import Batch
torch_geometric/data/__init__.py:1: in <module>
    from .data import Data
torch_geometric/data/data.py:7: in <module>
    from torch_sparse import coalesce
../../miniconda3/envs/test/lib/python3.7/site-packages/torch_sparse-0.4.0-py3.7-linux-x86_64.egg/torch_sparse/__init__.py:2: in <module>
    from .coalesce import coalesce
../../miniconda3/envs/test/lib/python3.7/site-packages/torch_sparse-0.4.0-py3.7-linux-x86_64.egg/torch_sparse/coalesce.py:2: in <module>
    import torch_scatter
../../miniconda3/envs/test/lib/python3.7/site-packages/torch_scatter-1.3.1-py3.7-linux-x86_64.egg/torch_scatter/__init__.py:3: in <module>
    from .mul import scatter_mul
../../miniconda3/envs/test/lib/python3.7/site-packages/torch_scatter-1.3.1-py3.7-linux-x86_64.egg/torch_scatter/mul.py:3: in <module>
    from torch_scatter.utils.ext import get_func
../../miniconda3/envs/test/lib/python3.7/site-packages/torch_scatter-1.3.1-py3.7-linux-x86_64.egg/torch_scatter/utils/ext.py:2: in <module>
    import torch_scatter.scatter_cpu
E   ImportError: /home/matthias.barth/miniconda3/envs/test/lib/python3.7/site-packages/torch_scatter-1.3.1-py3.7-linux-x86_64.egg/torch_scatter/scatter_cpu.cpython-37m-x86_64-linux-gnu.so: undefined symbol: _ZN6caffe26detail37_typeMetaDataInstance_preallocated_32E
_______________ ERROR collecting test/nn/dense/test_diff_pool.py _______________
ImportError while importing test module '/home/matthias.barth/test/pytorch_geometric/test/nn/dense/test_diff_pool.py'.
Hint: make sure your test modules/packages have valid Python names.
Traceback:
test/nn/dense/test_diff_pool.py:2: in <module>
    from torch_geometric.nn import dense_diff_pool
torch_geometric/__init__.py:2: in <module>
    import torch_geometric.nn
torch_geometric/nn/__init__.py:2: in <module>
    from .data_parallel import DataParallel
torch_geometric/nn/data_parallel.py:5: in <module>
    from torch_geometric.data import Batch
torch_geometric/data/__init__.py:1: in <module>
    from .data import Data
torch_geometric/data/data.py:7: in <module>
    from torch_sparse import coalesce
../../miniconda3/envs/test/lib/python3.7/site-packages/torch_sparse-0.4.0-py3.7-linux-x86_64.egg/torch_sparse/__init__.py:2: in <module>
    from .coalesce import coalesce
../../miniconda3/envs/test/lib/python3.7/site-packages/torch_sparse-0.4.0-py3.7-linux-x86_64.egg/torch_sparse/coalesce.py:2: in <module>
    import torch_scatter
../../miniconda3/envs/test/lib/python3.7/site-packages/torch_scatter-1.3.1-py3.7-linux-x86_64.egg/torch_scatter/__init__.py:3: in <module>
    from .mul import scatter_mul
../../miniconda3/envs/test/lib/python3.7/site-packages/torch_scatter-1.3.1-py3.7-linux-x86_64.egg/torch_scatter/mul.py:3: in <module>
    from torch_scatter.utils.ext import get_func
../../miniconda3/envs/test/lib/python3.7/site-packages/torch_scatter-1.3.1-py3.7-linux-x86_64.egg/torch_scatter/utils/ext.py:2: in <module>
    import torch_scatter.scatter_cpu
E   ImportError: /home/matthias.barth/miniconda3/envs/test/lib/python3.7/site-packages/torch_scatter-1.3.1-py3.7-linux-x86_64.egg/torch_scatter/scatter_cpu.cpython-37m-x86_64-linux-gnu.so: undefined symbol: _ZN6caffe26detail37_typeMetaDataInstance_preallocated_32E
_______________ ERROR collecting test/nn/glob/test_attention.py ________________
ImportError while importing test module '/home/matthias.barth/test/pytorch_geometric/test/nn/glob/test_attention.py'.
Hint: make sure your test modules/packages have valid Python names.
Traceback:
test/nn/glob/test_attention.py:3: in <module>
    from torch_geometric.nn import GlobalAttention
torch_geometric/__init__.py:2: in <module>
    import torch_geometric.nn
torch_geometric/nn/__init__.py:2: in <module>
    from .data_parallel import DataParallel
torch_geometric/nn/data_parallel.py:5: in <module>
    from torch_geometric.data import Batch
torch_geometric/data/__init__.py:1: in <module>
    from .data import Data
torch_geometric/data/data.py:7: in <module>
    from torch_sparse import coalesce
../../miniconda3/envs/test/lib/python3.7/site-packages/torch_sparse-0.4.0-py3.7-linux-x86_64.egg/torch_sparse/__init__.py:2: in <module>
    from .coalesce import coalesce
../../miniconda3/envs/test/lib/python3.7/site-packages/torch_sparse-0.4.0-py3.7-linux-x86_64.egg/torch_sparse/coalesce.py:2: in <module>
    import torch_scatter
../../miniconda3/envs/test/lib/python3.7/site-packages/torch_scatter-1.3.1-py3.7-linux-x86_64.egg/torch_scatter/__init__.py:3: in <module>
    from .mul import scatter_mul
../../miniconda3/envs/test/lib/python3.7/site-packages/torch_scatter-1.3.1-py3.7-linux-x86_64.egg/torch_scatter/mul.py:3: in <module>
    from torch_scatter.utils.ext import get_func
../../miniconda3/envs/test/lib/python3.7/site-packages/torch_scatter-1.3.1-py3.7-linux-x86_64.egg/torch_scatter/utils/ext.py:2: in <module>
    import torch_scatter.scatter_cpu
E   ImportError: /home/matthias.barth/miniconda3/envs/test/lib/python3.7/site-packages/torch_scatter-1.3.1-py3.7-linux-x86_64.egg/torch_scatter/scatter_cpu.cpython-37m-x86_64-linux-gnu.so: undefined symbol: _ZN6caffe26detail37_typeMetaDataInstance_preallocated_32E
__________________ ERROR collecting test/nn/glob/test_glob.py __________________
ImportError while importing test module '/home/matthias.barth/test/pytorch_geometric/test/nn/glob/test_glob.py'.
Hint: make sure your test modules/packages have valid Python names.
Traceback:
test/nn/glob/test_glob.py:2: in <module>
    from torch_geometric.nn import (global_add_pool, global_mean_pool,
torch_geometric/__init__.py:2: in <module>
    import torch_geometric.nn
torch_geometric/nn/__init__.py:2: in <module>
    from .data_parallel import DataParallel
torch_geometric/nn/data_parallel.py:5: in <module>
    from torch_geometric.data import Batch
torch_geometric/data/__init__.py:1: in <module>
    from .data import Data
torch_geometric/data/data.py:7: in <module>
    from torch_sparse import coalesce
../../miniconda3/envs/test/lib/python3.7/site-packages/torch_sparse-0.4.0-py3.7-linux-x86_64.egg/torch_sparse/__init__.py:2: in <module>
    from .coalesce import coalesce
../../miniconda3/envs/test/lib/python3.7/site-packages/torch_sparse-0.4.0-py3.7-linux-x86_64.egg/torch_sparse/coalesce.py:2: in <module>
    import torch_scatter
../../miniconda3/envs/test/lib/python3.7/site-packages/torch_scatter-1.3.1-py3.7-linux-x86_64.egg/torch_scatter/__init__.py:3: in <module>
    from .mul import scatter_mul
../../miniconda3/envs/test/lib/python3.7/site-packages/torch_scatter-1.3.1-py3.7-linux-x86_64.egg/torch_scatter/mul.py:3: in <module>
    from torch_scatter.utils.ext import get_func
../../miniconda3/envs/test/lib/python3.7/site-packages/torch_scatter-1.3.1-py3.7-linux-x86_64.egg/torch_scatter/utils/ext.py:2: in <module>
    import torch_scatter.scatter_cpu
E   ImportError: /home/matthias.barth/miniconda3/envs/test/lib/python3.7/site-packages/torch_scatter-1.3.1-py3.7-linux-x86_64.egg/torch_scatter/scatter_cpu.cpython-37m-x86_64-linux-gnu.so: undefined symbol: _ZN6caffe26detail37_typeMetaDataInstance_preallocated_32E
________________ ERROR collecting test/nn/glob/test_set2set.py _________________
ImportError while importing test module '/home/matthias.barth/test/pytorch_geometric/test/nn/glob/test_set2set.py'.
Hint: make sure your test modules/packages have valid Python names.
Traceback:
test/nn/glob/test_set2set.py:2: in <module>
    from torch_geometric.nn import Set2Set
torch_geometric/__init__.py:2: in <module>
    import torch_geometric.nn
torch_geometric/nn/__init__.py:2: in <module>
    from .data_parallel import DataParallel
torch_geometric/nn/data_parallel.py:5: in <module>
    from torch_geometric.data import Batch
torch_geometric/data/__init__.py:1: in <module>
    from .data import Data
torch_geometric/data/data.py:7: in <module>
    from torch_sparse import coalesce
../../miniconda3/envs/test/lib/python3.7/site-packages/torch_sparse-0.4.0-py3.7-linux-x86_64.egg/torch_sparse/__init__.py:2: in <module>
    from .coalesce import coalesce
../../miniconda3/envs/test/lib/python3.7/site-packages/torch_sparse-0.4.0-py3.7-linux-x86_64.egg/torch_sparse/coalesce.py:2: in <module>
    import torch_scatter
../../miniconda3/envs/test/lib/python3.7/site-packages/torch_scatter-1.3.1-py3.7-linux-x86_64.egg/torch_scatter/__init__.py:3: in <module>
    from .mul import scatter_mul
../../miniconda3/envs/test/lib/python3.7/site-packages/torch_scatter-1.3.1-py3.7-linux-x86_64.egg/torch_scatter/mul.py:3: in <module>
    from torch_scatter.utils.ext import get_func
../../miniconda3/envs/test/lib/python3.7/site-packages/torch_scatter-1.3.1-py3.7-linux-x86_64.egg/torch_scatter/utils/ext.py:2: in <module>
    import torch_scatter.scatter_cpu
E   ImportError: /home/matthias.barth/miniconda3/envs/test/lib/python3.7/site-packages/torch_scatter-1.3.1-py3.7-linux-x86_64.egg/torch_scatter/scatter_cpu.cpython-37m-x86_64-linux-gnu.so: undefined symbol: _ZN6caffe26detail37_typeMetaDataInstance_preallocated_32E
__________________ ERROR collecting test/nn/glob/test_sort.py __________________
ImportError while importing test module '/home/matthias.barth/test/pytorch_geometric/test/nn/glob/test_sort.py'.
Hint: make sure your test modules/packages have valid Python names.
Traceback:
test/nn/glob/test_sort.py:2: in <module>
    from torch_geometric.nn import global_sort_pool
torch_geometric/__init__.py:2: in <module>
    import torch_geometric.nn
torch_geometric/nn/__init__.py:2: in <module>
    from .data_parallel import DataParallel
torch_geometric/nn/data_parallel.py:5: in <module>
    from torch_geometric.data import Batch
torch_geometric/data/__init__.py:1: in <module>
    from .data import Data
torch_geometric/data/data.py:7: in <module>
    from torch_sparse import coalesce
../../miniconda3/envs/test/lib/python3.7/site-packages/torch_sparse-0.4.0-py3.7-linux-x86_64.egg/torch_sparse/__init__.py:2: in <module>
    from .coalesce import coalesce
../../miniconda3/envs/test/lib/python3.7/site-packages/torch_sparse-0.4.0-py3.7-linux-x86_64.egg/torch_sparse/coalesce.py:2: in <module>
    import torch_scatter
../../miniconda3/envs/test/lib/python3.7/site-packages/torch_scatter-1.3.1-py3.7-linux-x86_64.egg/torch_scatter/__init__.py:3: in <module>
    from .mul import scatter_mul
../../miniconda3/envs/test/lib/python3.7/site-packages/torch_scatter-1.3.1-py3.7-linux-x86_64.egg/torch_scatter/mul.py:3: in <module>
    from torch_scatter.utils.ext import get_func
../../miniconda3/envs/test/lib/python3.7/site-packages/torch_scatter-1.3.1-py3.7-linux-x86_64.egg/torch_scatter/utils/ext.py:2: in <module>
    import torch_scatter.scatter_cpu
E   ImportError: /home/matthias.barth/miniconda3/envs/test/lib/python3.7/site-packages/torch_scatter-1.3.1-py3.7-linux-x86_64.egg/torch_scatter/scatter_cpu.cpython-37m-x86_64-linux-gnu.so: undefined symbol: _ZN6caffe26detail37_typeMetaDataInstance_preallocated_32E
_____________ ERROR collecting test/nn/models/test_autoencoder.py ______________
ImportError while importing test module '/home/matthias.barth/test/pytorch_geometric/test/nn/models/test_autoencoder.py'.
Hint: make sure your test modules/packages have valid Python names.
Traceback:
test/nn/models/test_autoencoder.py:3: in <module>
    from torch_geometric.nn import GAE, VGAE, ARGA, ARGVA
torch_geometric/__init__.py:2: in <module>
    import torch_geometric.nn
torch_geometric/nn/__init__.py:2: in <module>
    from .data_parallel import DataParallel
torch_geometric/nn/data_parallel.py:5: in <module>
    from torch_geometric.data import Batch
torch_geometric/data/__init__.py:1: in <module>
    from .data import Data
torch_geometric/data/data.py:7: in <module>
    from torch_sparse import coalesce
../../miniconda3/envs/test/lib/python3.7/site-packages/torch_sparse-0.4.0-py3.7-linux-x86_64.egg/torch_sparse/__init__.py:2: in <module>
    from .coalesce import coalesce
../../miniconda3/envs/test/lib/python3.7/site-packages/torch_sparse-0.4.0-py3.7-linux-x86_64.egg/torch_sparse/coalesce.py:2: in <module>
    import torch_scatter
../../miniconda3/envs/test/lib/python3.7/site-packages/torch_scatter-1.3.1-py3.7-linux-x86_64.egg/torch_scatter/__init__.py:3: in <module>
    from .mul import scatter_mul
../../miniconda3/envs/test/lib/python3.7/site-packages/torch_scatter-1.3.1-py3.7-linux-x86_64.egg/torch_scatter/mul.py:3: in <module>
    from torch_scatter.utils.ext import get_func
../../miniconda3/envs/test/lib/python3.7/site-packages/torch_scatter-1.3.1-py3.7-linux-x86_64.egg/torch_scatter/utils/ext.py:2: in <module>
    import torch_scatter.scatter_cpu
E   ImportError: /home/matthias.barth/miniconda3/envs/test/lib/python3.7/site-packages/torch_scatter-1.3.1-py3.7-linux-x86_64.egg/torch_scatter/scatter_cpu.cpython-37m-x86_64-linux-gnu.so: undefined symbol: _ZN6caffe26detail37_typeMetaDataInstance_preallocated_32E
__________ ERROR collecting test/nn/models/test_deep_graph_infomax.py __________
ImportError while importing test module '/home/matthias.barth/test/pytorch_geometric/test/nn/models/test_deep_graph_infomax.py'.
Hint: make sure your test modules/packages have valid Python names.
Traceback:
test/nn/models/test_deep_graph_infomax.py:2: in <module>
    from torch_geometric.nn import DeepGraphInfomax
torch_geometric/__init__.py:2: in <module>
    import torch_geometric.nn
torch_geometric/nn/__init__.py:2: in <module>
    from .data_parallel import DataParallel
torch_geometric/nn/data_parallel.py:5: in <module>
    from torch_geometric.data import Batch
torch_geometric/data/__init__.py:1: in <module>
    from .data import Data
torch_geometric/data/data.py:7: in <module>
    from torch_sparse import coalesce
../../miniconda3/envs/test/lib/python3.7/site-packages/torch_sparse-0.4.0-py3.7-linux-x86_64.egg/torch_sparse/__init__.py:2: in <module>
    from .coalesce import coalesce
../../miniconda3/envs/test/lib/python3.7/site-packages/torch_sparse-0.4.0-py3.7-linux-x86_64.egg/torch_sparse/coalesce.py:2: in <module>
    import torch_scatter
../../miniconda3/envs/test/lib/python3.7/site-packages/torch_scatter-1.3.1-py3.7-linux-x86_64.egg/torch_scatter/__init__.py:3: in <module>
    from .mul import scatter_mul
../../miniconda3/envs/test/lib/python3.7/site-packages/torch_scatter-1.3.1-py3.7-linux-x86_64.egg/torch_scatter/mul.py:3: in <module>
    from torch_scatter.utils.ext import get_func
../../miniconda3/envs/test/lib/python3.7/site-packages/torch_scatter-1.3.1-py3.7-linux-x86_64.egg/torch_scatter/utils/ext.py:2: in <module>
    import torch_scatter.scatter_cpu
E   ImportError: /home/matthias.barth/miniconda3/envs/test/lib/python3.7/site-packages/torch_scatter-1.3.1-py3.7-linux-x86_64.egg/torch_scatter/scatter_cpu.cpython-37m-x86_64-linux-gnu.so: undefined symbol: _ZN6caffe26detail37_typeMetaDataInstance_preallocated_32E
______________ ERROR collecting test/nn/models/test_graph_unet.py ______________
ImportError while importing test module '/home/matthias.barth/test/pytorch_geometric/test/nn/models/test_graph_unet.py'.
Hint: make sure your test modules/packages have valid Python names.
Traceback:
test/nn/models/test_graph_unet.py:2: in <module>
    from torch_geometric.nn import GraphUNet
torch_geometric/__init__.py:2: in <module>
    import torch_geometric.nn
torch_geometric/nn/__init__.py:2: in <module>
    from .data_parallel import DataParallel
torch_geometric/nn/data_parallel.py:5: in <module>
    from torch_geometric.data import Batch
torch_geometric/data/__init__.py:1: in <module>
    from .data import Data
torch_geometric/data/data.py:7: in <module>
    from torch_sparse import coalesce
../../miniconda3/envs/test/lib/python3.7/site-packages/torch_sparse-0.4.0-py3.7-linux-x86_64.egg/torch_sparse/__init__.py:2: in <module>
    from .coalesce import coalesce
../../miniconda3/envs/test/lib/python3.7/site-packages/torch_sparse-0.4.0-py3.7-linux-x86_64.egg/torch_sparse/coalesce.py:2: in <module>
    import torch_scatter
../../miniconda3/envs/test/lib/python3.7/site-packages/torch_scatter-1.3.1-py3.7-linux-x86_64.egg/torch_scatter/__init__.py:3: in <module>
    from .mul import scatter_mul
../../miniconda3/envs/test/lib/python3.7/site-packages/torch_scatter-1.3.1-py3.7-linux-x86_64.egg/torch_scatter/mul.py:3: in <module>
    from torch_scatter.utils.ext import get_func
../../miniconda3/envs/test/lib/python3.7/site-packages/torch_scatter-1.3.1-py3.7-linux-x86_64.egg/torch_scatter/utils/ext.py:2: in <module>
    import torch_scatter.scatter_cpu
E   ImportError: /home/matthias.barth/miniconda3/envs/test/lib/python3.7/site-packages/torch_scatter-1.3.1-py3.7-linux-x86_64.egg/torch_scatter/scatter_cpu.cpython-37m-x86_64-linux-gnu.so: undefined symbol: _ZN6caffe26detail37_typeMetaDataInstance_preallocated_32E
__________ ERROR collecting test/nn/models/test_jumping_knowledge.py ___________
ImportError while importing test module '/home/matthias.barth/test/pytorch_geometric/test/nn/models/test_jumping_knowledge.py'.
Hint: make sure your test modules/packages have valid Python names.
Traceback:
test/nn/models/test_jumping_knowledge.py:2: in <module>
    from torch_geometric.nn import JumpingKnowledge
torch_geometric/__init__.py:2: in <module>
    import torch_geometric.nn
torch_geometric/nn/__init__.py:2: in <module>
    from .data_parallel import DataParallel
torch_geometric/nn/data_parallel.py:5: in <module>
    from torch_geometric.data import Batch
torch_geometric/data/__init__.py:1: in <module>
    from .data import Data
torch_geometric/data/data.py:7: in <module>
    from torch_sparse import coalesce
../../miniconda3/envs/test/lib/python3.7/site-packages/torch_sparse-0.4.0-py3.7-linux-x86_64.egg/torch_sparse/__init__.py:2: in <module>
    from .coalesce import coalesce
../../miniconda3/envs/test/lib/python3.7/site-packages/torch_sparse-0.4.0-py3.7-linux-x86_64.egg/torch_sparse/coalesce.py:2: in <module>
    import torch_scatter
../../miniconda3/envs/test/lib/python3.7/site-packages/torch_scatter-1.3.1-py3.7-linux-x86_64.egg/torch_scatter/__init__.py:3: in <module>
    from .mul import scatter_mul
../../miniconda3/envs/test/lib/python3.7/site-packages/torch_scatter-1.3.1-py3.7-linux-x86_64.egg/torch_scatter/mul.py:3: in <module>
    from torch_scatter.utils.ext import get_func
../../miniconda3/envs/test/lib/python3.7/site-packages/torch_scatter-1.3.1-py3.7-linux-x86_64.egg/torch_scatter/utils/ext.py:2: in <module>
    import torch_scatter.scatter_cpu
E   ImportError: /home/matthias.barth/miniconda3/envs/test/lib/python3.7/site-packages/torch_scatter-1.3.1-py3.7-linux-x86_64.egg/torch_scatter/scatter_cpu.cpython-37m-x86_64-linux-gnu.so: undefined symbol: _ZN6caffe26detail37_typeMetaDataInstance_preallocated_32E
_______________ ERROR collecting test/nn/models/test_node2vec.py _______________
ImportError while importing test module '/home/matthias.barth/test/pytorch_geometric/test/nn/models/test_node2vec.py'.
Hint: make sure your test modules/packages have valid Python names.
Traceback:
test/nn/models/test_node2vec.py:2: in <module>
    from torch_geometric.nn import Node2Vec
torch_geometric/__init__.py:2: in <module>
    import torch_geometric.nn
torch_geometric/nn/__init__.py:2: in <module>
    from .data_parallel import DataParallel
torch_geometric/nn/data_parallel.py:5: in <module>
    from torch_geometric.data import Batch
torch_geometric/data/__init__.py:1: in <module>
    from .data import Data
torch_geometric/data/data.py:7: in <module>
    from torch_sparse import coalesce
../../miniconda3/envs/test/lib/python3.7/site-packages/torch_sparse-0.4.0-py3.7-linux-x86_64.egg/torch_sparse/__init__.py:2: in <module>
    from .coalesce import coalesce
../../miniconda3/envs/test/lib/python3.7/site-packages/torch_sparse-0.4.0-py3.7-linux-x86_64.egg/torch_sparse/coalesce.py:2: in <module>
    import torch_scatter
../../miniconda3/envs/test/lib/python3.7/site-packages/torch_scatter-1.3.1-py3.7-linux-x86_64.egg/torch_scatter/__init__.py:3: in <module>
    from .mul import scatter_mul
../../miniconda3/envs/test/lib/python3.7/site-packages/torch_scatter-1.3.1-py3.7-linux-x86_64.egg/torch_scatter/mul.py:3: in <module>
    from torch_scatter.utils.ext import get_func
../../miniconda3/envs/test/lib/python3.7/site-packages/torch_scatter-1.3.1-py3.7-linux-x86_64.egg/torch_scatter/utils/ext.py:2: in <module>
    import torch_scatter.scatter_cpu
E   ImportError: /home/matthias.barth/miniconda3/envs/test/lib/python3.7/site-packages/torch_scatter-1.3.1-py3.7-linux-x86_64.egg/torch_scatter/scatter_cpu.cpython-37m-x86_64-linux-gnu.so: undefined symbol: _ZN6caffe26detail37_typeMetaDataInstance_preallocated_32E
________________ ERROR collecting test/nn/models/test_re_net.py ________________
ImportError while importing test module '/home/matthias.barth/test/pytorch_geometric/test/nn/models/test_re_net.py'.
Hint: make sure your test modules/packages have valid Python names.
Traceback:
test/nn/models/test_re_net.py:7: in <module>
    from torch_geometric.nn import RENet
torch_geometric/__init__.py:2: in <module>
    import torch_geometric.nn
torch_geometric/nn/__init__.py:2: in <module>
    from .data_parallel import DataParallel
torch_geometric/nn/data_parallel.py:5: in <module>
    from torch_geometric.data import Batch
torch_geometric/data/__init__.py:1: in <module>
    from .data import Data
torch_geometric/data/data.py:7: in <module>
    from torch_sparse import coalesce
../../miniconda3/envs/test/lib/python3.7/site-packages/torch_sparse-0.4.0-py3.7-linux-x86_64.egg/torch_sparse/__init__.py:2: in <module>
    from .coalesce import coalesce
../../miniconda3/envs/test/lib/python3.7/site-packages/torch_sparse-0.4.0-py3.7-linux-x86_64.egg/torch_sparse/coalesce.py:2: in <module>
    import torch_scatter
../../miniconda3/envs/test/lib/python3.7/site-packages/torch_scatter-1.3.1-py3.7-linux-x86_64.egg/torch_scatter/__init__.py:3: in <module>
    from .mul import scatter_mul
../../miniconda3/envs/test/lib/python3.7/site-packages/torch_scatter-1.3.1-py3.7-linux-x86_64.egg/torch_scatter/mul.py:3: in <module>
    from torch_scatter.utils.ext import get_func
../../miniconda3/envs/test/lib/python3.7/site-packages/torch_scatter-1.3.1-py3.7-linux-x86_64.egg/torch_scatter/utils/ext.py:2: in <module>
    import torch_scatter.scatter_cpu
E   ImportError: /home/matthias.barth/miniconda3/envs/test/lib/python3.7/site-packages/torch_scatter-1.3.1-py3.7-linux-x86_64.egg/torch_scatter/scatter_cpu.cpython-37m-x86_64-linux-gnu.so: undefined symbol: _ZN6caffe26detail37_typeMetaDataInstance_preallocated_32E
______________ ERROR collecting test/nn/models/test_signed_gcn.py ______________
ImportError while importing test module '/home/matthias.barth/test/pytorch_geometric/test/nn/models/test_signed_gcn.py'.
Hint: make sure your test modules/packages have valid Python names.
Traceback:
test/nn/models/test_signed_gcn.py:2: in <module>
    from torch_geometric.nn import SignedGCN
torch_geometric/__init__.py:2: in <module>
    import torch_geometric.nn
torch_geometric/nn/__init__.py:2: in <module>
    from .data_parallel import DataParallel
torch_geometric/nn/data_parallel.py:5: in <module>
    from torch_geometric.data import Batch
torch_geometric/data/__init__.py:1: in <module>
    from .data import Data
torch_geometric/data/data.py:7: in <module>
    from torch_sparse import coalesce
../../miniconda3/envs/test/lib/python3.7/site-packages/torch_sparse-0.4.0-py3.7-linux-x86_64.egg/torch_sparse/__init__.py:2: in <module>
    from .coalesce import coalesce
../../miniconda3/envs/test/lib/python3.7/site-packages/torch_sparse-0.4.0-py3.7-linux-x86_64.egg/torch_sparse/coalesce.py:2: in <module>
    import torch_scatter
../../miniconda3/envs/test/lib/python3.7/site-packages/torch_scatter-1.3.1-py3.7-linux-x86_64.egg/torch_scatter/__init__.py:3: in <module>
    from .mul import scatter_mul
../../miniconda3/envs/test/lib/python3.7/site-packages/torch_scatter-1.3.1-py3.7-linux-x86_64.egg/torch_scatter/mul.py:3: in <module>
    from torch_scatter.utils.ext import get_func
../../miniconda3/envs/test/lib/python3.7/site-packages/torch_scatter-1.3.1-py3.7-linux-x86_64.egg/torch_scatter/utils/ext.py:2: in <module>
    import torch_scatter.scatter_cpu
E   ImportError: /home/matthias.barth/miniconda3/envs/test/lib/python3.7/site-packages/torch_scatter-1.3.1-py3.7-linux-x86_64.egg/torch_scatter/scatter_cpu.cpython-37m-x86_64-linux-gnu.so: undefined symbol: _ZN6caffe26detail37_typeMetaDataInstance_preallocated_32E
________________ ERROR collecting test/nn/pool/test_avg_pool.py ________________
ImportError while importing test module '/home/matthias.barth/test/pytorch_geometric/test/nn/pool/test_avg_pool.py'.
Hint: make sure your test modules/packages have valid Python names.
Traceback:
test/nn/pool/test_avg_pool.py:2: in <module>
    from torch_geometric.data import Batch
torch_geometric/__init__.py:2: in <module>
    import torch_geometric.nn
torch_geometric/nn/__init__.py:2: in <module>
    from .data_parallel import DataParallel
torch_geometric/nn/data_parallel.py:5: in <module>
    from torch_geometric.data import Batch
torch_geometric/data/__init__.py:1: in <module>
    from .data import Data
torch_geometric/data/data.py:7: in <module>
    from torch_sparse import coalesce
../../miniconda3/envs/test/lib/python3.7/site-packages/torch_sparse-0.4.0-py3.7-linux-x86_64.egg/torch_sparse/__init__.py:2: in <module>
    from .coalesce import coalesce
../../miniconda3/envs/test/lib/python3.7/site-packages/torch_sparse-0.4.0-py3.7-linux-x86_64.egg/torch_sparse/coalesce.py:2: in <module>
    import torch_scatter
../../miniconda3/envs/test/lib/python3.7/site-packages/torch_scatter-1.3.1-py3.7-linux-x86_64.egg/torch_scatter/__init__.py:3: in <module>
    from .mul import scatter_mul
../../miniconda3/envs/test/lib/python3.7/site-packages/torch_scatter-1.3.1-py3.7-linux-x86_64.egg/torch_scatter/mul.py:3: in <module>
    from torch_scatter.utils.ext import get_func
../../miniconda3/envs/test/lib/python3.7/site-packages/torch_scatter-1.3.1-py3.7-linux-x86_64.egg/torch_scatter/utils/ext.py:2: in <module>
    import torch_scatter.scatter_cpu
E   ImportError: /home/matthias.barth/miniconda3/envs/test/lib/python3.7/site-packages/torch_scatter-1.3.1-py3.7-linux-x86_64.egg/torch_scatter/scatter_cpu.cpython-37m-x86_64-linux-gnu.so: undefined symbol: _ZN6caffe26detail37_typeMetaDataInstance_preallocated_32E
______________ ERROR collecting test/nn/pool/test_consecutive.py _______________
ImportError while importing test module '/home/matthias.barth/test/pytorch_geometric/test/nn/pool/test_consecutive.py'.
Hint: make sure your test modules/packages have valid Python names.
Traceback:
test/nn/pool/test_consecutive.py:2: in <module>
    from torch_geometric.nn.pool.consecutive import consecutive_cluster
torch_geometric/__init__.py:2: in <module>
    import torch_geometric.nn
torch_geometric/nn/__init__.py:2: in <module>
    from .data_parallel import DataParallel
torch_geometric/nn/data_parallel.py:5: in <module>
    from torch_geometric.data import Batch
torch_geometric/data/__init__.py:1: in <module>
    from .data import Data
torch_geometric/data/data.py:7: in <module>
    from torch_sparse import coalesce
../../miniconda3/envs/test/lib/python3.7/site-packages/torch_sparse-0.4.0-py3.7-linux-x86_64.egg/torch_sparse/__init__.py:2: in <module>
    from .coalesce import coalesce
../../miniconda3/envs/test/lib/python3.7/site-packages/torch_sparse-0.4.0-py3.7-linux-x86_64.egg/torch_sparse/coalesce.py:2: in <module>
    import torch_scatter
../../miniconda3/envs/test/lib/python3.7/site-packages/torch_scatter-1.3.1-py3.7-linux-x86_64.egg/torch_scatter/__init__.py:3: in <module>
    from .mul import scatter_mul
../../miniconda3/envs/test/lib/python3.7/site-packages/torch_scatter-1.3.1-py3.7-linux-x86_64.egg/torch_scatter/mul.py:3: in <module>
    from torch_scatter.utils.ext import get_func
../../miniconda3/envs/test/lib/python3.7/site-packages/torch_scatter-1.3.1-py3.7-linux-x86_64.egg/torch_scatter/utils/ext.py:2: in <module>
    import torch_scatter.scatter_cpu
E   ImportError: /home/matthias.barth/miniconda3/envs/test/lib/python3.7/site-packages/torch_scatter-1.3.1-py3.7-linux-x86_64.egg/torch_scatter/scatter_cpu.cpython-37m-x86_64-linux-gnu.so: undefined symbol: _ZN6caffe26detail37_typeMetaDataInstance_preallocated_32E
_______________ ERROR collecting test/nn/pool/test_edge_pool.py ________________
ImportError while importing test module '/home/matthias.barth/test/pytorch_geometric/test/nn/pool/test_edge_pool.py'.
Hint: make sure your test modules/packages have valid Python names.
Traceback:
test/nn/pool/test_edge_pool.py:2: in <module>
    from torch_geometric.nn import EdgePooling
torch_geometric/__init__.py:2: in <module>
    import torch_geometric.nn
torch_geometric/nn/__init__.py:2: in <module>
    from .data_parallel import DataParallel
torch_geometric/nn/data_parallel.py:5: in <module>
    from torch_geometric.data import Batch
torch_geometric/data/__init__.py:1: in <module>
    from .data import Data
torch_geometric/data/data.py:7: in <module>
    from torch_sparse import coalesce
../../miniconda3/envs/test/lib/python3.7/site-packages/torch_sparse-0.4.0-py3.7-linux-x86_64.egg/torch_sparse/__init__.py:2: in <module>
    from .coalesce import coalesce
../../miniconda3/envs/test/lib/python3.7/site-packages/torch_sparse-0.4.0-py3.7-linux-x86_64.egg/torch_sparse/coalesce.py:2: in <module>
    import torch_scatter
../../miniconda3/envs/test/lib/python3.7/site-packages/torch_scatter-1.3.1-py3.7-linux-x86_64.egg/torch_scatter/__init__.py:3: in <module>
    from .mul import scatter_mul
../../miniconda3/envs/test/lib/python3.7/site-packages/torch_scatter-1.3.1-py3.7-linux-x86_64.egg/torch_scatter/mul.py:3: in <module>
    from torch_scatter.utils.ext import get_func
../../miniconda3/envs/test/lib/python3.7/site-packages/torch_scatter-1.3.1-py3.7-linux-x86_64.egg/torch_scatter/utils/ext.py:2: in <module>
    import torch_scatter.scatter_cpu
E   ImportError: /home/matthias.barth/miniconda3/envs/test/lib/python3.7/site-packages/torch_scatter-1.3.1-py3.7-linux-x86_64.egg/torch_scatter/scatter_cpu.cpython-37m-x86_64-linux-gnu.so: undefined symbol: _ZN6caffe26detail37_typeMetaDataInstance_preallocated_32E
________________ ERROR collecting test/nn/pool/test_graclus.py _________________
ImportError while importing test module '/home/matthias.barth/test/pytorch_geometric/test/nn/pool/test_graclus.py'.
Hint: make sure your test modules/packages have valid Python names.
Traceback:
test/nn/pool/test_graclus.py:2: in <module>
    from torch_geometric.nn import graclus
torch_geometric/__init__.py:2: in <module>
    import torch_geometric.nn
torch_geometric/nn/__init__.py:2: in <module>
    from .data_parallel import DataParallel
torch_geometric/nn/data_parallel.py:5: in <module>
    from torch_geometric.data import Batch
torch_geometric/data/__init__.py:1: in <module>
    from .data import Data
torch_geometric/data/data.py:7: in <module>
    from torch_sparse import coalesce
../../miniconda3/envs/test/lib/python3.7/site-packages/torch_sparse-0.4.0-py3.7-linux-x86_64.egg/torch_sparse/__init__.py:2: in <module>
    from .coalesce import coalesce
../../miniconda3/envs/test/lib/python3.7/site-packages/torch_sparse-0.4.0-py3.7-linux-x86_64.egg/torch_sparse/coalesce.py:2: in <module>
    import torch_scatter
../../miniconda3/envs/test/lib/python3.7/site-packages/torch_scatter-1.3.1-py3.7-linux-x86_64.egg/torch_scatter/__init__.py:3: in <module>
    from .mul import scatter_mul
../../miniconda3/envs/test/lib/python3.7/site-packages/torch_scatter-1.3.1-py3.7-linux-x86_64.egg/torch_scatter/mul.py:3: in <module>
    from torch_scatter.utils.ext import get_func
../../miniconda3/envs/test/lib/python3.7/site-packages/torch_scatter-1.3.1-py3.7-linux-x86_64.egg/torch_scatter/utils/ext.py:2: in <module>
    import torch_scatter.scatter_cpu
E   ImportError: /home/matthias.barth/miniconda3/envs/test/lib/python3.7/site-packages/torch_scatter-1.3.1-py3.7-linux-x86_64.egg/torch_scatter/scatter_cpu.cpython-37m-x86_64-linux-gnu.so: undefined symbol: _ZN6caffe26detail37_typeMetaDataInstance_preallocated_32E
________________ ERROR collecting test/nn/pool/test_max_pool.py ________________
ImportError while importing test module '/home/matthias.barth/test/pytorch_geometric/test/nn/pool/test_max_pool.py'.
Hint: make sure your test modules/packages have valid Python names.
Traceback:
test/nn/pool/test_max_pool.py:2: in <module>
    from torch_geometric.data import Batch
torch_geometric/__init__.py:2: in <module>
    import torch_geometric.nn
torch_geometric/nn/__init__.py:2: in <module>
    from .data_parallel import DataParallel
torch_geometric/nn/data_parallel.py:5: in <module>
    from torch_geometric.data import Batch
torch_geometric/data/__init__.py:1: in <module>
    from .data import Data
torch_geometric/data/data.py:7: in <module>
    from torch_sparse import coalesce
../../miniconda3/envs/test/lib/python3.7/site-packages/torch_sparse-0.4.0-py3.7-linux-x86_64.egg/torch_sparse/__init__.py:2: in <module>
    from .coalesce import coalesce
../../miniconda3/envs/test/lib/python3.7/site-packages/torch_sparse-0.4.0-py3.7-linux-x86_64.egg/torch_sparse/coalesce.py:2: in <module>
    import torch_scatter
../../miniconda3/envs/test/lib/python3.7/site-packages/torch_scatter-1.3.1-py3.7-linux-x86_64.egg/torch_scatter/__init__.py:3: in <module>
    from .mul import scatter_mul
../../miniconda3/envs/test/lib/python3.7/site-packages/torch_scatter-1.3.1-py3.7-linux-x86_64.egg/torch_scatter/mul.py:3: in <module>
    from torch_scatter.utils.ext import get_func
../../miniconda3/envs/test/lib/python3.7/site-packages/torch_scatter-1.3.1-py3.7-linux-x86_64.egg/torch_scatter/utils/ext.py:2: in <module>
    import torch_scatter.scatter_cpu
E   ImportError: /home/matthias.barth/miniconda3/envs/test/lib/python3.7/site-packages/torch_scatter-1.3.1-py3.7-linux-x86_64.egg/torch_scatter/scatter_cpu.cpython-37m-x86_64-linux-gnu.so: undefined symbol: _ZN6caffe26detail37_typeMetaDataInstance_preallocated_32E
________________ ERROR collecting test/nn/pool/test_sag_pool.py ________________
ImportError while importing test module '/home/matthias.barth/test/pytorch_geometric/test/nn/pool/test_sag_pool.py'.
Hint: make sure your test modules/packages have valid Python names.
Traceback:
test/nn/pool/test_sag_pool.py:4: in <module>
    from torch_geometric.nn import (SAGPooling, GraphConv, GCNConv, GATConv,
torch_geometric/__init__.py:2: in <module>
    import torch_geometric.nn
torch_geometric/nn/__init__.py:2: in <module>
    from .data_parallel import DataParallel
torch_geometric/nn/data_parallel.py:5: in <module>
    from torch_geometric.data import Batch
torch_geometric/data/__init__.py:1: in <module>
    from .data import Data
torch_geometric/data/data.py:7: in <module>
    from torch_sparse import coalesce
../../miniconda3/envs/test/lib/python3.7/site-packages/torch_sparse-0.4.0-py3.7-linux-x86_64.egg/torch_sparse/__init__.py:2: in <module>
    from .coalesce import coalesce
../../miniconda3/envs/test/lib/python3.7/site-packages/torch_sparse-0.4.0-py3.7-linux-x86_64.egg/torch_sparse/coalesce.py:2: in <module>
    import torch_scatter
../../miniconda3/envs/test/lib/python3.7/site-packages/torch_scatter-1.3.1-py3.7-linux-x86_64.egg/torch_scatter/__init__.py:3: in <module>
    from .mul import scatter_mul
../../miniconda3/envs/test/lib/python3.7/site-packages/torch_scatter-1.3.1-py3.7-linux-x86_64.egg/torch_scatter/mul.py:3: in <module>
    from torch_scatter.utils.ext import get_func
../../miniconda3/envs/test/lib/python3.7/site-packages/torch_scatter-1.3.1-py3.7-linux-x86_64.egg/torch_scatter/utils/ext.py:2: in <module>
    import torch_scatter.scatter_cpu
E   ImportError: /home/matthias.barth/miniconda3/envs/test/lib/python3.7/site-packages/torch_scatter-1.3.1-py3.7-linux-x86_64.egg/torch_scatter/scatter_cpu.cpython-37m-x86_64-linux-gnu.so: undefined symbol: _ZN6caffe26detail37_typeMetaDataInstance_preallocated_32E
_______________ ERROR collecting test/nn/pool/test_topk_pool.py ________________
ImportError while importing test module '/home/matthias.barth/test/pytorch_geometric/test/nn/pool/test_topk_pool.py'.
Hint: make sure your test modules/packages have valid Python names.
Traceback:
test/nn/pool/test_topk_pool.py:4: in <module>
    from torch_geometric.nn.pool.topk_pool import topk, filter_adj, TopKPooling
torch_geometric/__init__.py:2: in <module>
    import torch_geometric.nn
torch_geometric/nn/__init__.py:2: in <module>
    from .data_parallel import DataParallel
torch_geometric/nn/data_parallel.py:5: in <module>
    from torch_geometric.data import Batch
torch_geometric/data/__init__.py:1: in <module>
    from .data import Data
torch_geometric/data/data.py:7: in <module>
    from torch_sparse import coalesce
../../miniconda3/envs/test/lib/python3.7/site-packages/torch_sparse-0.4.0-py3.7-linux-x86_64.egg/torch_sparse/__init__.py:2: in <module>
    from .coalesce import coalesce
../../miniconda3/envs/test/lib/python3.7/site-packages/torch_sparse-0.4.0-py3.7-linux-x86_64.egg/torch_sparse/coalesce.py:2: in <module>
    import torch_scatter
../../miniconda3/envs/test/lib/python3.7/site-packages/torch_scatter-1.3.1-py3.7-linux-x86_64.egg/torch_scatter/__init__.py:3: in <module>
    from .mul import scatter_mul
../../miniconda3/envs/test/lib/python3.7/site-packages/torch_scatter-1.3.1-py3.7-linux-x86_64.egg/torch_scatter/mul.py:3: in <module>
    from torch_scatter.utils.ext import get_func
../../miniconda3/envs/test/lib/python3.7/site-packages/torch_scatter-1.3.1-py3.7-linux-x86_64.egg/torch_scatter/utils/ext.py:2: in <module>
    import torch_scatter.scatter_cpu
E   ImportError: /home/matthias.barth/miniconda3/envs/test/lib/python3.7/site-packages/torch_scatter-1.3.1-py3.7-linux-x86_64.egg/torch_scatter/scatter_cpu.cpython-37m-x86_64-linux-gnu.so: undefined symbol: _ZN6caffe26detail37_typeMetaDataInstance_preallocated_32E
_______________ ERROR collecting test/nn/pool/test_voxel_grid.py _______________
ImportError while importing test module '/home/matthias.barth/test/pytorch_geometric/test/nn/pool/test_voxel_grid.py'.
Hint: make sure your test modules/packages have valid Python names.
Traceback:
test/nn/pool/test_voxel_grid.py:2: in <module>
    from torch_geometric.nn import voxel_grid, avg_pool
torch_geometric/__init__.py:2: in <module>
    import torch_geometric.nn
torch_geometric/nn/__init__.py:2: in <module>
    from .data_parallel import DataParallel
torch_geometric/nn/data_parallel.py:5: in <module>
    from torch_geometric.data import Batch
torch_geometric/data/__init__.py:1: in <module>
    from .data import Data
torch_geometric/data/data.py:7: in <module>
    from torch_sparse import coalesce
../../miniconda3/envs/test/lib/python3.7/site-packages/torch_sparse-0.4.0-py3.7-linux-x86_64.egg/torch_sparse/__init__.py:2: in <module>
    from .coalesce import coalesce
../../miniconda3/envs/test/lib/python3.7/site-packages/torch_sparse-0.4.0-py3.7-linux-x86_64.egg/torch_sparse/coalesce.py:2: in <module>
    import torch_scatter
../../miniconda3/envs/test/lib/python3.7/site-packages/torch_scatter-1.3.1-py3.7-linux-x86_64.egg/torch_scatter/__init__.py:3: in <module>
    from .mul import scatter_mul
../../miniconda3/envs/test/lib/python3.7/site-packages/torch_scatter-1.3.1-py3.7-linux-x86_64.egg/torch_scatter/mul.py:3: in <module>
    from torch_scatter.utils.ext import get_func
../../miniconda3/envs/test/lib/python3.7/site-packages/torch_scatter-1.3.1-py3.7-linux-x86_64.egg/torch_scatter/utils/ext.py:2: in <module>
    import torch_scatter.scatter_cpu
E   ImportError: /home/matthias.barth/miniconda3/envs/test/lib/python3.7/site-packages/torch_scatter-1.3.1-py3.7-linux-x86_64.egg/torch_scatter/scatter_cpu.cpython-37m-x86_64-linux-gnu.so: undefined symbol: _ZN6caffe26detail37_typeMetaDataInstance_preallocated_32E
___________ ERROR collecting test/nn/unpool/test_knn_interpolate.py ____________
ImportError while importing test module '/home/matthias.barth/test/pytorch_geometric/test/nn/unpool/test_knn_interpolate.py'.
Hint: make sure your test modules/packages have valid Python names.
Traceback:
test/nn/unpool/test_knn_interpolate.py:2: in <module>
    from torch_geometric.nn import knn_interpolate
torch_geometric/__init__.py:2: in <module>
    import torch_geometric.nn
torch_geometric/nn/__init__.py:2: in <module>
    from .data_parallel import DataParallel
torch_geometric/nn/data_parallel.py:5: in <module>
    from torch_geometric.data import Batch
torch_geometric/data/__init__.py:1: in <module>
    from .data import Data
torch_geometric/data/data.py:7: in <module>
    from torch_sparse import coalesce
../../miniconda3/envs/test/lib/python3.7/site-packages/torch_sparse-0.4.0-py3.7-linux-x86_64.egg/torch_sparse/__init__.py:2: in <module>
    from .coalesce import coalesce
../../miniconda3/envs/test/lib/python3.7/site-packages/torch_sparse-0.4.0-py3.7-linux-x86_64.egg/torch_sparse/coalesce.py:2: in <module>
    import torch_scatter
../../miniconda3/envs/test/lib/python3.7/site-packages/torch_scatter-1.3.1-py3.7-linux-x86_64.egg/torch_scatter/__init__.py:3: in <module>
    from .mul import scatter_mul
../../miniconda3/envs/test/lib/python3.7/site-packages/torch_scatter-1.3.1-py3.7-linux-x86_64.egg/torch_scatter/mul.py:3: in <module>
    from torch_scatter.utils.ext import get_func
../../miniconda3/envs/test/lib/python3.7/site-packages/torch_scatter-1.3.1-py3.7-linux-x86_64.egg/torch_scatter/utils/ext.py:2: in <module>
    import torch_scatter.scatter_cpu
E   ImportError: /home/matthias.barth/miniconda3/envs/test/lib/python3.7/site-packages/torch_scatter-1.3.1-py3.7-linux-x86_64.egg/torch_scatter/scatter_cpu.cpython-37m-x86_64-linux-gnu.so: undefined symbol: _ZN6caffe26detail37_typeMetaDataInstance_preallocated_32E
___________ ERROR collecting test/transforms/test_add_self_loops.py ____________
ImportError while importing test module '/home/matthias.barth/test/pytorch_geometric/test/transforms/test_add_self_loops.py'.
Hint: make sure your test modules/packages have valid Python names.
Traceback:
test/transforms/test_add_self_loops.py:2: in <module>
    from torch_geometric.transforms import AddSelfLoops
torch_geometric/__init__.py:2: in <module>
    import torch_geometric.nn
torch_geometric/nn/__init__.py:2: in <module>
    from .data_parallel import DataParallel
torch_geometric/nn/data_parallel.py:5: in <module>
    from torch_geometric.data import Batch
torch_geometric/data/__init__.py:1: in <module>
    from .data import Data
torch_geometric/data/data.py:7: in <module>
    from torch_sparse import coalesce
../../miniconda3/envs/test/lib/python3.7/site-packages/torch_sparse-0.4.0-py3.7-linux-x86_64.egg/torch_sparse/__init__.py:2: in <module>
    from .coalesce import coalesce
../../miniconda3/envs/test/lib/python3.7/site-packages/torch_sparse-0.4.0-py3.7-linux-x86_64.egg/torch_sparse/coalesce.py:2: in <module>
    import torch_scatter
../../miniconda3/envs/test/lib/python3.7/site-packages/torch_scatter-1.3.1-py3.7-linux-x86_64.egg/torch_scatter/__init__.py:3: in <module>
    from .mul import scatter_mul
../../miniconda3/envs/test/lib/python3.7/site-packages/torch_scatter-1.3.1-py3.7-linux-x86_64.egg/torch_scatter/mul.py:3: in <module>
    from torch_scatter.utils.ext import get_func
../../miniconda3/envs/test/lib/python3.7/site-packages/torch_scatter-1.3.1-py3.7-linux-x86_64.egg/torch_scatter/utils/ext.py:2: in <module>
    import torch_scatter.scatter_cpu
E   ImportError: /home/matthias.barth/miniconda3/envs/test/lib/python3.7/site-packages/torch_scatter-1.3.1-py3.7-linux-x86_64.egg/torch_scatter/scatter_cpu.cpython-37m-x86_64-linux-gnu.so: undefined symbol: _ZN6caffe26detail37_typeMetaDataInstance_preallocated_32E
______________ ERROR collecting test/transforms/test_cartesian.py ______________
ImportError while importing test module '/home/matthias.barth/test/pytorch_geometric/test/transforms/test_cartesian.py'.
Hint: make sure your test modules/packages have valid Python names.
Traceback:
test/transforms/test_cartesian.py:2: in <module>
    from torch_geometric.transforms import Cartesian
torch_geometric/__init__.py:2: in <module>
    import torch_geometric.nn
torch_geometric/nn/__init__.py:2: in <module>
    from .data_parallel import DataParallel
torch_geometric/nn/data_parallel.py:5: in <module>
    from torch_geometric.data import Batch
torch_geometric/data/__init__.py:1: in <module>
    from .data import Data
torch_geometric/data/data.py:7: in <module>
    from torch_sparse import coalesce
../../miniconda3/envs/test/lib/python3.7/site-packages/torch_sparse-0.4.0-py3.7-linux-x86_64.egg/torch_sparse/__init__.py:2: in <module>
    from .coalesce import coalesce
../../miniconda3/envs/test/lib/python3.7/site-packages/torch_sparse-0.4.0-py3.7-linux-x86_64.egg/torch_sparse/coalesce.py:2: in <module>
    import torch_scatter
../../miniconda3/envs/test/lib/python3.7/site-packages/torch_scatter-1.3.1-py3.7-linux-x86_64.egg/torch_scatter/__init__.py:3: in <module>
    from .mul import scatter_mul
../../miniconda3/envs/test/lib/python3.7/site-packages/torch_scatter-1.3.1-py3.7-linux-x86_64.egg/torch_scatter/mul.py:3: in <module>
    from torch_scatter.utils.ext import get_func
../../miniconda3/envs/test/lib/python3.7/site-packages/torch_scatter-1.3.1-py3.7-linux-x86_64.egg/torch_scatter/utils/ext.py:2: in <module>
    import torch_scatter.scatter_cpu
E   ImportError: /home/matthias.barth/miniconda3/envs/test/lib/python3.7/site-packages/torch_scatter-1.3.1-py3.7-linux-x86_64.egg/torch_scatter/scatter_cpu.cpython-37m-x86_64-linux-gnu.so: undefined symbol: _ZN6caffe26detail37_typeMetaDataInstance_preallocated_32E
_______________ ERROR collecting test/transforms/test_center.py ________________
ImportError while importing test module '/home/matthias.barth/test/pytorch_geometric/test/transforms/test_center.py'.
Hint: make sure your test modules/packages have valid Python names.
Traceback:
test/transforms/test_center.py:2: in <module>
    from torch_geometric.transforms import Center
torch_geometric/__init__.py:2: in <module>
    import torch_geometric.nn
torch_geometric/nn/__init__.py:2: in <module>
    from .data_parallel import DataParallel
torch_geometric/nn/data_parallel.py:5: in <module>
    from torch_geometric.data import Batch
torch_geometric/data/__init__.py:1: in <module>
    from .data import Data
torch_geometric/data/data.py:7: in <module>
    from torch_sparse import coalesce
../../miniconda3/envs/test/lib/python3.7/site-packages/torch_sparse-0.4.0-py3.7-linux-x86_64.egg/torch_sparse/__init__.py:2: in <module>
    from .coalesce import coalesce
../../miniconda3/envs/test/lib/python3.7/site-packages/torch_sparse-0.4.0-py3.7-linux-x86_64.egg/torch_sparse/coalesce.py:2: in <module>
    import torch_scatter
../../miniconda3/envs/test/lib/python3.7/site-packages/torch_scatter-1.3.1-py3.7-linux-x86_64.egg/torch_scatter/__init__.py:3: in <module>
    from .mul import scatter_mul
../../miniconda3/envs/test/lib/python3.7/site-packages/torch_scatter-1.3.1-py3.7-linux-x86_64.egg/torch_scatter/mul.py:3: in <module>
    from torch_scatter.utils.ext import get_func
../../miniconda3/envs/test/lib/python3.7/site-packages/torch_scatter-1.3.1-py3.7-linux-x86_64.egg/torch_scatter/utils/ext.py:2: in <module>
    import torch_scatter.scatter_cpu
E   ImportError: /home/matthias.barth/miniconda3/envs/test/lib/python3.7/site-packages/torch_scatter-1.3.1-py3.7-linux-x86_64.egg/torch_scatter/scatter_cpu.cpython-37m-x86_64-linux-gnu.so: undefined symbol: _ZN6caffe26detail37_typeMetaDataInstance_preallocated_32E
_______________ ERROR collecting test/transforms/test_compose.py _______________
ImportError while importing test module '/home/matthias.barth/test/pytorch_geometric/test/transforms/test_compose.py'.
Hint: make sure your test modules/packages have valid Python names.
Traceback:
test/transforms/test_compose.py:2: in <module>
    import torch_geometric.transforms as T
torch_geometric/__init__.py:2: in <module>
    import torch_geometric.nn
torch_geometric/nn/__init__.py:2: in <module>
    from .data_parallel import DataParallel
torch_geometric/nn/data_parallel.py:5: in <module>
    from torch_geometric.data import Batch
torch_geometric/data/__init__.py:1: in <module>
    from .data import Data
torch_geometric/data/data.py:7: in <module>
    from torch_sparse import coalesce
../../miniconda3/envs/test/lib/python3.7/site-packages/torch_sparse-0.4.0-py3.7-linux-x86_64.egg/torch_sparse/__init__.py:2: in <module>
    from .coalesce import coalesce
../../miniconda3/envs/test/lib/python3.7/site-packages/torch_sparse-0.4.0-py3.7-linux-x86_64.egg/torch_sparse/coalesce.py:2: in <module>
    import torch_scatter
../../miniconda3/envs/test/lib/python3.7/site-packages/torch_scatter-1.3.1-py3.7-linux-x86_64.egg/torch_scatter/__init__.py:3: in <module>
    from .mul import scatter_mul
../../miniconda3/envs/test/lib/python3.7/site-packages/torch_scatter-1.3.1-py3.7-linux-x86_64.egg/torch_scatter/mul.py:3: in <module>
    from torch_scatter.utils.ext import get_func
../../miniconda3/envs/test/lib/python3.7/site-packages/torch_scatter-1.3.1-py3.7-linux-x86_64.egg/torch_scatter/utils/ext.py:2: in <module>
    import torch_scatter.scatter_cpu
E   ImportError: /home/matthias.barth/miniconda3/envs/test/lib/python3.7/site-packages/torch_scatter-1.3.1-py3.7-linux-x86_64.egg/torch_scatter/scatter_cpu.cpython-37m-x86_64-linux-gnu.so: undefined symbol: _ZN6caffe26detail37_typeMetaDataInstance_preallocated_32E
______________ ERROR collecting test/transforms/test_constant.py _______________
ImportError while importing test module '/home/matthias.barth/test/pytorch_geometric/test/transforms/test_constant.py'.
Hint: make sure your test modules/packages have valid Python names.
Traceback:
test/transforms/test_constant.py:2: in <module>
    from torch_geometric.transforms import Constant
torch_geometric/__init__.py:2: in <module>
    import torch_geometric.nn
torch_geometric/nn/__init__.py:2: in <module>
    from .data_parallel import DataParallel
torch_geometric/nn/data_parallel.py:5: in <module>
    from torch_geometric.data import Batch
torch_geometric/data/__init__.py:1: in <module>
    from .data import Data
torch_geometric/data/data.py:7: in <module>
    from torch_sparse import coalesce
../../miniconda3/envs/test/lib/python3.7/site-packages/torch_sparse-0.4.0-py3.7-linux-x86_64.egg/torch_sparse/__init__.py:2: in <module>
    from .coalesce import coalesce
../../miniconda3/envs/test/lib/python3.7/site-packages/torch_sparse-0.4.0-py3.7-linux-x86_64.egg/torch_sparse/coalesce.py:2: in <module>
    import torch_scatter
../../miniconda3/envs/test/lib/python3.7/site-packages/torch_scatter-1.3.1-py3.7-linux-x86_64.egg/torch_scatter/__init__.py:3: in <module>
    from .mul import scatter_mul
../../miniconda3/envs/test/lib/python3.7/site-packages/torch_scatter-1.3.1-py3.7-linux-x86_64.egg/torch_scatter/mul.py:3: in <module>
    from torch_scatter.utils.ext import get_func
../../miniconda3/envs/test/lib/python3.7/site-packages/torch_scatter-1.3.1-py3.7-linux-x86_64.egg/torch_scatter/utils/ext.py:2: in <module>
    import torch_scatter.scatter_cpu
E   ImportError: /home/matthias.barth/miniconda3/envs/test/lib/python3.7/site-packages/torch_scatter-1.3.1-py3.7-linux-x86_64.egg/torch_scatter/scatter_cpu.cpython-37m-x86_64-linux-gnu.so: undefined symbol: _ZN6caffe26detail37_typeMetaDataInstance_preallocated_32E
______________ ERROR collecting test/transforms/test_delaunay.py _______________
ImportError while importing test module '/home/matthias.barth/test/pytorch_geometric/test/transforms/test_delaunay.py'.
Hint: make sure your test modules/packages have valid Python names.
Traceback:
test/transforms/test_delaunay.py:2: in <module>
    from torch_geometric.transforms import Delaunay
torch_geometric/__init__.py:2: in <module>
    import torch_geometric.nn
torch_geometric/nn/__init__.py:2: in <module>
    from .data_parallel import DataParallel
torch_geometric/nn/data_parallel.py:5: in <module>
    from torch_geometric.data import Batch
torch_geometric/data/__init__.py:1: in <module>
    from .data import Data
torch_geometric/data/data.py:7: in <module>
    from torch_sparse import coalesce
../../miniconda3/envs/test/lib/python3.7/site-packages/torch_sparse-0.4.0-py3.7-linux-x86_64.egg/torch_sparse/__init__.py:2: in <module>
    from .coalesce import coalesce
../../miniconda3/envs/test/lib/python3.7/site-packages/torch_sparse-0.4.0-py3.7-linux-x86_64.egg/torch_sparse/coalesce.py:2: in <module>
    import torch_scatter
../../miniconda3/envs/test/lib/python3.7/site-packages/torch_scatter-1.3.1-py3.7-linux-x86_64.egg/torch_scatter/__init__.py:3: in <module>
    from .mul import scatter_mul
../../miniconda3/envs/test/lib/python3.7/site-packages/torch_scatter-1.3.1-py3.7-linux-x86_64.egg/torch_scatter/mul.py:3: in <module>
    from torch_scatter.utils.ext import get_func
../../miniconda3/envs/test/lib/python3.7/site-packages/torch_scatter-1.3.1-py3.7-linux-x86_64.egg/torch_scatter/utils/ext.py:2: in <module>
    import torch_scatter.scatter_cpu
E   ImportError: /home/matthias.barth/miniconda3/envs/test/lib/python3.7/site-packages/torch_scatter-1.3.1-py3.7-linux-x86_64.egg/torch_scatter/scatter_cpu.cpython-37m-x86_64-linux-gnu.so: undefined symbol: _ZN6caffe26detail37_typeMetaDataInstance_preallocated_32E
______________ ERROR collecting test/transforms/test_distance.py _______________
ImportError while importing test module '/home/matthias.barth/test/pytorch_geometric/test/transforms/test_distance.py'.
Hint: make sure your test modules/packages have valid Python names.
Traceback:
test/transforms/test_distance.py:2: in <module>
    from torch_geometric.transforms import Distance
torch_geometric/__init__.py:2: in <module>
    import torch_geometric.nn
torch_geometric/nn/__init__.py:2: in <module>
    from .data_parallel import DataParallel
torch_geometric/nn/data_parallel.py:5: in <module>
    from torch_geometric.data import Batch
torch_geometric/data/__init__.py:1: in <module>
    from .data import Data
torch_geometric/data/data.py:7: in <module>
    from torch_sparse import coalesce
../../miniconda3/envs/test/lib/python3.7/site-packages/torch_sparse-0.4.0-py3.7-linux-x86_64.egg/torch_sparse/__init__.py:2: in <module>
    from .coalesce import coalesce
../../miniconda3/envs/test/lib/python3.7/site-packages/torch_sparse-0.4.0-py3.7-linux-x86_64.egg/torch_sparse/coalesce.py:2: in <module>
    import torch_scatter
../../miniconda3/envs/test/lib/python3.7/site-packages/torch_scatter-1.3.1-py3.7-linux-x86_64.egg/torch_scatter/__init__.py:3: in <module>
    from .mul import scatter_mul
../../miniconda3/envs/test/lib/python3.7/site-packages/torch_scatter-1.3.1-py3.7-linux-x86_64.egg/torch_scatter/mul.py:3: in <module>
    from torch_scatter.utils.ext import get_func
../../miniconda3/envs/test/lib/python3.7/site-packages/torch_scatter-1.3.1-py3.7-linux-x86_64.egg/torch_scatter/utils/ext.py:2: in <module>
    import torch_scatter.scatter_cpu
E   ImportError: /home/matthias.barth/miniconda3/envs/test/lib/python3.7/site-packages/torch_scatter-1.3.1-py3.7-linux-x86_64.egg/torch_scatter/scatter_cpu.cpython-37m-x86_64-linux-gnu.so: undefined symbol: _ZN6caffe26detail37_typeMetaDataInstance_preallocated_32E
____________ ERROR collecting test/transforms/test_face_to_edge.py _____________
ImportError while importing test module '/home/matthias.barth/test/pytorch_geometric/test/transforms/test_face_to_edge.py'.
Hint: make sure your test modules/packages have valid Python names.
Traceback:
test/transforms/test_face_to_edge.py:2: in <module>
    from torch_geometric.transforms import FaceToEdge
torch_geometric/__init__.py:2: in <module>
    import torch_geometric.nn
torch_geometric/nn/__init__.py:2: in <module>
    from .data_parallel import DataParallel
torch_geometric/nn/data_parallel.py:5: in <module>
    from torch_geometric.data import Batch
torch_geometric/data/__init__.py:1: in <module>
    from .data import Data
torch_geometric/data/data.py:7: in <module>
    from torch_sparse import coalesce
../../miniconda3/envs/test/lib/python3.7/site-packages/torch_sparse-0.4.0-py3.7-linux-x86_64.egg/torch_sparse/__init__.py:2: in <module>
    from .coalesce import coalesce
../../miniconda3/envs/test/lib/python3.7/site-packages/torch_sparse-0.4.0-py3.7-linux-x86_64.egg/torch_sparse/coalesce.py:2: in <module>
    import torch_scatter
../../miniconda3/envs/test/lib/python3.7/site-packages/torch_scatter-1.3.1-py3.7-linux-x86_64.egg/torch_scatter/__init__.py:3: in <module>
    from .mul import scatter_mul
../../miniconda3/envs/test/lib/python3.7/site-packages/torch_scatter-1.3.1-py3.7-linux-x86_64.egg/torch_scatter/mul.py:3: in <module>
    from torch_scatter.utils.ext import get_func
../../miniconda3/envs/test/lib/python3.7/site-packages/torch_scatter-1.3.1-py3.7-linux-x86_64.egg/torch_scatter/utils/ext.py:2: in <module>
    import torch_scatter.scatter_cpu
E   ImportError: /home/matthias.barth/miniconda3/envs/test/lib/python3.7/site-packages/torch_scatter-1.3.1-py3.7-linux-x86_64.egg/torch_scatter/scatter_cpu.cpython-37m-x86_64-linux-gnu.so: undefined symbol: _ZN6caffe26detail37_typeMetaDataInstance_preallocated_32E
____________ ERROR collecting test/transforms/test_fixed_points.py _____________
ImportError while importing test module '/home/matthias.barth/test/pytorch_geometric/test/transforms/test_fixed_points.py'.
Hint: make sure your test modules/packages have valid Python names.
Traceback:
test/transforms/test_fixed_points.py:2: in <module>
    from torch_geometric.transforms import FixedPoints
torch_geometric/__init__.py:2: in <module>
    import torch_geometric.nn
torch_geometric/nn/__init__.py:2: in <module>
    from .data_parallel import DataParallel
torch_geometric/nn/data_parallel.py:5: in <module>
    from torch_geometric.data import Batch
torch_geometric/data/__init__.py:1: in <module>
    from .data import Data
torch_geometric/data/data.py:7: in <module>
    from torch_sparse import coalesce
../../miniconda3/envs/test/lib/python3.7/site-packages/torch_sparse-0.4.0-py3.7-linux-x86_64.egg/torch_sparse/__init__.py:2: in <module>
    from .coalesce import coalesce
../../miniconda3/envs/test/lib/python3.7/site-packages/torch_sparse-0.4.0-py3.7-linux-x86_64.egg/torch_sparse/coalesce.py:2: in <module>
    import torch_scatter
../../miniconda3/envs/test/lib/python3.7/site-packages/torch_scatter-1.3.1-py3.7-linux-x86_64.egg/torch_scatter/__init__.py:3: in <module>
    from .mul import scatter_mul
../../miniconda3/envs/test/lib/python3.7/site-packages/torch_scatter-1.3.1-py3.7-linux-x86_64.egg/torch_scatter/mul.py:3: in <module>
    from torch_scatter.utils.ext import get_func
../../miniconda3/envs/test/lib/python3.7/site-packages/torch_scatter-1.3.1-py3.7-linux-x86_64.egg/torch_scatter/utils/ext.py:2: in <module>
    import torch_scatter.scatter_cpu
E   ImportError: /home/matthias.barth/miniconda3/envs/test/lib/python3.7/site-packages/torch_scatter-1.3.1-py3.7-linux-x86_64.egg/torch_scatter/scatter_cpu.cpython-37m-x86_64-linux-gnu.so: undefined symbol: _ZN6caffe26detail37_typeMetaDataInstance_preallocated_32E
__________ ERROR collecting test/transforms/test_generate_normals.py ___________
ImportError while importing test module '/home/matthias.barth/test/pytorch_geometric/test/transforms/test_generate_normals.py'.
Hint: make sure your test modules/packages have valid Python names.
Traceback:
test/transforms/test_generate_normals.py:2: in <module>
    from torch_geometric.transforms import GenerateMeshNormals
torch_geometric/__init__.py:2: in <module>
    import torch_geometric.nn
torch_geometric/nn/__init__.py:2: in <module>
    from .data_parallel import DataParallel
torch_geometric/nn/data_parallel.py:5: in <module>
    from torch_geometric.data import Batch
torch_geometric/data/__init__.py:1: in <module>
    from .data import Data
torch_geometric/data/data.py:7: in <module>
    from torch_sparse import coalesce
../../miniconda3/envs/test/lib/python3.7/site-packages/torch_sparse-0.4.0-py3.7-linux-x86_64.egg/torch_sparse/__init__.py:2: in <module>
    from .coalesce import coalesce
../../miniconda3/envs/test/lib/python3.7/site-packages/torch_sparse-0.4.0-py3.7-linux-x86_64.egg/torch_sparse/coalesce.py:2: in <module>
    import torch_scatter
../../miniconda3/envs/test/lib/python3.7/site-packages/torch_scatter-1.3.1-py3.7-linux-x86_64.egg/torch_scatter/__init__.py:3: in <module>
    from .mul import scatter_mul
../../miniconda3/envs/test/lib/python3.7/site-packages/torch_scatter-1.3.1-py3.7-linux-x86_64.egg/torch_scatter/mul.py:3: in <module>
    from torch_scatter.utils.ext import get_func
../../miniconda3/envs/test/lib/python3.7/site-packages/torch_scatter-1.3.1-py3.7-linux-x86_64.egg/torch_scatter/utils/ext.py:2: in <module>
    import torch_scatter.scatter_cpu
E   ImportError: /home/matthias.barth/miniconda3/envs/test/lib/python3.7/site-packages/torch_scatter-1.3.1-py3.7-linux-x86_64.egg/torch_scatter/scatter_cpu.cpython-37m-x86_64-linux-gnu.so: undefined symbol: _ZN6caffe26detail37_typeMetaDataInstance_preallocated_32E
______________ ERROR collecting test/transforms/test_knn_graph.py ______________
ImportError while importing test module '/home/matthias.barth/test/pytorch_geometric/test/transforms/test_knn_graph.py'.
Hint: make sure your test modules/packages have valid Python names.
Traceback:
test/transforms/test_knn_graph.py:2: in <module>
    from torch_geometric.transforms import KNNGraph
torch_geometric/__init__.py:2: in <module>
    import torch_geometric.nn
torch_geometric/nn/__init__.py:2: in <module>
    from .data_parallel import DataParallel
torch_geometric/nn/data_parallel.py:5: in <module>
    from torch_geometric.data import Batch
torch_geometric/data/__init__.py:1: in <module>
    from .data import Data
torch_geometric/data/data.py:7: in <module>
    from torch_sparse import coalesce
../../miniconda3/envs/test/lib/python3.7/site-packages/torch_sparse-0.4.0-py3.7-linux-x86_64.egg/torch_sparse/__init__.py:2: in <module>
    from .coalesce import coalesce
../../miniconda3/envs/test/lib/python3.7/site-packages/torch_sparse-0.4.0-py3.7-linux-x86_64.egg/torch_sparse/coalesce.py:2: in <module>
    import torch_scatter
../../miniconda3/envs/test/lib/python3.7/site-packages/torch_scatter-1.3.1-py3.7-linux-x86_64.egg/torch_scatter/__init__.py:3: in <module>
    from .mul import scatter_mul
../../miniconda3/envs/test/lib/python3.7/site-packages/torch_scatter-1.3.1-py3.7-linux-x86_64.egg/torch_scatter/mul.py:3: in <module>
    from torch_scatter.utils.ext import get_func
../../miniconda3/envs/test/lib/python3.7/site-packages/torch_scatter-1.3.1-py3.7-linux-x86_64.egg/torch_scatter/utils/ext.py:2: in <module>
    import torch_scatter.scatter_cpu
E   ImportError: /home/matthias.barth/miniconda3/envs/test/lib/python3.7/site-packages/torch_scatter-1.3.1-py3.7-linux-x86_64.egg/torch_scatter/scatter_cpu.cpython-37m-x86_64-linux-gnu.so: undefined symbol: _ZN6caffe26detail37_typeMetaDataInstance_preallocated_32E
________ ERROR collecting test/transforms/test_laplacian_lambda_max.py _________
ImportError while importing test module '/home/matthias.barth/test/pytorch_geometric/test/transforms/test_laplacian_lambda_max.py'.
Hint: make sure your test modules/packages have valid Python names.
Traceback:
test/transforms/test_laplacian_lambda_max.py:3: in <module>
    from torch_geometric.transforms import LaplacianLambdaMax
torch_geometric/__init__.py:2: in <module>
    import torch_geometric.nn
torch_geometric/nn/__init__.py:2: in <module>
    from .data_parallel import DataParallel
torch_geometric/nn/data_parallel.py:5: in <module>
    from torch_geometric.data import Batch
torch_geometric/data/__init__.py:1: in <module>
    from .data import Data
torch_geometric/data/data.py:7: in <module>
    from torch_sparse import coalesce
../../miniconda3/envs/test/lib/python3.7/site-packages/torch_sparse-0.4.0-py3.7-linux-x86_64.egg/torch_sparse/__init__.py:2: in <module>
    from .coalesce import coalesce
../../miniconda3/envs/test/lib/python3.7/site-packages/torch_sparse-0.4.0-py3.7-linux-x86_64.egg/torch_sparse/coalesce.py:2: in <module>
    import torch_scatter
../../miniconda3/envs/test/lib/python3.7/site-packages/torch_scatter-1.3.1-py3.7-linux-x86_64.egg/torch_scatter/__init__.py:3: in <module>
    from .mul import scatter_mul
../../miniconda3/envs/test/lib/python3.7/site-packages/torch_scatter-1.3.1-py3.7-linux-x86_64.egg/torch_scatter/mul.py:3: in <module>
    from torch_scatter.utils.ext import get_func
../../miniconda3/envs/test/lib/python3.7/site-packages/torch_scatter-1.3.1-py3.7-linux-x86_64.egg/torch_scatter/utils/ext.py:2: in <module>
    import torch_scatter.scatter_cpu
E   ImportError: /home/matthias.barth/miniconda3/envs/test/lib/python3.7/site-packages/torch_scatter-1.3.1-py3.7-linux-x86_64.egg/torch_scatter/scatter_cpu.cpython-37m-x86_64-linux-gnu.so: undefined symbol: _ZN6caffe26detail37_typeMetaDataInstance_preallocated_32E
_____________ ERROR collecting test/transforms/test_line_graph.py ______________
ImportError while importing test module '/home/matthias.barth/test/pytorch_geometric/test/transforms/test_line_graph.py'.
Hint: make sure your test modules/packages have valid Python names.
Traceback:
test/transforms/test_line_graph.py:2: in <module>
    from torch_geometric.transforms import LineGraph
torch_geometric/__init__.py:2: in <module>
    import torch_geometric.nn
torch_geometric/nn/__init__.py:2: in <module>
    from .data_parallel import DataParallel
torch_geometric/nn/data_parallel.py:5: in <module>
    from torch_geometric.data import Batch
torch_geometric/data/__init__.py:1: in <module>
    from .data import Data
torch_geometric/data/data.py:7: in <module>
    from torch_sparse import coalesce
../../miniconda3/envs/test/lib/python3.7/site-packages/torch_sparse-0.4.0-py3.7-linux-x86_64.egg/torch_sparse/__init__.py:2: in <module>
    from .coalesce import coalesce
../../miniconda3/envs/test/lib/python3.7/site-packages/torch_sparse-0.4.0-py3.7-linux-x86_64.egg/torch_sparse/coalesce.py:2: in <module>
    import torch_scatter
../../miniconda3/envs/test/lib/python3.7/site-packages/torch_scatter-1.3.1-py3.7-linux-x86_64.egg/torch_scatter/__init__.py:3: in <module>
    from .mul import scatter_mul
../../miniconda3/envs/test/lib/python3.7/site-packages/torch_scatter-1.3.1-py3.7-linux-x86_64.egg/torch_scatter/mul.py:3: in <module>
    from torch_scatter.utils.ext import get_func
../../miniconda3/envs/test/lib/python3.7/site-packages/torch_scatter-1.3.1-py3.7-linux-x86_64.egg/torch_scatter/utils/ext.py:2: in <module>
    import torch_scatter.scatter_cpu
E   ImportError: /home/matthias.barth/miniconda3/envs/test/lib/python3.7/site-packages/torch_scatter-1.3.1-py3.7-linux-x86_64.egg/torch_scatter/scatter_cpu.cpython-37m-x86_64-linux-gnu.so: undefined symbol: _ZN6caffe26detail37_typeMetaDataInstance_preallocated_32E
________ ERROR collecting test/transforms/test_linear_transformation.py ________
ImportError while importing test module '/home/matthias.barth/test/pytorch_geometric/test/transforms/test_linear_transformation.py'.
Hint: make sure your test modules/packages have valid Python names.
Traceback:
test/transforms/test_linear_transformation.py:2: in <module>
    from torch_geometric.transforms import LinearTransformation
torch_geometric/__init__.py:2: in <module>
    import torch_geometric.nn
torch_geometric/nn/__init__.py:2: in <module>
    from .data_parallel import DataParallel
torch_geometric/nn/data_parallel.py:5: in <module>
    from torch_geometric.data import Batch
torch_geometric/data/__init__.py:1: in <module>
    from .data import Data
torch_geometric/data/data.py:7: in <module>
    from torch_sparse import coalesce
../../miniconda3/envs/test/lib/python3.7/site-packages/torch_sparse-0.4.0-py3.7-linux-x86_64.egg/torch_sparse/__init__.py:2: in <module>
    from .coalesce import coalesce
../../miniconda3/envs/test/lib/python3.7/site-packages/torch_sparse-0.4.0-py3.7-linux-x86_64.egg/torch_sparse/coalesce.py:2: in <module>
    import torch_scatter
../../miniconda3/envs/test/lib/python3.7/site-packages/torch_scatter-1.3.1-py3.7-linux-x86_64.egg/torch_scatter/__init__.py:3: in <module>
    from .mul import scatter_mul
../../miniconda3/envs/test/lib/python3.7/site-packages/torch_scatter-1.3.1-py3.7-linux-x86_64.egg/torch_scatter/mul.py:3: in <module>
    from torch_scatter.utils.ext import get_func
../../miniconda3/envs/test/lib/python3.7/site-packages/torch_scatter-1.3.1-py3.7-linux-x86_64.egg/torch_scatter/utils/ext.py:2: in <module>
    import torch_scatter.scatter_cpu
E   ImportError: /home/matthias.barth/miniconda3/envs/test/lib/python3.7/site-packages/torch_scatter-1.3.1-py3.7-linux-x86_64.egg/torch_scatter/scatter_cpu.cpython-37m-x86_64-linux-gnu.so: undefined symbol: _ZN6caffe26detail37_typeMetaDataInstance_preallocated_32E
___________ ERROR collecting test/transforms/test_local_cartesian.py ___________
ImportError while importing test module '/home/matthias.barth/test/pytorch_geometric/test/transforms/test_local_cartesian.py'.
Hint: make sure your test modules/packages have valid Python names.
Traceback:
test/transforms/test_local_cartesian.py:2: in <module>
    from torch_geometric.transforms import LocalCartesian
torch_geometric/__init__.py:2: in <module>
    import torch_geometric.nn
torch_geometric/nn/__init__.py:2: in <module>
    from .data_parallel import DataParallel
torch_geometric/nn/data_parallel.py:5: in <module>
    from torch_geometric.data import Batch
torch_geometric/data/__init__.py:1: in <module>
    from .data import Data
torch_geometric/data/data.py:7: in <module>
    from torch_sparse import coalesce
../../miniconda3/envs/test/lib/python3.7/site-packages/torch_sparse-0.4.0-py3.7-linux-x86_64.egg/torch_sparse/__init__.py:2: in <module>
    from .coalesce import coalesce
../../miniconda3/envs/test/lib/python3.7/site-packages/torch_sparse-0.4.0-py3.7-linux-x86_64.egg/torch_sparse/coalesce.py:2: in <module>
    import torch_scatter
../../miniconda3/envs/test/lib/python3.7/site-packages/torch_scatter-1.3.1-py3.7-linux-x86_64.egg/torch_scatter/__init__.py:3: in <module>
    from .mul import scatter_mul
../../miniconda3/envs/test/lib/python3.7/site-packages/torch_scatter-1.3.1-py3.7-linux-x86_64.egg/torch_scatter/mul.py:3: in <module>
    from torch_scatter.utils.ext import get_func
../../miniconda3/envs/test/lib/python3.7/site-packages/torch_scatter-1.3.1-py3.7-linux-x86_64.egg/torch_scatter/utils/ext.py:2: in <module>
    import torch_scatter.scatter_cpu
E   ImportError: /home/matthias.barth/miniconda3/envs/test/lib/python3.7/site-packages/torch_scatter-1.3.1-py3.7-linux-x86_64.egg/torch_scatter/scatter_cpu.cpython-37m-x86_64-linux-gnu.so: undefined symbol: _ZN6caffe26detail37_typeMetaDataInstance_preallocated_32E
________ ERROR collecting test/transforms/test_local_degree_profile.py _________
ImportError while importing test module '/home/matthias.barth/test/pytorch_geometric/test/transforms/test_local_degree_profile.py'.
Hint: make sure your test modules/packages have valid Python names.
Traceback:
test/transforms/test_local_degree_profile.py:2: in <module>
    from torch_geometric.transforms import LocalDegreeProfile
torch_geometric/__init__.py:2: in <module>
    import torch_geometric.nn
torch_geometric/nn/__init__.py:2: in <module>
    from .data_parallel import DataParallel
torch_geometric/nn/data_parallel.py:5: in <module>
    from torch_geometric.data import Batch
torch_geometric/data/__init__.py:1: in <module>
    from .data import Data
torch_geometric/data/data.py:7: in <module>
    from torch_sparse import coalesce
../../miniconda3/envs/test/lib/python3.7/site-packages/torch_sparse-0.4.0-py3.7-linux-x86_64.egg/torch_sparse/__init__.py:2: in <module>
    from .coalesce import coalesce
../../miniconda3/envs/test/lib/python3.7/site-packages/torch_sparse-0.4.0-py3.7-linux-x86_64.egg/torch_sparse/coalesce.py:2: in <module>
    import torch_scatter
../../miniconda3/envs/test/lib/python3.7/site-packages/torch_scatter-1.3.1-py3.7-linux-x86_64.egg/torch_scatter/__init__.py:3: in <module>
    from .mul import scatter_mul
../../miniconda3/envs/test/lib/python3.7/site-packages/torch_scatter-1.3.1-py3.7-linux-x86_64.egg/torch_scatter/mul.py:3: in <module>
    from torch_scatter.utils.ext import get_func
../../miniconda3/envs/test/lib/python3.7/site-packages/torch_scatter-1.3.1-py3.7-linux-x86_64.egg/torch_scatter/utils/ext.py:2: in <module>
    import torch_scatter.scatter_cpu
E   ImportError: /home/matthias.barth/miniconda3/envs/test/lib/python3.7/site-packages/torch_scatter-1.3.1-py3.7-linux-x86_64.egg/torch_scatter/scatter_cpu.cpython-37m-x86_64-linux-gnu.so: undefined symbol: _ZN6caffe26detail37_typeMetaDataInstance_preallocated_32E
_________ ERROR collecting test/transforms/test_normalize_features.py __________
ImportError while importing test module '/home/matthias.barth/test/pytorch_geometric/test/transforms/test_normalize_features.py'.
Hint: make sure your test modules/packages have valid Python names.
Traceback:
test/transforms/test_normalize_features.py:2: in <module>
    from torch_geometric.transforms import NormalizeFeatures
torch_geometric/__init__.py:2: in <module>
    import torch_geometric.nn
torch_geometric/nn/__init__.py:2: in <module>
    from .data_parallel import DataParallel
torch_geometric/nn/data_parallel.py:5: in <module>
    from torch_geometric.data import Batch
torch_geometric/data/__init__.py:1: in <module>
    from .data import Data
torch_geometric/data/data.py:7: in <module>
    from torch_sparse import coalesce
../../miniconda3/envs/test/lib/python3.7/site-packages/torch_sparse-0.4.0-py3.7-linux-x86_64.egg/torch_sparse/__init__.py:2: in <module>
    from .coalesce import coalesce
../../miniconda3/envs/test/lib/python3.7/site-packages/torch_sparse-0.4.0-py3.7-linux-x86_64.egg/torch_sparse/coalesce.py:2: in <module>
    import torch_scatter
../../miniconda3/envs/test/lib/python3.7/site-packages/torch_scatter-1.3.1-py3.7-linux-x86_64.egg/torch_scatter/__init__.py:3: in <module>
    from .mul import scatter_mul
../../miniconda3/envs/test/lib/python3.7/site-packages/torch_scatter-1.3.1-py3.7-linux-x86_64.egg/torch_scatter/mul.py:3: in <module>
    from torch_scatter.utils.ext import get_func
../../miniconda3/envs/test/lib/python3.7/site-packages/torch_scatter-1.3.1-py3.7-linux-x86_64.egg/torch_scatter/utils/ext.py:2: in <module>
    import torch_scatter.scatter_cpu
E   ImportError: /home/matthias.barth/miniconda3/envs/test/lib/python3.7/site-packages/torch_scatter-1.3.1-py3.7-linux-x86_64.egg/torch_scatter/scatter_cpu.cpython-37m-x86_64-linux-gnu.so: undefined symbol: _ZN6caffe26detail37_typeMetaDataInstance_preallocated_32E
_________ ERROR collecting test/transforms/test_normalize_rotation.py __________
ImportError while importing test module '/home/matthias.barth/test/pytorch_geometric/test/transforms/test_normalize_rotation.py'.
Hint: make sure your test modules/packages have valid Python names.
Traceback:
test/transforms/test_normalize_rotation.py:4: in <module>
    from torch_geometric.transforms import NormalizeRotation
torch_geometric/__init__.py:2: in <module>
    import torch_geometric.nn
torch_geometric/nn/__init__.py:2: in <module>
    from .data_parallel import DataParallel
torch_geometric/nn/data_parallel.py:5: in <module>
    from torch_geometric.data import Batch
torch_geometric/data/__init__.py:1: in <module>
    from .data import Data
torch_geometric/data/data.py:7: in <module>
    from torch_sparse import coalesce
../../miniconda3/envs/test/lib/python3.7/site-packages/torch_sparse-0.4.0-py3.7-linux-x86_64.egg/torch_sparse/__init__.py:2: in <module>
    from .coalesce import coalesce
../../miniconda3/envs/test/lib/python3.7/site-packages/torch_sparse-0.4.0-py3.7-linux-x86_64.egg/torch_sparse/coalesce.py:2: in <module>
    import torch_scatter
../../miniconda3/envs/test/lib/python3.7/site-packages/torch_scatter-1.3.1-py3.7-linux-x86_64.egg/torch_scatter/__init__.py:3: in <module>
    from .mul import scatter_mul
../../miniconda3/envs/test/lib/python3.7/site-packages/torch_scatter-1.3.1-py3.7-linux-x86_64.egg/torch_scatter/mul.py:3: in <module>
    from torch_scatter.utils.ext import get_func
../../miniconda3/envs/test/lib/python3.7/site-packages/torch_scatter-1.3.1-py3.7-linux-x86_64.egg/torch_scatter/utils/ext.py:2: in <module>
    import torch_scatter.scatter_cpu
E   ImportError: /home/matthias.barth/miniconda3/envs/test/lib/python3.7/site-packages/torch_scatter-1.3.1-py3.7-linux-x86_64.egg/torch_scatter/scatter_cpu.cpython-37m-x86_64-linux-gnu.so: undefined symbol: _ZN6caffe26detail37_typeMetaDataInstance_preallocated_32E
___________ ERROR collecting test/transforms/test_normalize_scale.py ___________
ImportError while importing test module '/home/matthias.barth/test/pytorch_geometric/test/transforms/test_normalize_scale.py'.
Hint: make sure your test modules/packages have valid Python names.
Traceback:
test/transforms/test_normalize_scale.py:2: in <module>
    from torch_geometric.transforms import NormalizeScale
torch_geometric/__init__.py:2: in <module>
    import torch_geometric.nn
torch_geometric/nn/__init__.py:2: in <module>
    from .data_parallel import DataParallel
torch_geometric/nn/data_parallel.py:5: in <module>
    from torch_geometric.data import Batch
torch_geometric/data/__init__.py:1: in <module>
    from .data import Data
torch_geometric/data/data.py:7: in <module>
    from torch_sparse import coalesce
../../miniconda3/envs/test/lib/python3.7/site-packages/torch_sparse-0.4.0-py3.7-linux-x86_64.egg/torch_sparse/__init__.py:2: in <module>
    from .coalesce import coalesce
../../miniconda3/envs/test/lib/python3.7/site-packages/torch_sparse-0.4.0-py3.7-linux-x86_64.egg/torch_sparse/coalesce.py:2: in <module>
    import torch_scatter
../../miniconda3/envs/test/lib/python3.7/site-packages/torch_scatter-1.3.1-py3.7-linux-x86_64.egg/torch_scatter/__init__.py:3: in <module>
    from .mul import scatter_mul
../../miniconda3/envs/test/lib/python3.7/site-packages/torch_scatter-1.3.1-py3.7-linux-x86_64.egg/torch_scatter/mul.py:3: in <module>
    from torch_scatter.utils.ext import get_func
../../miniconda3/envs/test/lib/python3.7/site-packages/torch_scatter-1.3.1-py3.7-linux-x86_64.egg/torch_scatter/utils/ext.py:2: in <module>
    import torch_scatter.scatter_cpu
E   ImportError: /home/matthias.barth/miniconda3/envs/test/lib/python3.7/site-packages/torch_scatter-1.3.1-py3.7-linux-x86_64.egg/torch_scatter/scatter_cpu.cpython-37m-x86_64-linux-gnu.so: undefined symbol: _ZN6caffe26detail37_typeMetaDataInstance_preallocated_32E
___________ ERROR collecting test/transforms/test_one_hot_degree.py ____________
ImportError while importing test module '/home/matthias.barth/test/pytorch_geometric/test/transforms/test_one_hot_degree.py'.
Hint: make sure your test modules/packages have valid Python names.
Traceback:
test/transforms/test_one_hot_degree.py:2: in <module>
    from torch_geometric.transforms import OneHotDegree
torch_geometric/__init__.py:2: in <module>
    import torch_geometric.nn
torch_geometric/nn/__init__.py:2: in <module>
    from .data_parallel import DataParallel
torch_geometric/nn/data_parallel.py:5: in <module>
    from torch_geometric.data import Batch
torch_geometric/data/__init__.py:1: in <module>
    from .data import Data
torch_geometric/data/data.py:7: in <module>
    from torch_sparse import coalesce
../../miniconda3/envs/test/lib/python3.7/site-packages/torch_sparse-0.4.0-py3.7-linux-x86_64.egg/torch_sparse/__init__.py:2: in <module>
    from .coalesce import coalesce
../../miniconda3/envs/test/lib/python3.7/site-packages/torch_sparse-0.4.0-py3.7-linux-x86_64.egg/torch_sparse/coalesce.py:2: in <module>
    import torch_scatter
../../miniconda3/envs/test/lib/python3.7/site-packages/torch_scatter-1.3.1-py3.7-linux-x86_64.egg/torch_scatter/__init__.py:3: in <module>
    from .mul import scatter_mul
../../miniconda3/envs/test/lib/python3.7/site-packages/torch_scatter-1.3.1-py3.7-linux-x86_64.egg/torch_scatter/mul.py:3: in <module>
    from torch_scatter.utils.ext import get_func
../../miniconda3/envs/test/lib/python3.7/site-packages/torch_scatter-1.3.1-py3.7-linux-x86_64.egg/torch_scatter/utils/ext.py:2: in <module>
    import torch_scatter.scatter_cpu
E   ImportError: /home/matthias.barth/miniconda3/envs/test/lib/python3.7/site-packages/torch_scatter-1.3.1-py3.7-linux-x86_64.egg/torch_scatter/scatter_cpu.cpython-37m-x86_64-linux-gnu.so: undefined symbol: _ZN6caffe26detail37_typeMetaDataInstance_preallocated_32E
_________ ERROR collecting test/transforms/test_point_pair_features.py _________
ImportError while importing test module '/home/matthias.barth/test/pytorch_geometric/test/transforms/test_point_pair_features.py'.
Hint: make sure your test modules/packages have valid Python names.
Traceback:
test/transforms/test_point_pair_features.py:4: in <module>
    from torch_geometric.transforms import PointPairFeatures
torch_geometric/__init__.py:2: in <module>
    import torch_geometric.nn
torch_geometric/nn/__init__.py:2: in <module>
    from .data_parallel import DataParallel
torch_geometric/nn/data_parallel.py:5: in <module>
    from torch_geometric.data import Batch
torch_geometric/data/__init__.py:1: in <module>
    from .data import Data
torch_geometric/data/data.py:7: in <module>
    from torch_sparse import coalesce
../../miniconda3/envs/test/lib/python3.7/site-packages/torch_sparse-0.4.0-py3.7-linux-x86_64.egg/torch_sparse/__init__.py:2: in <module>
    from .coalesce import coalesce
../../miniconda3/envs/test/lib/python3.7/site-packages/torch_sparse-0.4.0-py3.7-linux-x86_64.egg/torch_sparse/coalesce.py:2: in <module>
    import torch_scatter
../../miniconda3/envs/test/lib/python3.7/site-packages/torch_scatter-1.3.1-py3.7-linux-x86_64.egg/torch_scatter/__init__.py:3: in <module>
    from .mul import scatter_mul
../../miniconda3/envs/test/lib/python3.7/site-packages/torch_scatter-1.3.1-py3.7-linux-x86_64.egg/torch_scatter/mul.py:3: in <module>
    from torch_scatter.utils.ext import get_func
../../miniconda3/envs/test/lib/python3.7/site-packages/torch_scatter-1.3.1-py3.7-linux-x86_64.egg/torch_scatter/utils/ext.py:2: in <module>
    import torch_scatter.scatter_cpu
E   ImportError: /home/matthias.barth/miniconda3/envs/test/lib/python3.7/site-packages/torch_scatter-1.3.1-py3.7-linux-x86_64.egg/torch_scatter/scatter_cpu.cpython-37m-x86_64-linux-gnu.so: undefined symbol: _ZN6caffe26detail37_typeMetaDataInstance_preallocated_32E
________________ ERROR collecting test/transforms/test_polar.py ________________
ImportError while importing test module '/home/matthias.barth/test/pytorch_geometric/test/transforms/test_polar.py'.
Hint: make sure your test modules/packages have valid Python names.
Traceback:
test/transforms/test_polar.py:4: in <module>
    from torch_geometric.transforms import Polar
torch_geometric/__init__.py:2: in <module>
    import torch_geometric.nn
torch_geometric/nn/__init__.py:2: in <module>
    from .data_parallel import DataParallel
torch_geometric/nn/data_parallel.py:5: in <module>
    from torch_geometric.data import Batch
torch_geometric/data/__init__.py:1: in <module>
    from .data import Data
torch_geometric/data/data.py:7: in <module>
    from torch_sparse import coalesce
../../miniconda3/envs/test/lib/python3.7/site-packages/torch_sparse-0.4.0-py3.7-linux-x86_64.egg/torch_sparse/__init__.py:2: in <module>
    from .coalesce import coalesce
../../miniconda3/envs/test/lib/python3.7/site-packages/torch_sparse-0.4.0-py3.7-linux-x86_64.egg/torch_sparse/coalesce.py:2: in <module>
    import torch_scatter
../../miniconda3/envs/test/lib/python3.7/site-packages/torch_scatter-1.3.1-py3.7-linux-x86_64.egg/torch_scatter/__init__.py:3: in <module>
    from .mul import scatter_mul
../../miniconda3/envs/test/lib/python3.7/site-packages/torch_scatter-1.3.1-py3.7-linux-x86_64.egg/torch_scatter/mul.py:3: in <module>
    from torch_scatter.utils.ext import get_func
../../miniconda3/envs/test/lib/python3.7/site-packages/torch_scatter-1.3.1-py3.7-linux-x86_64.egg/torch_scatter/utils/ext.py:2: in <module>
    import torch_scatter.scatter_cpu
E   ImportError: /home/matthias.barth/miniconda3/envs/test/lib/python3.7/site-packages/torch_scatter-1.3.1-py3.7-linux-x86_64.egg/torch_scatter/scatter_cpu.cpython-37m-x86_64-linux-gnu.so: undefined symbol: _ZN6caffe26detail37_typeMetaDataInstance_preallocated_32E
____________ ERROR collecting test/transforms/test_radius_graph.py _____________
ImportError while importing test module '/home/matthias.barth/test/pytorch_geometric/test/transforms/test_radius_graph.py'.
Hint: make sure your test modules/packages have valid Python names.
Traceback:
test/transforms/test_radius_graph.py:2: in <module>
    from torch_geometric.transforms import RadiusGraph
torch_geometric/__init__.py:2: in <module>
    import torch_geometric.nn
torch_geometric/nn/__init__.py:2: in <module>
    from .data_parallel import DataParallel
torch_geometric/nn/data_parallel.py:5: in <module>
    from torch_geometric.data import Batch
torch_geometric/data/__init__.py:1: in <module>
    from .data import Data
torch_geometric/data/data.py:7: in <module>
    from torch_sparse import coalesce
../../miniconda3/envs/test/lib/python3.7/site-packages/torch_sparse-0.4.0-py3.7-linux-x86_64.egg/torch_sparse/__init__.py:2: in <module>
    from .coalesce import coalesce
../../miniconda3/envs/test/lib/python3.7/site-packages/torch_sparse-0.4.0-py3.7-linux-x86_64.egg/torch_sparse/coalesce.py:2: in <module>
    import torch_scatter
../../miniconda3/envs/test/lib/python3.7/site-packages/torch_scatter-1.3.1-py3.7-linux-x86_64.egg/torch_scatter/__init__.py:3: in <module>
    from .mul import scatter_mul
../../miniconda3/envs/test/lib/python3.7/site-packages/torch_scatter-1.3.1-py3.7-linux-x86_64.egg/torch_scatter/mul.py:3: in <module>
    from torch_scatter.utils.ext import get_func
../../miniconda3/envs/test/lib/python3.7/site-packages/torch_scatter-1.3.1-py3.7-linux-x86_64.egg/torch_scatter/utils/ext.py:2: in <module>
    import torch_scatter.scatter_cpu
E   ImportError: /home/matthias.barth/miniconda3/envs/test/lib/python3.7/site-packages/torch_scatter-1.3.1-py3.7-linux-x86_64.egg/torch_scatter/scatter_cpu.cpython-37m-x86_64-linux-gnu.so: undefined symbol: _ZN6caffe26detail37_typeMetaDataInstance_preallocated_32E
_____________ ERROR collecting test/transforms/test_random_flip.py _____________
ImportError while importing test module '/home/matthias.barth/test/pytorch_geometric/test/transforms/test_random_flip.py'.
Hint: make sure your test modules/packages have valid Python names.
Traceback:
test/transforms/test_random_flip.py:2: in <module>
    from torch_geometric.transforms import RandomFlip
torch_geometric/__init__.py:2: in <module>
    import torch_geometric.nn
torch_geometric/nn/__init__.py:2: in <module>
    from .data_parallel import DataParallel
torch_geometric/nn/data_parallel.py:5: in <module>
    from torch_geometric.data import Batch
torch_geometric/data/__init__.py:1: in <module>
    from .data import Data
torch_geometric/data/data.py:7: in <module>
    from torch_sparse import coalesce
../../miniconda3/envs/test/lib/python3.7/site-packages/torch_sparse-0.4.0-py3.7-linux-x86_64.egg/torch_sparse/__init__.py:2: in <module>
    from .coalesce import coalesce
../../miniconda3/envs/test/lib/python3.7/site-packages/torch_sparse-0.4.0-py3.7-linux-x86_64.egg/torch_sparse/coalesce.py:2: in <module>
    import torch_scatter
../../miniconda3/envs/test/lib/python3.7/site-packages/torch_scatter-1.3.1-py3.7-linux-x86_64.egg/torch_scatter/__init__.py:3: in <module>
    from .mul import scatter_mul
../../miniconda3/envs/test/lib/python3.7/site-packages/torch_scatter-1.3.1-py3.7-linux-x86_64.egg/torch_scatter/mul.py:3: in <module>
    from torch_scatter.utils.ext import get_func
../../miniconda3/envs/test/lib/python3.7/site-packages/torch_scatter-1.3.1-py3.7-linux-x86_64.egg/torch_scatter/utils/ext.py:2: in <module>
    import torch_scatter.scatter_cpu
E   ImportError: /home/matthias.barth/miniconda3/envs/test/lib/python3.7/site-packages/torch_scatter-1.3.1-py3.7-linux-x86_64.egg/torch_scatter/scatter_cpu.cpython-37m-x86_64-linux-gnu.so: undefined symbol: _ZN6caffe26detail37_typeMetaDataInstance_preallocated_32E
____________ ERROR collecting test/transforms/test_random_rotate.py ____________
ImportError while importing test module '/home/matthias.barth/test/pytorch_geometric/test/transforms/test_random_rotate.py'.
Hint: make sure your test modules/packages have valid Python names.
Traceback:
test/transforms/test_random_rotate.py:2: in <module>
    from torch_geometric.transforms import RandomRotate
torch_geometric/__init__.py:2: in <module>
    import torch_geometric.nn
torch_geometric/nn/__init__.py:2: in <module>
    from .data_parallel import DataParallel
torch_geometric/nn/data_parallel.py:5: in <module>
    from torch_geometric.data import Batch
torch_geometric/data/__init__.py:1: in <module>
    from .data import Data
torch_geometric/data/data.py:7: in <module>
    from torch_sparse import coalesce
../../miniconda3/envs/test/lib/python3.7/site-packages/torch_sparse-0.4.0-py3.7-linux-x86_64.egg/torch_sparse/__init__.py:2: in <module>
    from .coalesce import coalesce
../../miniconda3/envs/test/lib/python3.7/site-packages/torch_sparse-0.4.0-py3.7-linux-x86_64.egg/torch_sparse/coalesce.py:2: in <module>
    import torch_scatter
../../miniconda3/envs/test/lib/python3.7/site-packages/torch_scatter-1.3.1-py3.7-linux-x86_64.egg/torch_scatter/__init__.py:3: in <module>
    from .mul import scatter_mul
../../miniconda3/envs/test/lib/python3.7/site-packages/torch_scatter-1.3.1-py3.7-linux-x86_64.egg/torch_scatter/mul.py:3: in <module>
    from torch_scatter.utils.ext import get_func
../../miniconda3/envs/test/lib/python3.7/site-packages/torch_scatter-1.3.1-py3.7-linux-x86_64.egg/torch_scatter/utils/ext.py:2: in <module>
    import torch_scatter.scatter_cpu
E   ImportError: /home/matthias.barth/miniconda3/envs/test/lib/python3.7/site-packages/torch_scatter-1.3.1-py3.7-linux-x86_64.egg/torch_scatter/scatter_cpu.cpython-37m-x86_64-linux-gnu.so: undefined symbol: _ZN6caffe26detail37_typeMetaDataInstance_preallocated_32E
____________ ERROR collecting test/transforms/test_random_scale.py _____________
ImportError while importing test module '/home/matthias.barth/test/pytorch_geometric/test/transforms/test_random_scale.py'.
Hint: make sure your test modules/packages have valid Python names.
Traceback:
test/transforms/test_random_scale.py:2: in <module>
    from torch_geometric.transforms import RandomScale
torch_geometric/__init__.py:2: in <module>
    import torch_geometric.nn
torch_geometric/nn/__init__.py:2: in <module>
    from .data_parallel import DataParallel
torch_geometric/nn/data_parallel.py:5: in <module>
    from torch_geometric.data import Batch
torch_geometric/data/__init__.py:1: in <module>
    from .data import Data
torch_geometric/data/data.py:7: in <module>
    from torch_sparse import coalesce
../../miniconda3/envs/test/lib/python3.7/site-packages/torch_sparse-0.4.0-py3.7-linux-x86_64.egg/torch_sparse/__init__.py:2: in <module>
    from .coalesce import coalesce
../../miniconda3/envs/test/lib/python3.7/site-packages/torch_sparse-0.4.0-py3.7-linux-x86_64.egg/torch_sparse/coalesce.py:2: in <module>
    import torch_scatter
../../miniconda3/envs/test/lib/python3.7/site-packages/torch_scatter-1.3.1-py3.7-linux-x86_64.egg/torch_scatter/__init__.py:3: in <module>
    from .mul import scatter_mul
../../miniconda3/envs/test/lib/python3.7/site-packages/torch_scatter-1.3.1-py3.7-linux-x86_64.egg/torch_scatter/mul.py:3: in <module>
    from torch_scatter.utils.ext import get_func
../../miniconda3/envs/test/lib/python3.7/site-packages/torch_scatter-1.3.1-py3.7-linux-x86_64.egg/torch_scatter/utils/ext.py:2: in <module>
    import torch_scatter.scatter_cpu
E   ImportError: /home/matthias.barth/miniconda3/envs/test/lib/python3.7/site-packages/torch_scatter-1.3.1-py3.7-linux-x86_64.egg/torch_scatter/scatter_cpu.cpython-37m-x86_64-linux-gnu.so: undefined symbol: _ZN6caffe26detail37_typeMetaDataInstance_preallocated_32E
____________ ERROR collecting test/transforms/test_random_shear.py _____________
ImportError while importing test module '/home/matthias.barth/test/pytorch_geometric/test/transforms/test_random_shear.py'.
Hint: make sure your test modules/packages have valid Python names.
Traceback:
test/transforms/test_random_shear.py:2: in <module>
    from torch_geometric.transforms import RandomShear
torch_geometric/__init__.py:2: in <module>
    import torch_geometric.nn
torch_geometric/nn/__init__.py:2: in <module>
    from .data_parallel import DataParallel
torch_geometric/nn/data_parallel.py:5: in <module>
    from torch_geometric.data import Batch
torch_geometric/data/__init__.py:1: in <module>
    from .data import Data
torch_geometric/data/data.py:7: in <module>
    from torch_sparse import coalesce
../../miniconda3/envs/test/lib/python3.7/site-packages/torch_sparse-0.4.0-py3.7-linux-x86_64.egg/torch_sparse/__init__.py:2: in <module>
    from .coalesce import coalesce
../../miniconda3/envs/test/lib/python3.7/site-packages/torch_sparse-0.4.0-py3.7-linux-x86_64.egg/torch_sparse/coalesce.py:2: in <module>
    import torch_scatter
../../miniconda3/envs/test/lib/python3.7/site-packages/torch_scatter-1.3.1-py3.7-linux-x86_64.egg/torch_scatter/__init__.py:3: in <module>
    from .mul import scatter_mul
../../miniconda3/envs/test/lib/python3.7/site-packages/torch_scatter-1.3.1-py3.7-linux-x86_64.egg/torch_scatter/mul.py:3: in <module>
    from torch_scatter.utils.ext import get_func
../../miniconda3/envs/test/lib/python3.7/site-packages/torch_scatter-1.3.1-py3.7-linux-x86_64.egg/torch_scatter/utils/ext.py:2: in <module>
    import torch_scatter.scatter_cpu
E   ImportError: /home/matthias.barth/miniconda3/envs/test/lib/python3.7/site-packages/torch_scatter-1.3.1-py3.7-linux-x86_64.egg/torch_scatter/scatter_cpu.cpython-37m-x86_64-linux-gnu.so: undefined symbol: _ZN6caffe26detail37_typeMetaDataInstance_preallocated_32E
__________ ERROR collecting test/transforms/test_random_translate.py ___________
ImportError while importing test module '/home/matthias.barth/test/pytorch_geometric/test/transforms/test_random_translate.py'.
Hint: make sure your test modules/packages have valid Python names.
Traceback:
test/transforms/test_random_translate.py:2: in <module>
    from torch_geometric.transforms import RandomTranslate
torch_geometric/__init__.py:2: in <module>
    import torch_geometric.nn
torch_geometric/nn/__init__.py:2: in <module>
    from .data_parallel import DataParallel
torch_geometric/nn/data_parallel.py:5: in <module>
    from torch_geometric.data import Batch
torch_geometric/data/__init__.py:1: in <module>
    from .data import Data
torch_geometric/data/data.py:7: in <module>
    from torch_sparse import coalesce
../../miniconda3/envs/test/lib/python3.7/site-packages/torch_sparse-0.4.0-py3.7-linux-x86_64.egg/torch_sparse/__init__.py:2: in <module>
    from .coalesce import coalesce
../../miniconda3/envs/test/lib/python3.7/site-packages/torch_sparse-0.4.0-py3.7-linux-x86_64.egg/torch_sparse/coalesce.py:2: in <module>
    import torch_scatter
../../miniconda3/envs/test/lib/python3.7/site-packages/torch_scatter-1.3.1-py3.7-linux-x86_64.egg/torch_scatter/__init__.py:3: in <module>
    from .mul import scatter_mul
../../miniconda3/envs/test/lib/python3.7/site-packages/torch_scatter-1.3.1-py3.7-linux-x86_64.egg/torch_scatter/mul.py:3: in <module>
    from torch_scatter.utils.ext import get_func
../../miniconda3/envs/test/lib/python3.7/site-packages/torch_scatter-1.3.1-py3.7-linux-x86_64.egg/torch_scatter/utils/ext.py:2: in <module>
    import torch_scatter.scatter_cpu
E   ImportError: /home/matthias.barth/miniconda3/envs/test/lib/python3.7/site-packages/torch_scatter-1.3.1-py3.7-linux-x86_64.egg/torch_scatter/scatter_cpu.cpython-37m-x86_64-linux-gnu.so: undefined symbol: _ZN6caffe26detail37_typeMetaDataInstance_preallocated_32E
________ ERROR collecting test/transforms/test_remove_isolated_nodes.py ________
ImportError while importing test module '/home/matthias.barth/test/pytorch_geometric/test/transforms/test_remove_isolated_nodes.py'.
Hint: make sure your test modules/packages have valid Python names.
Traceback:
test/transforms/test_remove_isolated_nodes.py:2: in <module>
    from torch_geometric.transforms import RemoveIsolatedNodes
torch_geometric/__init__.py:2: in <module>
    import torch_geometric.nn
torch_geometric/nn/__init__.py:2: in <module>
    from .data_parallel import DataParallel
torch_geometric/nn/data_parallel.py:5: in <module>
    from torch_geometric.data import Batch
torch_geometric/data/__init__.py:1: in <module>
    from .data import Data
torch_geometric/data/data.py:7: in <module>
    from torch_sparse import coalesce
../../miniconda3/envs/test/lib/python3.7/site-packages/torch_sparse-0.4.0-py3.7-linux-x86_64.egg/torch_sparse/__init__.py:2: in <module>
    from .coalesce import coalesce
../../miniconda3/envs/test/lib/python3.7/site-packages/torch_sparse-0.4.0-py3.7-linux-x86_64.egg/torch_sparse/coalesce.py:2: in <module>
    import torch_scatter
../../miniconda3/envs/test/lib/python3.7/site-packages/torch_scatter-1.3.1-py3.7-linux-x86_64.egg/torch_scatter/__init__.py:3: in <module>
    from .mul import scatter_mul
../../miniconda3/envs/test/lib/python3.7/site-packages/torch_scatter-1.3.1-py3.7-linux-x86_64.egg/torch_scatter/mul.py:3: in <module>
    from torch_scatter.utils.ext import get_func
../../miniconda3/envs/test/lib/python3.7/site-packages/torch_scatter-1.3.1-py3.7-linux-x86_64.egg/torch_scatter/utils/ext.py:2: in <module>
    import torch_scatter.scatter_cpu
E   ImportError: /home/matthias.barth/miniconda3/envs/test/lib/python3.7/site-packages/torch_scatter-1.3.1-py3.7-linux-x86_64.egg/torch_scatter/scatter_cpu.cpython-37m-x86_64-linux-gnu.so: undefined symbol: _ZN6caffe26detail37_typeMetaDataInstance_preallocated_32E
____________ ERROR collecting test/transforms/test_sample_points.py ____________
ImportError while importing test module '/home/matthias.barth/test/pytorch_geometric/test/transforms/test_sample_points.py'.
Hint: make sure your test modules/packages have valid Python names.
Traceback:
test/transforms/test_sample_points.py:2: in <module>
    from torch_geometric.transforms import SamplePoints
torch_geometric/__init__.py:2: in <module>
    import torch_geometric.nn
torch_geometric/nn/__init__.py:2: in <module>
    from .data_parallel import DataParallel
torch_geometric/nn/data_parallel.py:5: in <module>
    from torch_geometric.data import Batch
torch_geometric/data/__init__.py:1: in <module>
    from .data import Data
torch_geometric/data/data.py:7: in <module>
    from torch_sparse import coalesce
../../miniconda3/envs/test/lib/python3.7/site-packages/torch_sparse-0.4.0-py3.7-linux-x86_64.egg/torch_sparse/__init__.py:2: in <module>
    from .coalesce import coalesce
../../miniconda3/envs/test/lib/python3.7/site-packages/torch_sparse-0.4.0-py3.7-linux-x86_64.egg/torch_sparse/coalesce.py:2: in <module>
    import torch_scatter
../../miniconda3/envs/test/lib/python3.7/site-packages/torch_scatter-1.3.1-py3.7-linux-x86_64.egg/torch_scatter/__init__.py:3: in <module>
    from .mul import scatter_mul
../../miniconda3/envs/test/lib/python3.7/site-packages/torch_scatter-1.3.1-py3.7-linux-x86_64.egg/torch_scatter/mul.py:3: in <module>
    from torch_scatter.utils.ext import get_func
../../miniconda3/envs/test/lib/python3.7/site-packages/torch_scatter-1.3.1-py3.7-linux-x86_64.egg/torch_scatter/utils/ext.py:2: in <module>
    import torch_scatter.scatter_cpu
E   ImportError: /home/matthias.barth/miniconda3/envs/test/lib/python3.7/site-packages/torch_scatter-1.3.1-py3.7-linux-x86_64.egg/torch_scatter/scatter_cpu.cpython-37m-x86_64-linux-gnu.so: undefined symbol: _ZN6caffe26detail37_typeMetaDataInstance_preallocated_32E
______________ ERROR collecting test/transforms/test_spherical.py ______________
ImportError while importing test module '/home/matthias.barth/test/pytorch_geometric/test/transforms/test_spherical.py'.
Hint: make sure your test modules/packages have valid Python names.
Traceback:
test/transforms/test_spherical.py:4: in <module>
    from torch_geometric.transforms import Spherical
torch_geometric/__init__.py:2: in <module>
    import torch_geometric.nn
torch_geometric/nn/__init__.py:2: in <module>
    from .data_parallel import DataParallel
torch_geometric/nn/data_parallel.py:5: in <module>
    from torch_geometric.data import Batch
torch_geometric/data/__init__.py:1: in <module>
    from .data import Data
torch_geometric/data/data.py:7: in <module>
    from torch_sparse import coalesce
../../miniconda3/envs/test/lib/python3.7/site-packages/torch_sparse-0.4.0-py3.7-linux-x86_64.egg/torch_sparse/__init__.py:2: in <module>
    from .coalesce import coalesce
../../miniconda3/envs/test/lib/python3.7/site-packages/torch_sparse-0.4.0-py3.7-linux-x86_64.egg/torch_sparse/coalesce.py:2: in <module>
    import torch_scatter
../../miniconda3/envs/test/lib/python3.7/site-packages/torch_scatter-1.3.1-py3.7-linux-x86_64.egg/torch_scatter/__init__.py:3: in <module>
    from .mul import scatter_mul
../../miniconda3/envs/test/lib/python3.7/site-packages/torch_scatter-1.3.1-py3.7-linux-x86_64.egg/torch_scatter/mul.py:3: in <module>
    from torch_scatter.utils.ext import get_func
../../miniconda3/envs/test/lib/python3.7/site-packages/torch_scatter-1.3.1-py3.7-linux-x86_64.egg/torch_scatter/utils/ext.py:2: in <module>
    import torch_scatter.scatter_cpu
E   ImportError: /home/matthias.barth/miniconda3/envs/test/lib/python3.7/site-packages/torch_scatter-1.3.1-py3.7-linux-x86_64.egg/torch_scatter/scatter_cpu.cpython-37m-x86_64-linux-gnu.so: undefined symbol: _ZN6caffe26detail37_typeMetaDataInstance_preallocated_32E
___________ ERROR collecting test/transforms/test_target_indegree.py ___________
ImportError while importing test module '/home/matthias.barth/test/pytorch_geometric/test/transforms/test_target_indegree.py'.
Hint: make sure your test modules/packages have valid Python names.
Traceback:
test/transforms/test_target_indegree.py:2: in <module>
    from torch_geometric.transforms import TargetIndegree
torch_geometric/__init__.py:2: in <module>
    import torch_geometric.nn
torch_geometric/nn/__init__.py:2: in <module>
    from .data_parallel import DataParallel
torch_geometric/nn/data_parallel.py:5: in <module>
    from torch_geometric.data import Batch
torch_geometric/data/__init__.py:1: in <module>
    from .data import Data
torch_geometric/data/data.py:7: in <module>
    from torch_sparse import coalesce
../../miniconda3/envs/test/lib/python3.7/site-packages/torch_sparse-0.4.0-py3.7-linux-x86_64.egg/torch_sparse/__init__.py:2: in <module>
    from .coalesce import coalesce
../../miniconda3/envs/test/lib/python3.7/site-packages/torch_sparse-0.4.0-py3.7-linux-x86_64.egg/torch_sparse/coalesce.py:2: in <module>
    import torch_scatter
../../miniconda3/envs/test/lib/python3.7/site-packages/torch_scatter-1.3.1-py3.7-linux-x86_64.egg/torch_scatter/__init__.py:3: in <module>
    from .mul import scatter_mul
../../miniconda3/envs/test/lib/python3.7/site-packages/torch_scatter-1.3.1-py3.7-linux-x86_64.egg/torch_scatter/mul.py:3: in <module>
    from torch_scatter.utils.ext import get_func
../../miniconda3/envs/test/lib/python3.7/site-packages/torch_scatter-1.3.1-py3.7-linux-x86_64.egg/torch_scatter/utils/ext.py:2: in <module>
    import torch_scatter.scatter_cpu
E   ImportError: /home/matthias.barth/miniconda3/envs/test/lib/python3.7/site-packages/torch_scatter-1.3.1-py3.7-linux-x86_64.egg/torch_scatter/scatter_cpu.cpython-37m-x86_64-linux-gnu.so: undefined symbol: _ZN6caffe26detail37_typeMetaDataInstance_preallocated_32E
______________ ERROR collecting test/transforms/test_to_dense.py _______________
ImportError while importing test module '/home/matthias.barth/test/pytorch_geometric/test/transforms/test_to_dense.py'.
Hint: make sure your test modules/packages have valid Python names.
Traceback:
test/transforms/test_to_dense.py:2: in <module>
    from torch_geometric.transforms import ToDense
torch_geometric/__init__.py:2: in <module>
    import torch_geometric.nn
torch_geometric/nn/__init__.py:2: in <module>
    from .data_parallel import DataParallel
torch_geometric/nn/data_parallel.py:5: in <module>
    from torch_geometric.data import Batch
torch_geometric/data/__init__.py:1: in <module>
    from .data import Data
torch_geometric/data/data.py:7: in <module>
    from torch_sparse import coalesce
../../miniconda3/envs/test/lib/python3.7/site-packages/torch_sparse-0.4.0-py3.7-linux-x86_64.egg/torch_sparse/__init__.py:2: in <module>
    from .coalesce import coalesce
../../miniconda3/envs/test/lib/python3.7/site-packages/torch_sparse-0.4.0-py3.7-linux-x86_64.egg/torch_sparse/coalesce.py:2: in <module>
    import torch_scatter
../../miniconda3/envs/test/lib/python3.7/site-packages/torch_scatter-1.3.1-py3.7-linux-x86_64.egg/torch_scatter/__init__.py:3: in <module>
    from .mul import scatter_mul
../../miniconda3/envs/test/lib/python3.7/site-packages/torch_scatter-1.3.1-py3.7-linux-x86_64.egg/torch_scatter/mul.py:3: in <module>
    from torch_scatter.utils.ext import get_func
../../miniconda3/envs/test/lib/python3.7/site-packages/torch_scatter-1.3.1-py3.7-linux-x86_64.egg/torch_scatter/utils/ext.py:2: in <module>
    import torch_scatter.scatter_cpu
E   ImportError: /home/matthias.barth/miniconda3/envs/test/lib/python3.7/site-packages/torch_scatter-1.3.1-py3.7-linux-x86_64.egg/torch_scatter/scatter_cpu.cpython-37m-x86_64-linux-gnu.so: undefined symbol: _ZN6caffe26detail37_typeMetaDataInstance_preallocated_32E
_______________ ERROR collecting test/transforms/test_two_hop.py _______________
ImportError while importing test module '/home/matthias.barth/test/pytorch_geometric/test/transforms/test_two_hop.py'.
Hint: make sure your test modules/packages have valid Python names.
Traceback:
test/transforms/test_two_hop.py:2: in <module>
    from torch_geometric.transforms import TwoHop
torch_geometric/__init__.py:2: in <module>
    import torch_geometric.nn
torch_geometric/nn/__init__.py:2: in <module>
    from .data_parallel import DataParallel
torch_geometric/nn/data_parallel.py:5: in <module>
    from torch_geometric.data import Batch
torch_geometric/data/__init__.py:1: in <module>
    from .data import Data
torch_geometric/data/data.py:7: in <module>
    from torch_sparse import coalesce
../../miniconda3/envs/test/lib/python3.7/site-packages/torch_sparse-0.4.0-py3.7-linux-x86_64.egg/torch_sparse/__init__.py:2: in <module>
    from .coalesce import coalesce
../../miniconda3/envs/test/lib/python3.7/site-packages/torch_sparse-0.4.0-py3.7-linux-x86_64.egg/torch_sparse/coalesce.py:2: in <module>
    import torch_scatter
../../miniconda3/envs/test/lib/python3.7/site-packages/torch_scatter-1.3.1-py3.7-linux-x86_64.egg/torch_scatter/__init__.py:3: in <module>
    from .mul import scatter_mul
../../miniconda3/envs/test/lib/python3.7/site-packages/torch_scatter-1.3.1-py3.7-linux-x86_64.egg/torch_scatter/mul.py:3: in <module>
    from torch_scatter.utils.ext import get_func
../../miniconda3/envs/test/lib/python3.7/site-packages/torch_scatter-1.3.1-py3.7-linux-x86_64.egg/torch_scatter/utils/ext.py:2: in <module>
    import torch_scatter.scatter_cpu
E   ImportError: /home/matthias.barth/miniconda3/envs/test/lib/python3.7/site-packages/torch_scatter-1.3.1-py3.7-linux-x86_64.egg/torch_scatter/scatter_cpu.cpython-37m-x86_64-linux-gnu.so: undefined symbol: _ZN6caffe26detail37_typeMetaDataInstance_preallocated_32E
_________________ ERROR collecting test/utils/test_convert.py __________________
ImportError while importing test module '/home/matthias.barth/test/pytorch_geometric/test/utils/test_convert.py'.
Hint: make sure your test modules/packages have valid Python names.
Traceback:
test/utils/test_convert.py:4: in <module>
    from torch_sparse import coalesce
../../miniconda3/envs/test/lib/python3.7/site-packages/torch_sparse-0.4.0-py3.7-linux-x86_64.egg/torch_sparse/__init__.py:2: in <module>
    from .coalesce import coalesce
../../miniconda3/envs/test/lib/python3.7/site-packages/torch_sparse-0.4.0-py3.7-linux-x86_64.egg/torch_sparse/coalesce.py:2: in <module>
    import torch_scatter
../../miniconda3/envs/test/lib/python3.7/site-packages/torch_scatter-1.3.1-py3.7-linux-x86_64.egg/torch_scatter/__init__.py:3: in <module>
    from .mul import scatter_mul
../../miniconda3/envs/test/lib/python3.7/site-packages/torch_scatter-1.3.1-py3.7-linux-x86_64.egg/torch_scatter/mul.py:3: in <module>
    from torch_scatter.utils.ext import get_func
../../miniconda3/envs/test/lib/python3.7/site-packages/torch_scatter-1.3.1-py3.7-linux-x86_64.egg/torch_scatter/utils/ext.py:2: in <module>
    import torch_scatter.scatter_cpu
E   ImportError: /home/matthias.barth/miniconda3/envs/test/lib/python3.7/site-packages/torch_scatter-1.3.1-py3.7-linux-x86_64.egg/torch_scatter/scatter_cpu.cpython-37m-x86_64-linux-gnu.so: undefined symbol: _ZN6caffe26detail37_typeMetaDataInstance_preallocated_32E
__________________ ERROR collecting test/utils/test_degree.py __________________
ImportError while importing test module '/home/matthias.barth/test/pytorch_geometric/test/utils/test_degree.py'.
Hint: make sure your test modules/packages have valid Python names.
Traceback:
test/utils/test_degree.py:2: in <module>
    from torch_geometric.utils import degree
torch_geometric/__init__.py:2: in <module>
    import torch_geometric.nn
torch_geometric/nn/__init__.py:2: in <module>
    from .data_parallel import DataParallel
torch_geometric/nn/data_parallel.py:5: in <module>
    from torch_geometric.data import Batch
torch_geometric/data/__init__.py:1: in <module>
    from .data import Data
torch_geometric/data/data.py:7: in <module>
    from torch_sparse import coalesce
../../miniconda3/envs/test/lib/python3.7/site-packages/torch_sparse-0.4.0-py3.7-linux-x86_64.egg/torch_sparse/__init__.py:2: in <module>
    from .coalesce import coalesce
../../miniconda3/envs/test/lib/python3.7/site-packages/torch_sparse-0.4.0-py3.7-linux-x86_64.egg/torch_sparse/coalesce.py:2: in <module>
    import torch_scatter
../../miniconda3/envs/test/lib/python3.7/site-packages/torch_scatter-1.3.1-py3.7-linux-x86_64.egg/torch_scatter/__init__.py:3: in <module>
    from .mul import scatter_mul
../../miniconda3/envs/test/lib/python3.7/site-packages/torch_scatter-1.3.1-py3.7-linux-x86_64.egg/torch_scatter/mul.py:3: in <module>
    from torch_scatter.utils.ext import get_func
../../miniconda3/envs/test/lib/python3.7/site-packages/torch_scatter-1.3.1-py3.7-linux-x86_64.egg/torch_scatter/utils/ext.py:2: in <module>
    import torch_scatter.scatter_cpu
E   ImportError: /home/matthias.barth/miniconda3/envs/test/lib/python3.7/site-packages/torch_scatter-1.3.1-py3.7-linux-x86_64.egg/torch_scatter/scatter_cpu.cpython-37m-x86_64-linux-gnu.so: undefined symbol: _ZN6caffe26detail37_typeMetaDataInstance_preallocated_32E
_________________ ERROR collecting test/utils/test_dropout.py __________________
ImportError while importing test module '/home/matthias.barth/test/pytorch_geometric/test/utils/test_dropout.py'.
Hint: make sure your test modules/packages have valid Python names.
Traceback:
test/utils/test_dropout.py:2: in <module>
    from torch_geometric.utils import dropout_adj
torch_geometric/__init__.py:2: in <module>
    import torch_geometric.nn
torch_geometric/nn/__init__.py:2: in <module>
    from .data_parallel import DataParallel
torch_geometric/nn/data_parallel.py:5: in <module>
    from torch_geometric.data import Batch
torch_geometric/data/__init__.py:1: in <module>
    from .data import Data
torch_geometric/data/data.py:7: in <module>
    from torch_sparse import coalesce
../../miniconda3/envs/test/lib/python3.7/site-packages/torch_sparse-0.4.0-py3.7-linux-x86_64.egg/torch_sparse/__init__.py:2: in <module>
    from .coalesce import coalesce
../../miniconda3/envs/test/lib/python3.7/site-packages/torch_sparse-0.4.0-py3.7-linux-x86_64.egg/torch_sparse/coalesce.py:2: in <module>
    import torch_scatter
../../miniconda3/envs/test/lib/python3.7/site-packages/torch_scatter-1.3.1-py3.7-linux-x86_64.egg/torch_scatter/__init__.py:3: in <module>
    from .mul import scatter_mul
../../miniconda3/envs/test/lib/python3.7/site-packages/torch_scatter-1.3.1-py3.7-linux-x86_64.egg/torch_scatter/mul.py:3: in <module>
    from torch_scatter.utils.ext import get_func
../../miniconda3/envs/test/lib/python3.7/site-packages/torch_scatter-1.3.1-py3.7-linux-x86_64.egg/torch_scatter/utils/ext.py:2: in <module>
    import torch_scatter.scatter_cpu
E   ImportError: /home/matthias.barth/miniconda3/envs/test/lib/python3.7/site-packages/torch_scatter-1.3.1-py3.7-linux-x86_64.egg/torch_scatter/scatter_cpu.cpython-37m-x86_64-linux-gnu.so: undefined symbol: _ZN6caffe26detail37_typeMetaDataInstance_preallocated_32E
_________________ ERROR collecting test/utils/test_geodesic.py _________________
ImportError while importing test module '/home/matthias.barth/test/pytorch_geometric/test/utils/test_geodesic.py'.
Hint: make sure your test modules/packages have valid Python names.
Traceback:
test/utils/test_geodesic.py:4: in <module>
    from torch_geometric.utils import geodesic_distance
torch_geometric/__init__.py:2: in <module>
    import torch_geometric.nn
torch_geometric/nn/__init__.py:2: in <module>
    from .data_parallel import DataParallel
torch_geometric/nn/data_parallel.py:5: in <module>
    from torch_geometric.data import Batch
torch_geometric/data/__init__.py:1: in <module>
    from .data import Data
torch_geometric/data/data.py:7: in <module>
    from torch_sparse import coalesce
../../miniconda3/envs/test/lib/python3.7/site-packages/torch_sparse-0.4.0-py3.7-linux-x86_64.egg/torch_sparse/__init__.py:2: in <module>
    from .coalesce import coalesce
../../miniconda3/envs/test/lib/python3.7/site-packages/torch_sparse-0.4.0-py3.7-linux-x86_64.egg/torch_sparse/coalesce.py:2: in <module>
    import torch_scatter
../../miniconda3/envs/test/lib/python3.7/site-packages/torch_scatter-1.3.1-py3.7-linux-x86_64.egg/torch_scatter/__init__.py:3: in <module>
    from .mul import scatter_mul
../../miniconda3/envs/test/lib/python3.7/site-packages/torch_scatter-1.3.1-py3.7-linux-x86_64.egg/torch_scatter/mul.py:3: in <module>
    from torch_scatter.utils.ext import get_func
../../miniconda3/envs/test/lib/python3.7/site-packages/torch_scatter-1.3.1-py3.7-linux-x86_64.egg/torch_scatter/utils/ext.py:2: in <module>
    import torch_scatter.scatter_cpu
E   ImportError: /home/matthias.barth/miniconda3/envs/test/lib/python3.7/site-packages/torch_scatter-1.3.1-py3.7-linux-x86_64.egg/torch_scatter/scatter_cpu.cpython-37m-x86_64-linux-gnu.so: undefined symbol: _ZN6caffe26detail37_typeMetaDataInstance_preallocated_32E
______________ ERROR collecting test/utils/test_get_laplacian.py _______________
ImportError while importing test module '/home/matthias.barth/test/pytorch_geometric/test/utils/test_get_laplacian.py'.
Hint: make sure your test modules/packages have valid Python names.
Traceback:
test/utils/test_get_laplacian.py:2: in <module>
    from torch_geometric.utils import get_laplacian
torch_geometric/__init__.py:2: in <module>
    import torch_geometric.nn
torch_geometric/nn/__init__.py:2: in <module>
    from .data_parallel import DataParallel
torch_geometric/nn/data_parallel.py:5: in <module>
    from torch_geometric.data import Batch
torch_geometric/data/__init__.py:1: in <module>
    from .data import Data
torch_geometric/data/data.py:7: in <module>
    from torch_sparse import coalesce
../../miniconda3/envs/test/lib/python3.7/site-packages/torch_sparse-0.4.0-py3.7-linux-x86_64.egg/torch_sparse/__init__.py:2: in <module>
    from .coalesce import coalesce
../../miniconda3/envs/test/lib/python3.7/site-packages/torch_sparse-0.4.0-py3.7-linux-x86_64.egg/torch_sparse/coalesce.py:2: in <module>
    import torch_scatter
../../miniconda3/envs/test/lib/python3.7/site-packages/torch_scatter-1.3.1-py3.7-linux-x86_64.egg/torch_scatter/__init__.py:3: in <module>
    from .mul import scatter_mul
../../miniconda3/envs/test/lib/python3.7/site-packages/torch_scatter-1.3.1-py3.7-linux-x86_64.egg/torch_scatter/mul.py:3: in <module>
    from torch_scatter.utils.ext import get_func
../../miniconda3/envs/test/lib/python3.7/site-packages/torch_scatter-1.3.1-py3.7-linux-x86_64.egg/torch_scatter/utils/ext.py:2: in <module>
    import torch_scatter.scatter_cpu
E   ImportError: /home/matthias.barth/miniconda3/envs/test/lib/python3.7/site-packages/torch_scatter-1.3.1-py3.7-linux-x86_64.egg/torch_scatter/scatter_cpu.cpython-37m-x86_64-linux-gnu.so: undefined symbol: _ZN6caffe26detail37_typeMetaDataInstance_preallocated_32E
___________________ ERROR collecting test/utils/test_grid.py ___________________
ImportError while importing test module '/home/matthias.barth/test/pytorch_geometric/test/utils/test_grid.py'.
Hint: make sure your test modules/packages have valid Python names.
Traceback:
test/utils/test_grid.py:1: in <module>
    from torch_geometric.utils import grid
torch_geometric/__init__.py:2: in <module>
    import torch_geometric.nn
torch_geometric/nn/__init__.py:2: in <module>
    from .data_parallel import DataParallel
torch_geometric/nn/data_parallel.py:5: in <module>
    from torch_geometric.data import Batch
torch_geometric/data/__init__.py:1: in <module>
    from .data import Data
torch_geometric/data/data.py:7: in <module>
    from torch_sparse import coalesce
../../miniconda3/envs/test/lib/python3.7/site-packages/torch_sparse-0.4.0-py3.7-linux-x86_64.egg/torch_sparse/__init__.py:2: in <module>
    from .coalesce import coalesce
../../miniconda3/envs/test/lib/python3.7/site-packages/torch_sparse-0.4.0-py3.7-linux-x86_64.egg/torch_sparse/coalesce.py:2: in <module>
    import torch_scatter
../../miniconda3/envs/test/lib/python3.7/site-packages/torch_scatter-1.3.1-py3.7-linux-x86_64.egg/torch_scatter/__init__.py:3: in <module>
    from .mul import scatter_mul
../../miniconda3/envs/test/lib/python3.7/site-packages/torch_scatter-1.3.1-py3.7-linux-x86_64.egg/torch_scatter/mul.py:3: in <module>
    from torch_scatter.utils.ext import get_func
../../miniconda3/envs/test/lib/python3.7/site-packages/torch_scatter-1.3.1-py3.7-linux-x86_64.egg/torch_scatter/utils/ext.py:2: in <module>
    import torch_scatter.scatter_cpu
E   ImportError: /home/matthias.barth/miniconda3/envs/test/lib/python3.7/site-packages/torch_scatter-1.3.1-py3.7-linux-x86_64.egg/torch_scatter/scatter_cpu.cpython-37m-x86_64-linux-gnu.so: undefined symbol: _ZN6caffe26detail37_typeMetaDataInstance_preallocated_32E
_________________ ERROR collecting test/utils/test_isolated.py _________________
ImportError while importing test module '/home/matthias.barth/test/pytorch_geometric/test/utils/test_isolated.py'.
Hint: make sure your test modules/packages have valid Python names.
Traceback:
test/utils/test_isolated.py:2: in <module>
    from torch_geometric.utils import (contains_isolated_nodes,
torch_geometric/__init__.py:2: in <module>
    import torch_geometric.nn
torch_geometric/nn/__init__.py:2: in <module>
    from .data_parallel import DataParallel
torch_geometric/nn/data_parallel.py:5: in <module>
    from torch_geometric.data import Batch
torch_geometric/data/__init__.py:1: in <module>
    from .data import Data
torch_geometric/data/data.py:7: in <module>
    from torch_sparse import coalesce
../../miniconda3/envs/test/lib/python3.7/site-packages/torch_sparse-0.4.0-py3.7-linux-x86_64.egg/torch_sparse/__init__.py:2: in <module>
    from .coalesce import coalesce
../../miniconda3/envs/test/lib/python3.7/site-packages/torch_sparse-0.4.0-py3.7-linux-x86_64.egg/torch_sparse/coalesce.py:2: in <module>
    import torch_scatter
../../miniconda3/envs/test/lib/python3.7/site-packages/torch_scatter-1.3.1-py3.7-linux-x86_64.egg/torch_scatter/__init__.py:3: in <module>
    from .mul import scatter_mul
../../miniconda3/envs/test/lib/python3.7/site-packages/torch_scatter-1.3.1-py3.7-linux-x86_64.egg/torch_scatter/mul.py:3: in <module>
    from torch_scatter.utils.ext import get_func
../../miniconda3/envs/test/lib/python3.7/site-packages/torch_scatter-1.3.1-py3.7-linux-x86_64.egg/torch_scatter/utils/ext.py:2: in <module>
    import torch_scatter.scatter_cpu
E   ImportError: /home/matthias.barth/miniconda3/envs/test/lib/python3.7/site-packages/torch_scatter-1.3.1-py3.7-linux-x86_64.egg/torch_scatter/scatter_cpu.cpython-37m-x86_64-linux-gnu.so: undefined symbol: _ZN6caffe26detail37_typeMetaDataInstance_preallocated_32E
___________________ ERROR collecting test/utils/test_loop.py ___________________
ImportError while importing test module '/home/matthias.barth/test/pytorch_geometric/test/utils/test_loop.py'.
Hint: make sure your test modules/packages have valid Python names.
Traceback:
test/utils/test_loop.py:2: in <module>
    from torch_geometric.utils import (contains_self_loops, remove_self_loops,
torch_geometric/__init__.py:2: in <module>
    import torch_geometric.nn
torch_geometric/nn/__init__.py:2: in <module>
    from .data_parallel import DataParallel
torch_geometric/nn/data_parallel.py:5: in <module>
    from torch_geometric.data import Batch
torch_geometric/data/__init__.py:1: in <module>
    from .data import Data
torch_geometric/data/data.py:7: in <module>
    from torch_sparse import coalesce
../../miniconda3/envs/test/lib/python3.7/site-packages/torch_sparse-0.4.0-py3.7-linux-x86_64.egg/torch_sparse/__init__.py:2: in <module>
    from .coalesce import coalesce
../../miniconda3/envs/test/lib/python3.7/site-packages/torch_sparse-0.4.0-py3.7-linux-x86_64.egg/torch_sparse/coalesce.py:2: in <module>
    import torch_scatter
../../miniconda3/envs/test/lib/python3.7/site-packages/torch_scatter-1.3.1-py3.7-linux-x86_64.egg/torch_scatter/__init__.py:3: in <module>
    from .mul import scatter_mul
../../miniconda3/envs/test/lib/python3.7/site-packages/torch_scatter-1.3.1-py3.7-linux-x86_64.egg/torch_scatter/mul.py:3: in <module>
    from torch_scatter.utils.ext import get_func
../../miniconda3/envs/test/lib/python3.7/site-packages/torch_scatter-1.3.1-py3.7-linux-x86_64.egg/torch_scatter/utils/ext.py:2: in <module>
    import torch_scatter.scatter_cpu
E   ImportError: /home/matthias.barth/miniconda3/envs/test/lib/python3.7/site-packages/torch_scatter-1.3.1-py3.7-linux-x86_64.egg/torch_scatter/scatter_cpu.cpython-37m-x86_64-linux-gnu.so: undefined symbol: _ZN6caffe26detail37_typeMetaDataInstance_preallocated_32E
__________________ ERROR collecting test/utils/test_metric.py __________________
ImportError while importing test module '/home/matthias.barth/test/pytorch_geometric/test/utils/test_metric.py'.
Hint: make sure your test modules/packages have valid Python names.
Traceback:
test/utils/test_metric.py:4: in <module>
    from torch_geometric.utils import (accuracy, true_positive, true_negative,
torch_geometric/__init__.py:2: in <module>
    import torch_geometric.nn
torch_geometric/nn/__init__.py:2: in <module>
    from .data_parallel import DataParallel
torch_geometric/nn/data_parallel.py:5: in <module>
    from torch_geometric.data import Batch
torch_geometric/data/__init__.py:1: in <module>
    from .data import Data
torch_geometric/data/data.py:7: in <module>
    from torch_sparse import coalesce
../../miniconda3/envs/test/lib/python3.7/site-packages/torch_sparse-0.4.0-py3.7-linux-x86_64.egg/torch_sparse/__init__.py:2: in <module>
    from .coalesce import coalesce
../../miniconda3/envs/test/lib/python3.7/site-packages/torch_sparse-0.4.0-py3.7-linux-x86_64.egg/torch_sparse/coalesce.py:2: in <module>
    import torch_scatter
../../miniconda3/envs/test/lib/python3.7/site-packages/torch_scatter-1.3.1-py3.7-linux-x86_64.egg/torch_scatter/__init__.py:3: in <module>
    from .mul import scatter_mul
../../miniconda3/envs/test/lib/python3.7/site-packages/torch_scatter-1.3.1-py3.7-linux-x86_64.egg/torch_scatter/mul.py:3: in <module>
    from torch_scatter.utils.ext import get_func
../../miniconda3/envs/test/lib/python3.7/site-packages/torch_scatter-1.3.1-py3.7-linux-x86_64.egg/torch_scatter/utils/ext.py:2: in <module>
    import torch_scatter.scatter_cpu
E   ImportError: /home/matthias.barth/miniconda3/envs/test/lib/python3.7/site-packages/torch_scatter-1.3.1-py3.7-linux-x86_64.egg/torch_scatter/scatter_cpu.cpython-37m-x86_64-linux-gnu.so: undefined symbol: _ZN6caffe26detail37_typeMetaDataInstance_preallocated_32E
____________ ERROR collecting test/utils/test_negative_sampling.py _____________
ImportError while importing test module '/home/matthias.barth/test/pytorch_geometric/test/utils/test_negative_sampling.py'.
Hint: make sure your test modules/packages have valid Python names.
Traceback:
test/utils/test_negative_sampling.py:2: in <module>
    from torch_geometric.utils import (negative_sampling,
torch_geometric/__init__.py:2: in <module>
    import torch_geometric.nn
torch_geometric/nn/__init__.py:2: in <module>
    from .data_parallel import DataParallel
torch_geometric/nn/data_parallel.py:5: in <module>
    from torch_geometric.data import Batch
torch_geometric/data/__init__.py:1: in <module>
    from .data import Data
torch_geometric/data/data.py:7: in <module>
    from torch_sparse import coalesce
../../miniconda3/envs/test/lib/python3.7/site-packages/torch_sparse-0.4.0-py3.7-linux-x86_64.egg/torch_sparse/__init__.py:2: in <module>
    from .coalesce import coalesce
../../miniconda3/envs/test/lib/python3.7/site-packages/torch_sparse-0.4.0-py3.7-linux-x86_64.egg/torch_sparse/coalesce.py:2: in <module>
    import torch_scatter
../../miniconda3/envs/test/lib/python3.7/site-packages/torch_scatter-1.3.1-py3.7-linux-x86_64.egg/torch_scatter/__init__.py:3: in <module>
    from .mul import scatter_mul
../../miniconda3/envs/test/lib/python3.7/site-packages/torch_scatter-1.3.1-py3.7-linux-x86_64.egg/torch_scatter/mul.py:3: in <module>
    from torch_scatter.utils.ext import get_func
../../miniconda3/envs/test/lib/python3.7/site-packages/torch_scatter-1.3.1-py3.7-linux-x86_64.egg/torch_scatter/utils/ext.py:2: in <module>
    import torch_scatter.scatter_cpu
E   ImportError: /home/matthias.barth/miniconda3/envs/test/lib/python3.7/site-packages/torch_scatter-1.3.1-py3.7-linux-x86_64.egg/torch_scatter/scatter_cpu.cpython-37m-x86_64-linux-gnu.so: undefined symbol: _ZN6caffe26detail37_typeMetaDataInstance_preallocated_32E
______________ ERROR collecting test/utils/test_normalized_cut.py ______________
ImportError while importing test module '/home/matthias.barth/test/pytorch_geometric/test/utils/test_normalized_cut.py'.
Hint: make sure your test modules/packages have valid Python names.
Traceback:
test/utils/test_normalized_cut.py:2: in <module>
    from torch_geometric.utils import normalized_cut
torch_geometric/__init__.py:2: in <module>
    import torch_geometric.nn
torch_geometric/nn/__init__.py:2: in <module>
    from .data_parallel import DataParallel
torch_geometric/nn/data_parallel.py:5: in <module>
    from torch_geometric.data import Batch
torch_geometric/data/__init__.py:1: in <module>
    from .data import Data
torch_geometric/data/data.py:7: in <module>
    from torch_sparse import coalesce
../../miniconda3/envs/test/lib/python3.7/site-packages/torch_sparse-0.4.0-py3.7-linux-x86_64.egg/torch_sparse/__init__.py:2: in <module>
    from .coalesce import coalesce
../../miniconda3/envs/test/lib/python3.7/site-packages/torch_sparse-0.4.0-py3.7-linux-x86_64.egg/torch_sparse/coalesce.py:2: in <module>
    import torch_scatter
../../miniconda3/envs/test/lib/python3.7/site-packages/torch_scatter-1.3.1-py3.7-linux-x86_64.egg/torch_scatter/__init__.py:3: in <module>
    from .mul import scatter_mul
../../miniconda3/envs/test/lib/python3.7/site-packages/torch_scatter-1.3.1-py3.7-linux-x86_64.egg/torch_scatter/mul.py:3: in <module>
    from torch_scatter.utils.ext import get_func
../../miniconda3/envs/test/lib/python3.7/site-packages/torch_scatter-1.3.1-py3.7-linux-x86_64.egg/torch_scatter/utils/ext.py:2: in <module>
    import torch_scatter.scatter_cpu
E   ImportError: /home/matthias.barth/miniconda3/envs/test/lib/python3.7/site-packages/torch_scatter-1.3.1-py3.7-linux-x86_64.egg/torch_scatter/scatter_cpu.cpython-37m-x86_64-linux-gnu.so: undefined symbol: _ZN6caffe26detail37_typeMetaDataInstance_preallocated_32E
__________________ ERROR collecting test/utils/test_random.py __________________
ImportError while importing test module '/home/matthias.barth/test/pytorch_geometric/test/utils/test_random.py'.
Hint: make sure your test modules/packages have valid Python names.
Traceback:
test/utils/test_random.py:3: in <module>
    from torch_geometric.utils import (
torch_geometric/__init__.py:2: in <module>
    import torch_geometric.nn
torch_geometric/nn/__init__.py:2: in <module>
    from .data_parallel import DataParallel
torch_geometric/nn/data_parallel.py:5: in <module>
    from torch_geometric.data import Batch
torch_geometric/data/__init__.py:1: in <module>
    from .data import Data
torch_geometric/data/data.py:7: in <module>
    from torch_sparse import coalesce
../../miniconda3/envs/test/lib/python3.7/site-packages/torch_sparse-0.4.0-py3.7-linux-x86_64.egg/torch_sparse/__init__.py:2: in <module>
    from .coalesce import coalesce
../../miniconda3/envs/test/lib/python3.7/site-packages/torch_sparse-0.4.0-py3.7-linux-x86_64.egg/torch_sparse/coalesce.py:2: in <module>
    import torch_scatter
../../miniconda3/envs/test/lib/python3.7/site-packages/torch_scatter-1.3.1-py3.7-linux-x86_64.egg/torch_scatter/__init__.py:3: in <module>
    from .mul import scatter_mul
../../miniconda3/envs/test/lib/python3.7/site-packages/torch_scatter-1.3.1-py3.7-linux-x86_64.egg/torch_scatter/mul.py:3: in <module>
    from torch_scatter.utils.ext import get_func
../../miniconda3/envs/test/lib/python3.7/site-packages/torch_scatter-1.3.1-py3.7-linux-x86_64.egg/torch_scatter/utils/ext.py:2: in <module>
    import torch_scatter.scatter_cpu
E   ImportError: /home/matthias.barth/miniconda3/envs/test/lib/python3.7/site-packages/torch_scatter-1.3.1-py3.7-linux-x86_64.egg/torch_scatter/scatter_cpu.cpython-37m-x86_64-linux-gnu.so: undefined symbol: _ZN6caffe26detail37_typeMetaDataInstance_preallocated_32E
__________________ ERROR collecting test/utils/test_repeat.py __________________
ImportError while importing test module '/home/matthias.barth/test/pytorch_geometric/test/utils/test_repeat.py'.
Hint: make sure your test modules/packages have valid Python names.
Traceback:
test/utils/test_repeat.py:1: in <module>
    from torch_geometric.utils.repeat import repeat
torch_geometric/__init__.py:2: in <module>
    import torch_geometric.nn
torch_geometric/nn/__init__.py:2: in <module>
    from .data_parallel import DataParallel
torch_geometric/nn/data_parallel.py:5: in <module>
    from torch_geometric.data import Batch
torch_geometric/data/__init__.py:1: in <module>
    from .data import Data
torch_geometric/data/data.py:7: in <module>
    from torch_sparse import coalesce
../../miniconda3/envs/test/lib/python3.7/site-packages/torch_sparse-0.4.0-py3.7-linux-x86_64.egg/torch_sparse/__init__.py:2: in <module>
    from .coalesce import coalesce
../../miniconda3/envs/test/lib/python3.7/site-packages/torch_sparse-0.4.0-py3.7-linux-x86_64.egg/torch_sparse/coalesce.py:2: in <module>
    import torch_scatter
../../miniconda3/envs/test/lib/python3.7/site-packages/torch_scatter-1.3.1-py3.7-linux-x86_64.egg/torch_scatter/__init__.py:3: in <module>
    from .mul import scatter_mul
../../miniconda3/envs/test/lib/python3.7/site-packages/torch_scatter-1.3.1-py3.7-linux-x86_64.egg/torch_scatter/mul.py:3: in <module>
    from torch_scatter.utils.ext import get_func
../../miniconda3/envs/test/lib/python3.7/site-packages/torch_scatter-1.3.1-py3.7-linux-x86_64.egg/torch_scatter/utils/ext.py:2: in <module>
    import torch_scatter.scatter_cpu
E   ImportError: /home/matthias.barth/miniconda3/envs/test/lib/python3.7/site-packages/torch_scatter-1.3.1-py3.7-linux-x86_64.egg/torch_scatter/scatter_cpu.cpython-37m-x86_64-linux-gnu.so: undefined symbol: _ZN6caffe26detail37_typeMetaDataInstance_preallocated_32E
_________________ ERROR collecting test/utils/test_scatter.py __________________
ImportError while importing test module '/home/matthias.barth/test/pytorch_geometric/test/utils/test_scatter.py'.
Hint: make sure your test modules/packages have valid Python names.
Traceback:
test/utils/test_scatter.py:2: in <module>
    from torch_geometric.utils import scatter_
torch_geometric/__init__.py:2: in <module>
    import torch_geometric.nn
torch_geometric/nn/__init__.py:2: in <module>
    from .data_parallel import DataParallel
torch_geometric/nn/data_parallel.py:5: in <module>
    from torch_geometric.data import Batch
torch_geometric/data/__init__.py:1: in <module>
    from .data import Data
torch_geometric/data/data.py:7: in <module>
    from torch_sparse import coalesce
../../miniconda3/envs/test/lib/python3.7/site-packages/torch_sparse-0.4.0-py3.7-linux-x86_64.egg/torch_sparse/__init__.py:2: in <module>
    from .coalesce import coalesce
../../miniconda3/envs/test/lib/python3.7/site-packages/torch_sparse-0.4.0-py3.7-linux-x86_64.egg/torch_sparse/coalesce.py:2: in <module>
    import torch_scatter
../../miniconda3/envs/test/lib/python3.7/site-packages/torch_scatter-1.3.1-py3.7-linux-x86_64.egg/torch_scatter/__init__.py:3: in <module>
    from .mul import scatter_mul
../../miniconda3/envs/test/lib/python3.7/site-packages/torch_scatter-1.3.1-py3.7-linux-x86_64.egg/torch_scatter/mul.py:3: in <module>
    from torch_scatter.utils.ext import get_func
../../miniconda3/envs/test/lib/python3.7/site-packages/torch_scatter-1.3.1-py3.7-linux-x86_64.egg/torch_scatter/utils/ext.py:2: in <module>
    import torch_scatter.scatter_cpu
E   ImportError: /home/matthias.barth/miniconda3/envs/test/lib/python3.7/site-packages/torch_scatter-1.3.1-py3.7-linux-x86_64.egg/torch_scatter/scatter_cpu.cpython-37m-x86_64-linux-gnu.so: undefined symbol: _ZN6caffe26detail37_typeMetaDataInstance_preallocated_32E
_________________ ERROR collecting test/utils/test_softmax.py __________________
ImportError while importing test module '/home/matthias.barth/test/pytorch_geometric/test/utils/test_softmax.py'.
Hint: make sure your test modules/packages have valid Python names.
Traceback:
test/utils/test_softmax.py:2: in <module>
    from torch_geometric.utils import softmax
torch_geometric/__init__.py:2: in <module>
    import torch_geometric.nn
torch_geometric/nn/__init__.py:2: in <module>
    from .data_parallel import DataParallel
torch_geometric/nn/data_parallel.py:5: in <module>
    from torch_geometric.data import Batch
torch_geometric/data/__init__.py:1: in <module>
    from .data import Data
torch_geometric/data/data.py:7: in <module>
    from torch_sparse import coalesce
../../miniconda3/envs/test/lib/python3.7/site-packages/torch_sparse-0.4.0-py3.7-linux-x86_64.egg/torch_sparse/__init__.py:2: in <module>
    from .coalesce import coalesce
../../miniconda3/envs/test/lib/python3.7/site-packages/torch_sparse-0.4.0-py3.7-linux-x86_64.egg/torch_sparse/coalesce.py:2: in <module>
    import torch_scatter
../../miniconda3/envs/test/lib/python3.7/site-packages/torch_scatter-1.3.1-py3.7-linux-x86_64.egg/torch_scatter/__init__.py:3: in <module>
    from .mul import scatter_mul
../../miniconda3/envs/test/lib/python3.7/site-packages/torch_scatter-1.3.1-py3.7-linux-x86_64.egg/torch_scatter/mul.py:3: in <module>
    from torch_scatter.utils.ext import get_func
../../miniconda3/envs/test/lib/python3.7/site-packages/torch_scatter-1.3.1-py3.7-linux-x86_64.egg/torch_scatter/utils/ext.py:2: in <module>
    import torch_scatter.scatter_cpu
E   ImportError: /home/matthias.barth/miniconda3/envs/test/lib/python3.7/site-packages/torch_scatter-1.3.1-py3.7-linux-x86_64.egg/torch_scatter/scatter_cpu.cpython-37m-x86_64-linux-gnu.so: undefined symbol: _ZN6caffe26detail37_typeMetaDataInstance_preallocated_32E
_____________ ERROR collecting test/utils/test_sort_edge_index.py ______________
ImportError while importing test module '/home/matthias.barth/test/pytorch_geometric/test/utils/test_sort_edge_index.py'.
Hint: make sure your test modules/packages have valid Python names.
Traceback:
test/utils/test_sort_edge_index.py:2: in <module>
    from torch_geometric.utils import sort_edge_index
torch_geometric/__init__.py:2: in <module>
    import torch_geometric.nn
torch_geometric/nn/__init__.py:2: in <module>
    from .data_parallel import DataParallel
torch_geometric/nn/data_parallel.py:5: in <module>
    from torch_geometric.data import Batch
torch_geometric/data/__init__.py:1: in <module>
    from .data import Data
torch_geometric/data/data.py:7: in <module>
    from torch_sparse import coalesce
../../miniconda3/envs/test/lib/python3.7/site-packages/torch_sparse-0.4.0-py3.7-linux-x86_64.egg/torch_sparse/__init__.py:2: in <module>
    from .coalesce import coalesce
../../miniconda3/envs/test/lib/python3.7/site-packages/torch_sparse-0.4.0-py3.7-linux-x86_64.egg/torch_sparse/coalesce.py:2: in <module>
    import torch_scatter
../../miniconda3/envs/test/lib/python3.7/site-packages/torch_scatter-1.3.1-py3.7-linux-x86_64.egg/torch_scatter/__init__.py:3: in <module>
    from .mul import scatter_mul
../../miniconda3/envs/test/lib/python3.7/site-packages/torch_scatter-1.3.1-py3.7-linux-x86_64.egg/torch_scatter/mul.py:3: in <module>
    from torch_scatter.utils.ext import get_func
../../miniconda3/envs/test/lib/python3.7/site-packages/torch_scatter-1.3.1-py3.7-linux-x86_64.egg/torch_scatter/utils/ext.py:2: in <module>
    import torch_scatter.scatter_cpu
E   ImportError: /home/matthias.barth/miniconda3/envs/test/lib/python3.7/site-packages/torch_scatter-1.3.1-py3.7-linux-x86_64.egg/torch_scatter/scatter_cpu.cpython-37m-x86_64-linux-gnu.so: undefined symbol: _ZN6caffe26detail37_typeMetaDataInstance_preallocated_32E
__________________ ERROR collecting test/utils/test_sparse.py __________________
ImportError while importing test module '/home/matthias.barth/test/pytorch_geometric/test/utils/test_sparse.py'.
Hint: make sure your test modules/packages have valid Python names.
Traceback:
test/utils/test_sparse.py:2: in <module>
    from torch_geometric.utils import dense_to_sparse
torch_geometric/__init__.py:2: in <module>
    import torch_geometric.nn
torch_geometric/nn/__init__.py:2: in <module>
    from .data_parallel import DataParallel
torch_geometric/nn/data_parallel.py:5: in <module>
    from torch_geometric.data import Batch
torch_geometric/data/__init__.py:1: in <module>
    from .data import Data
torch_geometric/data/data.py:7: in <module>
    from torch_sparse import coalesce
../../miniconda3/envs/test/lib/python3.7/site-packages/torch_sparse-0.4.0-py3.7-linux-x86_64.egg/torch_sparse/__init__.py:2: in <module>
    from .coalesce import coalesce
../../miniconda3/envs/test/lib/python3.7/site-packages/torch_sparse-0.4.0-py3.7-linux-x86_64.egg/torch_sparse/coalesce.py:2: in <module>
    import torch_scatter
../../miniconda3/envs/test/lib/python3.7/site-packages/torch_scatter-1.3.1-py3.7-linux-x86_64.egg/torch_scatter/__init__.py:3: in <module>
    from .mul import scatter_mul
../../miniconda3/envs/test/lib/python3.7/site-packages/torch_scatter-1.3.1-py3.7-linux-x86_64.egg/torch_scatter/mul.py:3: in <module>
    from torch_scatter.utils.ext import get_func
../../miniconda3/envs/test/lib/python3.7/site-packages/torch_scatter-1.3.1-py3.7-linux-x86_64.egg/torch_scatter/utils/ext.py:2: in <module>
    import torch_scatter.scatter_cpu
E   ImportError: /home/matthias.barth/miniconda3/envs/test/lib/python3.7/site-packages/torch_scatter-1.3.1-py3.7-linux-x86_64.egg/torch_scatter/scatter_cpu.cpython-37m-x86_64-linux-gnu.so: undefined symbol: _ZN6caffe26detail37_typeMetaDataInstance_preallocated_32E
_________________ ERROR collecting test/utils/test_subgraph.py _________________
ImportError while importing test module '/home/matthias.barth/test/pytorch_geometric/test/utils/test_subgraph.py'.
Hint: make sure your test modules/packages have valid Python names.
Traceback:
test/utils/test_subgraph.py:2: in <module>
    from torch_geometric.utils import subgraph
torch_geometric/__init__.py:2: in <module>
    import torch_geometric.nn
torch_geometric/nn/__init__.py:2: in <module>
    from .data_parallel import DataParallel
torch_geometric/nn/data_parallel.py:5: in <module>
    from torch_geometric.data import Batch
torch_geometric/data/__init__.py:1: in <module>
    from .data import Data
torch_geometric/data/data.py:7: in <module>
    from torch_sparse import coalesce
../../miniconda3/envs/test/lib/python3.7/site-packages/torch_sparse-0.4.0-py3.7-linux-x86_64.egg/torch_sparse/__init__.py:2: in <module>
    from .coalesce import coalesce
../../miniconda3/envs/test/lib/python3.7/site-packages/torch_sparse-0.4.0-py3.7-linux-x86_64.egg/torch_sparse/coalesce.py:2: in <module>
    import torch_scatter
../../miniconda3/envs/test/lib/python3.7/site-packages/torch_scatter-1.3.1-py3.7-linux-x86_64.egg/torch_scatter/__init__.py:3: in <module>
    from .mul import scatter_mul
../../miniconda3/envs/test/lib/python3.7/site-packages/torch_scatter-1.3.1-py3.7-linux-x86_64.egg/torch_scatter/mul.py:3: in <module>
    from torch_scatter.utils.ext import get_func
../../miniconda3/envs/test/lib/python3.7/site-packages/torch_scatter-1.3.1-py3.7-linux-x86_64.egg/torch_scatter/utils/ext.py:2: in <module>
    import torch_scatter.scatter_cpu
E   ImportError: /home/matthias.barth/miniconda3/envs/test/lib/python3.7/site-packages/torch_scatter-1.3.1-py3.7-linux-x86_64.egg/torch_scatter/scatter_cpu.cpython-37m-x86_64-linux-gnu.so: undefined symbol: _ZN6caffe26detail37_typeMetaDataInstance_preallocated_32E
_______________ ERROR collecting test/utils/test_to_dense_adj.py _______________
ImportError while importing test module '/home/matthias.barth/test/pytorch_geometric/test/utils/test_to_dense_adj.py'.
Hint: make sure your test modules/packages have valid Python names.
Traceback:
test/utils/test_to_dense_adj.py:2: in <module>
    from torch_geometric.utils import to_dense_adj
torch_geometric/__init__.py:2: in <module>
    import torch_geometric.nn
torch_geometric/nn/__init__.py:2: in <module>
    from .data_parallel import DataParallel
torch_geometric/nn/data_parallel.py:5: in <module>
    from torch_geometric.data import Batch
torch_geometric/data/__init__.py:1: in <module>
    from .data import Data
torch_geometric/data/data.py:7: in <module>
    from torch_sparse import coalesce
../../miniconda3/envs/test/lib/python3.7/site-packages/torch_sparse-0.4.0-py3.7-linux-x86_64.egg/torch_sparse/__init__.py:2: in <module>
    from .coalesce import coalesce
../../miniconda3/envs/test/lib/python3.7/site-packages/torch_sparse-0.4.0-py3.7-linux-x86_64.egg/torch_sparse/coalesce.py:2: in <module>
    import torch_scatter
../../miniconda3/envs/test/lib/python3.7/site-packages/torch_scatter-1.3.1-py3.7-linux-x86_64.egg/torch_scatter/__init__.py:3: in <module>
    from .mul import scatter_mul
../../miniconda3/envs/test/lib/python3.7/site-packages/torch_scatter-1.3.1-py3.7-linux-x86_64.egg/torch_scatter/mul.py:3: in <module>
    from torch_scatter.utils.ext import get_func
../../miniconda3/envs/test/lib/python3.7/site-packages/torch_scatter-1.3.1-py3.7-linux-x86_64.egg/torch_scatter/utils/ext.py:2: in <module>
    import torch_scatter.scatter_cpu
E   ImportError: /home/matthias.barth/miniconda3/envs/test/lib/python3.7/site-packages/torch_scatter-1.3.1-py3.7-linux-x86_64.egg/torch_scatter/scatter_cpu.cpython-37m-x86_64-linux-gnu.so: undefined symbol: _ZN6caffe26detail37_typeMetaDataInstance_preallocated_32E
______________ ERROR collecting test/utils/test_to_dense_batch.py ______________
ImportError while importing test module '/home/matthias.barth/test/pytorch_geometric/test/utils/test_to_dense_batch.py'.
Hint: make sure your test modules/packages have valid Python names.
Traceback:
test/utils/test_to_dense_batch.py:2: in <module>
    from torch_geometric.utils import to_dense_batch
torch_geometric/__init__.py:2: in <module>
    import torch_geometric.nn
torch_geometric/nn/__init__.py:2: in <module>
    from .data_parallel import DataParallel
torch_geometric/nn/data_parallel.py:5: in <module>
    from torch_geometric.data import Batch
torch_geometric/data/__init__.py:1: in <module>
    from .data import Data
torch_geometric/data/data.py:7: in <module>
    from torch_sparse import coalesce
../../miniconda3/envs/test/lib/python3.7/site-packages/torch_sparse-0.4.0-py3.7-linux-x86_64.egg/torch_sparse/__init__.py:2: in <module>
    from .coalesce import coalesce
../../miniconda3/envs/test/lib/python3.7/site-packages/torch_sparse-0.4.0-py3.7-linux-x86_64.egg/torch_sparse/coalesce.py:2: in <module>
    import torch_scatter
../../miniconda3/envs/test/lib/python3.7/site-packages/torch_scatter-1.3.1-py3.7-linux-x86_64.egg/torch_scatter/__init__.py:3: in <module>
    from .mul import scatter_mul
../../miniconda3/envs/test/lib/python3.7/site-packages/torch_scatter-1.3.1-py3.7-linux-x86_64.egg/torch_scatter/mul.py:3: in <module>
    from torch_scatter.utils.ext import get_func
../../miniconda3/envs/test/lib/python3.7/site-packages/torch_scatter-1.3.1-py3.7-linux-x86_64.egg/torch_scatter/utils/ext.py:2: in <module>
    import torch_scatter.scatter_cpu
E   ImportError: /home/matthias.barth/miniconda3/envs/test/lib/python3.7/site-packages/torch_scatter-1.3.1-py3.7-linux-x86_64.egg/torch_scatter/scatter_cpu.cpython-37m-x86_64-linux-gnu.so: undefined symbol: _ZN6caffe26detail37_typeMetaDataInstance_preallocated_32E
________________ ERROR collecting test/utils/test_undirected.py ________________
ImportError while importing test module '/home/matthias.barth/test/pytorch_geometric/test/utils/test_undirected.py'.
Hint: make sure your test modules/packages have valid Python names.
Traceback:
test/utils/test_undirected.py:2: in <module>
    from torch_geometric.utils import is_undirected, to_undirected
torch_geometric/__init__.py:2: in <module>
    import torch_geometric.nn
torch_geometric/nn/__init__.py:2: in <module>
    from .data_parallel import DataParallel
torch_geometric/nn/data_parallel.py:5: in <module>
    from torch_geometric.data import Batch
torch_geometric/data/__init__.py:1: in <module>
    from .data import Data
torch_geometric/data/data.py:7: in <module>
    from torch_sparse import coalesce
../../miniconda3/envs/test/lib/python3.7/site-packages/torch_sparse-0.4.0-py3.7-linux-x86_64.egg/torch_sparse/__init__.py:2: in <module>
    from .coalesce import coalesce
../../miniconda3/envs/test/lib/python3.7/site-packages/torch_sparse-0.4.0-py3.7-linux-x86_64.egg/torch_sparse/coalesce.py:2: in <module>
    import torch_scatter
../../miniconda3/envs/test/lib/python3.7/site-packages/torch_scatter-1.3.1-py3.7-linux-x86_64.egg/torch_scatter/__init__.py:3: in <module>
    from .mul import scatter_mul
../../miniconda3/envs/test/lib/python3.7/site-packages/torch_scatter-1.3.1-py3.7-linux-x86_64.egg/torch_scatter/mul.py:3: in <module>
    from torch_scatter.utils.ext import get_func
../../miniconda3/envs/test/lib/python3.7/site-packages/torch_scatter-1.3.1-py3.7-linux-x86_64.egg/torch_scatter/utils/ext.py:2: in <module>
    import torch_scatter.scatter_cpu
E   ImportError: /home/matthias.barth/miniconda3/envs/test/lib/python3.7/site-packages/torch_scatter-1.3.1-py3.7-linux-x86_64.egg/torch_scatter/scatter_cpu.cpython-37m-x86_64-linux-gnu.so: undefined symbol: _ZN6caffe26detail37_typeMetaDataInstance_preallocated_32E
____________ ERROR collecting test/visualization/test_influence.py _____________
ImportError while importing test module '/home/matthias.barth/test/pytorch_geometric/test/visualization/test_influence.py'.
Hint: make sure your test modules/packages have valid Python names.
Traceback:
test/visualization/test_influence.py:2: in <module>
    from torch_geometric.datasets import KarateClub
torch_geometric/__init__.py:2: in <module>
    import torch_geometric.nn
torch_geometric/nn/__init__.py:2: in <module>
    from .data_parallel import DataParallel
torch_geometric/nn/data_parallel.py:5: in <module>
    from torch_geometric.data import Batch
torch_geometric/data/__init__.py:1: in <module>
    from .data import Data
torch_geometric/data/data.py:7: in <module>
    from torch_sparse import coalesce
../../miniconda3/envs/test/lib/python3.7/site-packages/torch_sparse-0.4.0-py3.7-linux-x86_64.egg/torch_sparse/__init__.py:2: in <module>
    from .coalesce import coalesce
../../miniconda3/envs/test/lib/python3.7/site-packages/torch_sparse-0.4.0-py3.7-linux-x86_64.egg/torch_sparse/coalesce.py:2: in <module>
    import torch_scatter
../../miniconda3/envs/test/lib/python3.7/site-packages/torch_scatter-1.3.1-py3.7-linux-x86_64.egg/torch_scatter/__init__.py:3: in <module>
    from .mul import scatter_mul
../../miniconda3/envs/test/lib/python3.7/site-packages/torch_scatter-1.3.1-py3.7-linux-x86_64.egg/torch_scatter/mul.py:3: in <module>
    from torch_scatter.utils.ext import get_func
../../miniconda3/envs/test/lib/python3.7/site-packages/torch_scatter-1.3.1-py3.7-linux-x86_64.egg/torch_scatter/utils/ext.py:2: in <module>
    import torch_scatter.scatter_cpu
E   ImportError: /home/matthias.barth/miniconda3/envs/test/lib/python3.7/site-packages/torch_scatter-1.3.1-py3.7-linux-x86_64.egg/torch_scatter/scatter_cpu.cpython-37m-x86_64-linux-gnu.so: undefined symbol: _ZN6caffe26detail37_typeMetaDataInstance_preallocated_32E

----------- coverage: platform linux, python 3.7.4-final-0 -----------
Name                                                  Stmts   Miss  Cover
-------------------------------------------------------------------------
torch_geometric/__init__.py                               8      6    25%
torch_geometric/data/__init__.py                          9      8    11%
torch_geometric/data/batch.py                            67     67     0%
torch_geometric/data/data.py                            145    140     3%
torch_geometric/data/dataloader.py                       17     17     0%
torch_geometric/data/dataset.py                          47     47     0%
torch_geometric/data/download.py                         14     14     0%
torch_geometric/data/in_memory_dataset.py                69     69     0%
torch_geometric/data/makedirs.py                          6      6     0%
torch_geometric/data/sampler.py                         151    151     0%
torch_geometric/debug.py                                 22     11    50%
torch_geometric/nn/__init__.py                           10      8    20%
torch_geometric/nn/conv/__init__.py                      26     26     0%
torch_geometric/nn/conv/agnn_conv.py                     28     28     0%
torch_geometric/nn/conv/appnp.py                         18     18     0%
torch_geometric/nn/conv/arma_conv.py                     65     65     0%
torch_geometric/nn/conv/cheb_conv.py                     51     51     0%
torch_geometric/nn/conv/dna_conv.py                     118    118     0%
torch_geometric/nn/conv/edge_conv.py                     27     27     0%
torch_geometric/nn/conv/feast_conv.py                    38     38     0%
torch_geometric/nn/conv/gat_conv.py                      53     53     0%
torch_geometric/nn/conv/gated_graph_conv.py              33     33     0%
torch_geometric/nn/conv/gcn_conv.py                      51     51     0%
torch_geometric/nn/conv/gin_conv.py                      25     25     0%
torch_geometric/nn/conv/gmm_conv.py                      59     59     0%
torch_geometric/nn/conv/graph_conv.py                    24     24     0%
torch_geometric/nn/conv/hypergraph_conv.py               73     73     0%
torch_geometric/nn/conv/message_passing.py               58     58     0%
torch_geometric/nn/conv/nn_conv.py                       36     36     0%
torch_geometric/nn/conv/point_conv.py                    31     31     0%
torch_geometric/nn/conv/ppf_conv.py                      36     36     0%
torch_geometric/nn/conv/rgcn_conv.py                     46     46     0%
torch_geometric/nn/conv/sage_conv.py                     36     36     0%
torch_geometric/nn/conv/sg_conv.py                       33     33     0%
torch_geometric/nn/conv/signed_conv.py                   30     30     0%
torch_geometric/nn/conv/spline_conv.py                   56     56     0%
torch_geometric/nn/conv/tag_conv.py                      33     33     0%
torch_geometric/nn/conv/x_conv.py                        59     59     0%
torch_geometric/nn/dense/__init__.py                      5      5     0%
torch_geometric/nn/dense/dense_gcn_conv.py               35     35     0%
torch_geometric/nn/dense/dense_gin_conv.py               27     27     0%
torch_geometric/nn/dense/dense_sage_conv.py              37     37     0%
torch_geometric/nn/dense/diff_pool.py                    18     18     0%
torch_geometric/nn/glob/__init__.py                       5      5     0%
torch_geometric/nn/glob/attention.py                     23     23     0%
torch_geometric/nn/glob/glob.py                          10     10     0%
torch_geometric/nn/glob/set2set.py                       28     28     0%
torch_geometric/nn/glob/sort.py                          20     20     0%
torch_geometric/nn/inits.py                              31     31     0%
torch_geometric/nn/meta.py                               23     17    26%
torch_geometric/nn/models/__init__.py                     8      8     0%
torch_geometric/nn/models/autoencoder.py                123    123     0%
torch_geometric/nn/models/deep_graph_infomax.py          37     37     0%
torch_geometric/nn/models/graph_unet.py                  77     77     0%
torch_geometric/nn/models/jumping_knowledge.py           32     32     0%
torch_geometric/nn/models/node2vec.py                    52     52     0%
torch_geometric/nn/models/re_net.py                      93     93     0%
torch_geometric/nn/models/signed_gcn.py                  93     93     0%
torch_geometric/nn/pool/__init__.py                       9      9     0%
torch_geometric/nn/pool/avg_pool.py                      23     23     0%
torch_geometric/nn/pool/consecutive.py                    6      6     0%
torch_geometric/nn/pool/edge_pool.py                     76     76     0%
torch_geometric/nn/pool/graclus.py                        4      4     0%
torch_geometric/nn/pool/max_pool.py                      23     23     0%
torch_geometric/nn/pool/pool.py                          14     14     0%
torch_geometric/nn/pool/sag_pool.py                      33     33     0%
torch_geometric/nn/pool/topk_pool.py                     69     69     0%
torch_geometric/nn/pool/voxel_grid.py                    20     20     0%
torch_geometric/nn/reshape.py                            10     10     0%
torch_geometric/nn/unpool/__init__.py                     2      2     0%
torch_geometric/nn/unpool/knn_interpolate.py             13     13     0%
torch_geometric/transforms/__init__.py                   35     35     0%
torch_geometric/transforms/add_self_loops.py             13     13     0%
torch_geometric/transforms/cartesian.py                  20     20     0%
torch_geometric/transforms/center.py                      6      6     0%
torch_geometric/transforms/compose.py                    10     10     0%
torch_geometric/transforms/constant.py                   15     15     0%
torch_geometric/transforms/delaunay.py                   14     14     0%
torch_geometric/transforms/distance.py                   18     18     0%
torch_geometric/transforms/face_to_edge.py               15     15     0%
torch_geometric/transforms/fixed_points.py               22     22     0%
torch_geometric/transforms/generate_mesh_normals.py      18     18     0%
torch_geometric/transforms/knn_graph.py                  18     18     0%
torch_geometric/transforms/laplacian_lambda_max.py       21     21     0%
torch_geometric/transforms/line_graph.py                 42     42     0%
torch_geometric/transforms/linear_transformation.py      13     13     0%
torch_geometric/transforms/local_cartesian.py            19     19     0%
torch_geometric/transforms/local_degree_profile.py       24     24     0%
torch_geometric/transforms/normalize_features.py          6      6     0%
torch_geometric/transforms/normalize_rotation.py         19     19     0%
torch_geometric/transforms/normalize_scale.py            11     11     0%
torch_geometric/transforms/one_hot_degree.py             19     19     0%
torch_geometric/transforms/point_pair_features.py        20     20     0%
torch_geometric/transforms/polar.py                      25     25     0%
torch_geometric/transforms/radius_graph.py               14     14     0%
torch_geometric/transforms/random_flip.py                13     13     0%
torch_geometric/transforms/random_rotate.py              25     25     0%
torch_geometric/transforms/random_scale.py               11     11     0%
torch_geometric/transforms/random_shear.py               13     13     0%
torch_geometric/transforms/random_translate.py           18     18     0%
torch_geometric/transforms/remove_isolated_nodes.py      16     16     0%
torch_geometric/transforms/sample_points.py              33     33     0%
torch_geometric/transforms/spherical.py                  27     27     0%
torch_geometric/transforms/target_indegree.py            21     21     0%
torch_geometric/transforms/to_dense.py                   35     35     0%
torch_geometric/transforms/two_hop.py                    23     23     0%
torch_geometric/utils/__init__.py                        22     22     0%
torch_geometric/utils/convert.py                         52     52     0%
torch_geometric/utils/degree.py                           6      6     0%
torch_geometric/utils/dropout.py                         23     23     0%
torch_geometric/utils/geodesic.py                        32     32     0%
torch_geometric/utils/get_laplacian.py                   24     24     0%
torch_geometric/utils/grid.py                            28     28     0%
torch_geometric/utils/isolated.py                        28     28     0%
torch_geometric/utils/loop.py                            46     46     0%
torch_geometric/utils/metric.py                          58     58     0%
torch_geometric/utils/negative_sampling.py               35     35     0%
torch_geometric/utils/normalized_cut.py                   7      7     0%
torch_geometric/utils/num_nodes.py                        2      2     0%
torch_geometric/utils/random.py                          53     53     0%
torch_geometric/utils/repeat.py                          12     12     0%
torch_geometric/utils/scatter.py                         11     11     0%
torch_geometric/utils/softmax.py                          8      8     0%
torch_geometric/utils/sort_edge_index.py                  6      6     0%
torch_geometric/utils/sparse.py                           5      5     0%
torch_geometric/utils/subgraph.py                        22     22     0%
torch_geometric/utils/to_dense_adj.py                    21     21     0%
torch_geometric/utils/to_dense_batch.py                  19     19     0%
torch_geometric/utils/undirected.py                      15     15     0%
torch_geometric/visualization/__init__.py                 2      2     0%
torch_geometric/visualization/influence.py               10     10     0%
-------------------------------------------------------------------------
TOTAL                                                  4006   3979     1%

!!!!!!!!!!!!!!!!!! Interrupted: 121 errors during collection !!!!!!!!!!!!!!!!!!!
============================== 121 error in 4.19s ==============================
